12-31 17:18:43.698 24828 24978 W AstScreen.AssistantSuggestionUtil: getExplicitActivityIntent, resolveInfo is not compatibale, return null Intent { act=android.intent.action.VIEW dat=qqmusic://qq.com/ui/search?p={"type":"--","query":""}&source=https://y.qq.com/m/index.html?ADTAG=hz_cs_OPPOzhiling3 }
12-31 17:18:43.698 24828 24978 I AstScreen.AsRouter: checkUrl
12-31 17:18:43.699 24828 24978 W AstScreen.AssistantSuggestionUtil: getExplicitActivityIntent, resolveInfo is not compatibale, return null Intent { act=android.intent.action.VIEW dat=qqmusic://qq.com/ui/recognize?p={}&source=https://y.qq.com/m/index.html?ADTAG=hz_cs_OPPOzhiling4 }
12-31 17:18:43.699 24828 24978 I AstScreen.AsRouter: checkUrl
12-31 17:18:43.700 24828 24978 W AstScreen.AssistantSuggestionUtil: getExplicitActivityIntent, resolveInfo is not compatibale, return null Intent { act=android.intent.action.VIEW dat=youku://usercenter/openDownloaded?source=oppoHiBoard }
12-31 17:18:43.700 24828 24978 I AstScreen.AsRouter: checkUrl
12-31 17:18:43.701 24828 24978 W AstScreen.AssistantSuggestionUtil: getExplicitActivityIntent, resolveInfo is not compatibale, return null Intent { act=android.intent.action.VIEW dat=youku://usercenter/openHistory?source=oppoHiBoard }
12-31 17:18:43.701 24828 24978 I AstScreen.AsRouter: checkUrl
12-31 17:18:43.702 24828 24978 W AstScreen.AssistantSuggestionUtil: getExplicitActivityIntent, resolveInfo is not compatibale, return null Intent { act=android.intent.action.VIEW dat=youku://soku/search?source=oppoHiBoard }
12-31 17:18:43.702 24828 24978 I AstScreen.AsRouter: checkUrl
12-31 17:18:43.704 24828 24978 I AstScreen.AsRouter: checkUrl
12-31 17:18:43.704 24828 24978 W AstScreen.AssistantSuggestionUtil: getExplicitActivityIntent, resolveInfo is not compatibale, return null Intent { act=android.intent.action.VIEW dat=kwai://tube/square?handpickTubeIds=3_5_7&pageType=1&openFrom=oppo_xxl_lh_kuaijie1 }
12-31 17:18:43.705 24828 24978 I AstScreen.AsRouter: checkUrl
12-31 17:18:43.706 24828 24978 W AstScreen.AssistantSuggestionUtil: getExplicitActivityIntent, resolveInfo is not compatibale, return null Intent { act=android.intent.action.VIEW dat=kwai://rank/aggregation?type=1&openFrom=oppo_xxl_lh_kuaijie2 }
12-31 17:18:43.710 24828 32138 D DataChannel.ClientProxy.: processObserve size is: 1323
12-31 17:18:43.711 24828 24884 D ClientProxyImpl(com.oplus.assistantscreen.card.shortcuts.ShortcutsCardWidgetProvider): runCallback callbackId = [card:0&1&0], isOnceCallback = [false]}
12-31 17:18:43.713 24828 24978 I AstScreen.AsRouter: checkUrl
12-31 17:18:43.718 24828 24978 I AstScreen.AsRouter: checkUrl
12-31 17:18:43.719 24828 24978 D MicroMsg.SDK.WXMsgImplComm: check signature:308202eb30820254a00302010202044d36f7a4300d06092a864886f70d01010505003081b9310b300906035504061302383631123010060355040813094775616e67646f6e673111300f060355040713085368656e7a68656e31353033060355040a132c54656e63656e7420546563686e6f6c6f6779285368656e7a68656e2920436f6d70616e79204c696d69746564313a3038060355040b133154656e63656e74204775616e677a686f7520526573656172636820616e6420446576656c6f706d656e742043656e7465723110300e0603550403130754656e63656e74301e170d3131303131393134333933325a170d3431303131313134333933325a3081b9310b300906035504061302383631123010060355040813094775616e67646f6e673111300f060355040713085368656e7a68656e31353033060355040a132c54656e63656e7420546563686e6f6c6f6779285368656e7a68656e2920436f6d70616e79204c696d69746564313a3038060355040b133154656e63656e74204775616e677a686f7520526573656172636820616e6420446576656c6f706d656e742043656e7465723110300e0603550403130754656e63656e7430819f300d06092a864886f70d010101050003818d0030818902818100c05f34b231b083fb1323670bfbe7bdab40c0c0a6efc87ef2072a1ff0d60cc67c8edb0d0847f210bea6cbfaa241be70c86daf56be08b723c859e52428a064555d80db448cdcacc1aea2501eba06f8bad12a4fa49d85cacd7abeb68945a5cb5e061629b52e3254c373550ee4e40cb7c8ae6f7a8151ccd8df582d446f39ae0c5e930203010001300d06092a864886f70d0101050500038181009c8d9d7f2f908c42081b4c764c377109a8b2c70582422125ce545842d5f520aea69550b6bd8bfd94e987b75a3077eb04ad341f481aac266e89d3864456e69fba13df018acdc168b9a19dfd7ad9d9cc6f6ace57c746515f71234df3a053e33ba93ece5cd0fc15f3e389a3f365588a9fcb439e069d3629cd7732a13fff7b891499
12-31 17:18:43.719 24828 24978 D MicroMsg.SDK.WXMsgImplComm: pass
12-31 17:18:43.719 24828 32322 E Parcel  : Reading a NULL string not supported here.
12-31 17:18:43.721 24828 24978 D MicroMsg.SDK.WXApiImplV10: wxSdkVersion = 671092827
12-31 17:18:43.721 24828 24978 I AstScreen.n72: miniProgramSupported isSupported true
12-31 17:18:43.723 24828 24978 I AstScreen.AsRouter: checkUrl
12-31 17:18:43.728 24828 24978 I AstScreen.AsRouter: checkUrl
12-31 17:18:43.729 24828 24978 D MicroMsg.SDK.WXMsgImplComm: check signature:308202eb30820254a00302010202044d36f7a4300d06092a864886f70d01010505003081b9310b300906035504061302383631123010060355040813094775616e67646f6e673111300f060355040713085368656e7a68656e31353033060355040a132c54656e63656e7420546563686e6f6c6f6779285368656e7a68656e2920436f6d70616e79204c696d69746564313a3038060355040b133154656e63656e74204775616e677a686f7520526573656172636820616e6420446576656c6f706d656e742043656e7465723110300e0603550403130754656e63656e74301e170d3131303131393134333933325a170d3431303131313134333933325a3081b9310b300906035504061302383631123010060355040813094775616e67646f6e673111300f060355040713085368656e7a68656e31353033060355040a132c54656e63656e7420546563686e6f6c6f6779285368656e7a68656e2920436f6d70616e79204c696d69746564313a3038060355040b133154656e63656e74204775616e677a686f7520526573656172636820616e6420446576656c6f706d656e742043656e7465723110300e0603550403130754656e63656e7430819f300d06092a864886f70d010101050003818d0030818902818100c05f34b231b083fb1323670bfbe7bdab40c0c0a6efc87ef2072a1ff0d60cc67c8edb0d0847f210bea6cbfaa241be70c86daf56be08b723c859e52428a064555d80db448cdcacc1aea2501eba06f8bad12a4fa49d85cacd7abeb68945a5cb5e061629b52e3254c373550ee4e40cb7c8ae6f7a8151ccd8df582d446f39ae0c5e930203010001300d06092a864886f70d0101050500038181009c8d9d7f2f908c42081b4c764c377109a8b2c70582422125ce545842d5f520aea69550b6bd8bfd94e987b75a3077eb04ad341f481aac266e89d3864456e69fba13df018acdc168b9a19dfd7ad9d9cc6f6ace57c746515f71234df3a053e33ba93ece5cd0fc15f3e389a3f365588a9fcb439e069d3629cd7732a13fff7b891499
12-31 17:18:43.729 24828 24978 D MicroMsg.SDK.WXMsgImplComm: pass
12-31 17:18:43.729 24828 32323 E Parcel  : Reading a NULL string not supported here.
12-31 17:18:43.731 24828 24978 D MicroMsg.SDK.WXApiImplV10: wxSdkVersion = 671092827
12-31 17:18:43.731 24828 24978 I AstScreen.n72: miniProgramSupported isSupported true
12-31 17:18:43.736 24828 24978 E Parcel  : Reading a NULL string not supported here.
12-31 17:18:43.738 24828 24978 E Parcel  : Reading a NULL string not supported here.
12-31 17:18:43.740 24828 24978 I AstScreen.BreenoShortcutProviderProxy: shortcut_tag: screenShot  isAdded false
12-31 17:18:43.741 24828 24978 E Parcel  : Reading a NULL string not supported here.
12-31 17:18:43.743 24828 24978 I AstScreen.BreenoShortcutProviderProxy: shortcut_tag: navigateCompany  isAdded false
12-31 17:18:43.744 24828 24978 I AstScreen.AsRouter: checkUrl
12-31 17:18:43.761 24828 24978 I AstScreen.AsRouter: checkUrl
12-31 17:18:43.762 24828 32187 D DataChannel.ClientProxy.: processObserve size is: 3885
12-31 17:18:43.762 24828 24884 D ClientProxyImpl(card_service): runCallback callbackId = [card:0&1&0], isOnceCallback = [false]}
12-31 17:18:43.763 24828 24978 I AstScreen.AsRouter: checkUrl
12-31 17:18:43.790 24828 24978 I AstScreen.AsRouter: checkUrl
12-31 17:18:43.793 24828 24978 E Parcel  : Reading a NULL string not supported here.
12-31 17:18:43.795 24828 24978 I AstScreen.BreenoShortcutProviderProxy: shortcut_tag: screenShot  isAdded false
12-31 17:18:43.795 24828 24978 I AstScreen.AsRouter: checkUrl
12-31 17:18:43.814 24828 24978 I AstScreen.AsRouter: checkUrl
12-31 17:18:43.816 24828 24978 W AstScreen.AssistantSuggestionUtil: getExplicitActivityIntent, resolveInfo is not compatibale, return null Intent { act=android.intent.action.VIEW dat=ctrip://wireless/train_inquire?guidtype=base&allianceid=1209252&needguid=1&sid=2675249 }
12-31 17:18:43.816 24828 24978 I AstScreen.AsRouter: checkUrl
12-31 17:18:43.816 24828 24978 I AstScreen.AsRouter: checkUrl
12-31 17:18:43.819 24828 24978 W AstScreen.AssistantSuggestionUtil: getExplicitActivityIntent, resolveInfo is not compatibale, return null Intent { act=android.intent.action.VIEW dat=ctrip://wireless/flight_inland_inquire?guidtype=base&c1=1&allianceid=1209252&needguid=1&sid=2675250 }
12-31 17:18:43.819 24828 24978 I AstScreen.AsRouter: checkUrl
12-31 17:18:43.820 24828 24978 I AstScreen.AsRouter: checkUrl
12-31 17:18:43.822 24828 24978 W AstScreen.AssistantSuggestionUtil: getExplicitActivityIntent, resolveInfo is not compatibale, return null Intent { act=android.intent.action.VIEW dat=ctrip://wireless/hotel_inquire?guidtype=base&c3=2&allianceid=1209252&needguid=1&sid=2675251 }
12-31 17:18:43.822 24828 24978 I AstScreen.AsRouter: checkUrl
12-31 17:18:43.833 24828 24978 I AstScreen.AsRouter: checkUrl
12-31 17:18:43.834 24828 24978 W AstScreen.AssistantSuggestionUtil: getExplicitActivityIntent, resolveInfo is not compatibale, return null Intent { act=android.intent.action.VIEW dat=ctrip://wireless/train_inquire?guidtype=base&allianceid=1209252&needguid=1&sid=2675249 }
12-31 17:18:43.834 24828 24978 I AstScreen.AsRouter: checkUrl
12-31 17:18:43.834 24828 24978 I AstScreen.AsRouter: checkUrl
12-31 17:18:43.835 24828 24978 W AstScreen.AssistantSuggestionUtil: getExplicitActivityIntent, resolveInfo is not compatibale, return null Intent { act=android.intent.action.VIEW dat=ctrip://wireless/flight_inland_inquire?guidtype=base&c1=1&allianceid=1209252&needguid=1&sid=2675250 }
12-31 17:18:43.835 24828 24978 I AstScreen.AsRouter: checkUrl
12-31 17:18:43.836 24828 24978 I AstScreen.AsRouter: checkUrl
12-31 17:18:43.837 24828 24978 W AstScreen.AssistantSuggestionUtil: getExplicitActivityIntent, resolveInfo is not compatibale, return null Intent { act=android.intent.action.VIEW dat=ctrip://wireless/hotel_inquire?guidtype=base&c3=2&allianceid=1209252&needguid=1&sid=2675251 }
12-31 17:18:43.837 24828 24978 I AstScreen.AsRouter: checkUrl
12-31 17:18:43.845 24828 24978 I AstScreen.AsRouter: checkUrl
12-31 17:18:43.845 24828 24978 D MicroMsg.SDK.WXMsgImplComm: check signature:308202eb30820254a00302010202044d36f7a4300d06092a864886f70d01010505003081b9310b300906035504061302383631123010060355040813094775616e67646f6e673111300f060355040713085368656e7a68656e31353033060355040a132c54656e63656e7420546563686e6f6c6f6779285368656e7a68656e2920436f6d70616e79204c696d69746564313a3038060355040b133154656e63656e74204775616e677a686f7520526573656172636820616e6420446576656c6f706d656e742043656e7465723110300e0603550403130754656e63656e74301e170d3131303131393134333933325a170d3431303131313134333933325a3081b9310b300906035504061302383631123010060355040813094775616e67646f6e673111300f060355040713085368656e7a68656e31353033060355040a132c54656e63656e7420546563686e6f6c6f6779285368656e7a68656e2920436f6d70616e79204c696d69746564313a3038060355040b133154656e63656e74204775616e677a686f7520526573656172636820616e6420446576656c6f706d656e742043656e7465723110300e0603550403130754656e63656e7430819f300d06092a864886f70d010101050003818d0030818902818100c05f34b231b083fb1323670bfbe7bdab40c0c0a6efc87ef2072a1ff0d60cc67c8edb0d0847f210bea6cbfaa241be70c86daf56be08b723c859e52428a064555d80db448cdcacc1aea2501eba06f8bad12a4fa49d85cacd7abeb68945a5cb5e061629b52e3254c373550ee4e40cb7c8ae6f7a8151ccd8df582d446f39ae0c5e930203010001300d06092a864886f70d0101050500038181009c8d9d7f2f908c42081b4c764c377109a8b2c70582422125ce545842d5f520aea69550b6bd8bfd94e987b75a3077eb04ad341f481aac266e89d3864456e69fba13df018acdc168b9a19dfd7ad9d9cc6f6ace57c746515f71234df3a053e33ba93ece5cd0fc15f3e389a3f365588a9fcb439e069d3629cd7732a13fff7b891499
12-31 17:18:43.845 24828 24978 D MicroMsg.SDK.WXMsgImplComm: pass
12-31 17:18:43.846 24828 32163 E Parcel  : Reading a NULL string not supported here.
12-31 17:18:43.850 24828 24978 D MicroMsg.SDK.WXApiImplV10: wxSdkVersion = 671092827
12-31 17:18:43.850 24828 24978 I AstScreen.n72: miniProgramSupported isSupported true
12-31 17:18:43.850 24828 24978 I AstScreen.AsRouter: checkUrl
12-31 17:18:43.854 24828 24978 I AstScreen.AsRouter: checkUrl
12-31 17:18:43.857 24828 24978 W AstScreen.AssistantSuggestionUtil: getExplicitActivityIntent, resolveInfo is not compatibale, return null Intent { act=android.intent.action.VIEW dat=alipays://platformapi/startapp?appId=10000007&chInfo=ch_oppoLeft }
12-31 17:18:43.857 24828 24978 I AstScreen.AsRouter: checkUrl
12-31 17:18:43.858 24828 24978 W AstScreen.AssistantSuggestionUtil: getExplicitActivityIntent, resolveInfo is not compatibale, return null Intent { act=android.intent.action.VIEW dat=alipays://platformapi/startapp?appId=20000056&chInfo=ch_oppoLeft }
12-31 17:18:43.859 24828 24978 I AstScreen.AsRouter: checkUrl
12-31 17:18:43.861 24828 24978 W AstScreen.AssistantSuggestionUtil: getExplicitActivityIntent, resolveInfo is not compatibale, return null Intent { act=android.intent.action.VIEW dat=alipays://platformapi/startapp?appId=20002048&chInfo=ch_oppo_left&sceneCode=KF_CHANGSHANG&shareUserId=2088831084772226&partnerId=ch_oppo_left&url=alipays://platformapi/startapp?appId=68687564&marketStageAppId=2021001139676873 }
12-31 17:18:43.861 24828 24978 I AstScreen.AsRouter: checkUrl
12-31 17:18:43.863 24828 24978 W AstScreen.AssistantSuggestionUtil: getExplicitActivityIntent, resolveInfo is not compatibale, return null Intent { act=android.intent.action.VIEW dat=alipays://platformapi/startapp?appId=200011235&chInfo=ch_oppo_left&sceneCode=KF_DYW04&shareUserId=2088731036052261&partnerId=ch_oppo_left&pikshemo=YES }
12-31 17:18:43.863 24828 24978 I AstScreen.AsRouter: checkUrl
12-31 17:18:43.866 24828 24978 I AstScreen.AsRouter: checkUrl
12-31 17:18:43.868 24828 24978 D MicroMsg.SDK.WXMsgImplComm: check signature:308202eb30820254a00302010202044d36f7a4300d06092a864886f70d01010505003081b9310b300906035504061302383631123010060355040813094775616e67646f6e673111300f060355040713085368656e7a68656e31353033060355040a132c54656e63656e7420546563686e6f6c6f6779285368656e7a68656e2920436f6d70616e79204c696d69746564313a3038060355040b133154656e63656e74204775616e677a686f7520526573656172636820616e6420446576656c6f706d656e742043656e7465723110300e0603550403130754656e63656e74301e170d3131303131393134333933325a170d3431303131313134333933325a3081b9310b300906035504061302383631123010060355040813094775616e67646f6e673111300f060355040713085368656e7a68656e31353033060355040a132c54656e63656e7420546563686e6f6c6f6779285368656e7a68656e2920436f6d70616e79204c696d69746564313a3038060355040b133154656e63656e74204775616e677a686f7520526573656172636820616e6420446576656c6f706d656e742043656e7465723110300e0603550403130754656e63656e7430819f300d06092a864886f70d010101050003818d0030818902818100c05f34b231b083fb1323670bfbe7bdab40c0c0a6efc87ef2072a1ff0d60cc67c8edb0d0847f210bea6cbfaa241be70c86daf56be08b723c859e52428a064555d80db448cdcacc1aea2501eba06f8bad12a4fa49d85cacd7abeb68945a5cb5e061629b52e3254c373550ee4e40cb7c8ae6f7a8151ccd8df582d446f39ae0c5e930203010001300d06092a864886f70d0101050500038181009c8d9d7f2f908c42081b4c764c377109a8b2c70582422125ce545842d5f520aea69550b6bd8bfd94e987b75a3077eb04ad341f481aac266e89d3864456e69fba13df018acdc168b9a19dfd7ad9d9cc6f6ace57c746515f71234df3a053e33ba93ece5cd0fc15f3e389a3f365588a9fcb439e069d3629cd7732a13fff7b891499
12-31 17:18:43.868 24828 24978 D MicroMsg.SDK.WXMsgImplComm: pass
12-31 17:18:43.868 24828 32184 E Parcel  : Reading a NULL string not supported here.
12-31 17:18:43.870 31922  7631 I RoleControllerServiceImpl: Package is already a role holder, package: com.android.mms, role: android.app.role.SMS
12-31 17:18:43.871 24828 24978 D MicroMsg.SDK.WXApiImplV10: wxSdkVersion = 671092827
12-31 17:18:43.871 24828 24978 I AstScreen.n72: miniProgramSupported isSupported true
12-31 17:18:43.872 24828 24978 I AstScreen.AsRouter: checkUrl
12-31 17:18:43.875 24828 24978 I AstScreen.AsRouter: checkUrl
12-31 17:18:43.876 24828 24978 W AstScreen.AssistantSuggestionUtil: getExplicitActivityIntent, resolveInfo is not compatibale, return null Intent { act=android.intent.action.VIEW dat=alipays://platformapi/startapp?appId=10000007&chInfo=ch_oppoLeft }
12-31 17:18:43.876 24828 24978 I AstScreen.AsRouter: checkUrl
12-31 17:18:43.877 24828 24978 W AstScreen.AssistantSuggestionUtil: getExplicitActivityIntent, resolveInfo is not compatibale, return null Intent { act=android.intent.action.VIEW dat=alipays://platformapi/startapp?appId=20000056&chInfo=ch_oppoLeft }
12-31 17:18:43.877 25542 25564 E Parcel  : Reading a NULL string not supported here.
12-31 17:18:43.877 24828 24978 I AstScreen.AsRouter: checkUrl
12-31 17:18:43.879 24828 24978 W AstScreen.AssistantSuggestionUtil: getExplicitActivityIntent, resolveInfo is not compatibale, return null Intent { act=android.intent.action.VIEW dat=alipays://platformapi/startapp?appId=20002048&chInfo=ch_oppo_left&sceneCode=KF_CHANGSHANG&shareUserId=2088831084772226&partnerId=ch_oppo_left&url=alipays://platformapi/startapp?appId=68687564&marketStageAppId=2021001139676873 }
12-31 17:18:43.879 24828 24978 I AstScreen.AsRouter: checkUrl
12-31 17:18:43.884 24828 24978 W AstScreen.AssistantSuggestionUtil: getExplicitActivityIntent, resolveInfo is not compatibale, return null Intent { act=android.intent.action.VIEW dat=alipays://platformapi/startapp?appId=200011235&chInfo=ch_oppo_left&sceneCode=KF_DYW04&shareUserId=2088731036052261&partnerId=ch_oppo_left&pikshemo=YES }
12-31 17:18:43.884 24828 24978 I AstScreen.AsRouter: checkUrl
12-31 17:18:43.886 24828 24978 I AstScreen.AsRouter: checkUrl
12-31 17:18:43.887  3328  3595 W Launcher.AppLimitedStartUpManager: handLimitedStartUpAppListChanged, call back is null!
12-31 17:18:43.888 24828 24978 I AstScreen.AsRouter: checkUrl
12-31 17:18:43.889  1046  1046 D OppoExLayer: ~Layer() sequence=4589, name=Surface(name=b7bc17 InputMethod)/@0x9a83cda - animation-leash#1@0xb400007380324000
12-31 17:18:43.891 24828 24978 I AstScreen.AsRouter: checkUrl
12-31 17:18:43.893 24828 24978 W AstScreen.AssistantSuggestionUtil: getExplicitActivityIntent, resolveInfo is not compatibale, return null Intent { act=android.intent.action.VIEW dat=teamtalk://tt-client/jump/mworkbench?menuCode=100145 }
12-31 17:18:43.893 24828 24978 I AstScreen.AsRouter: checkUrl
12-31 17:18:43.897 24828 24978 W AstScreen.AssistantSuggestionUtil: getExplicitActivityIntent, resolveInfo is not compatibale, return null Intent { act=android.intent.action.VIEW dat=amapuri://drive/takeTaxi?sourceApplication=oppokjtaxi }
12-31 17:18:43.898 24828 24978 I AstScreen.AsRouter: checkUrl
12-31 17:18:43.899  1797  7562 I DigitalAppUse.AppClassifyServer: getAppClassifyString: jsonStr is []
12-31 17:18:43.899 24828 24978 I AstScreen.AsRouter: checkUrl
12-31 17:18:43.901 24828 24978 W AstScreen.AssistantSuggestionUtil: getExplicitActivityIntent, resolveInfo is not compatibale, return null Intent { act=android.intent.action.VIEW dat=alipays://platformapi/startapp?appId=20000193&chInfo=ch_oppo_left&sceneCode=KF_CHANGSHANG&shareUserId=2088831084772226& partnerId=ch_oppo_left&pikshemo=YES }
12-31 17:18:43.901 24828 24978 I AstScreen.AsRouter: checkUrl
12-31 17:18:43.904 24828 24978 W AstScreen.AssistantSuggestionUtil: getExplicitActivityIntent, resolveInfo is not compatibale, return null Intent { act=android.intent.action.VIEW dat=alipays://platformapi/startapp?appId=2017103009621199&chInfo=ch_oppo_voice&sceneCode=KF_CHANGSHANG&shareUserId=2088831084772226&partnerId=ch_oppo_voice&pikshemo=YES }
12-31 17:18:43.904 24828 24978 I AstScreen.AsRouter: checkUrl
12-31 17:18:43.906 24828 24978 W AstScreen.AssistantSuggestionUtil: getExplicitActivityIntent, resolveInfo is not compatibale, return null Intent { act=android.intent.action.VIEW dat=amapuri://realtimeBus/home?from=oppokjbus }
12-31 17:18:43.906 24828 24978 I AstScreen.AsRouter: checkUrl
12-31 17:18:43.911 24828 24978 W AstScreen.AssistantSuggestionUtil: getExplicitActivityIntent, resolveInfo is not compatibale, return null Intent { act=android.intent.action.VIEW dat=alipays://platformapi/startapp?appId=77700152&chInfo=ch_oppo_left&sceneCode=KF_CHANGSHANG&shareUserId=2088831084772226&partnerId=ch_oppo_left&pikshemo=YES }
12-31 17:18:43.911 24828 24978 I AstScreen.AsRouter: checkUrl
12-31 17:18:43.916 24828 24978 I AstScreen.AsRouter: checkUrl
12-31 17:18:43.920 24828 24978 W AstScreen.AssistantSuggestionUtil: getExplicitActivityIntent, resolveInfo is not compatibale, return null Intent { act=android.intent.action.VIEW dat=dianping://picassobox?picassoid=rankinglist-union/index-bundle.js&notitlebar=true&utm_source=oppo_fiyiping }
12-31 17:18:43.920 24828 24978 I AstScreen.AsRouter: checkUrl
12-31 17:18:43.921 24828 24978 W AstScreen.AssistantSuggestionUtil: getExplicitActivityIntent, resolveInfo is not compatibale, return null Intent { act=android.intent.action.VIEW dat=dianping://foodmain?target=foodmain&categoryid=10&utm_source=oppo }
12-31 17:18:43.921 24828 24978 I AstScreen.AsRouter: checkUrl
12-31 17:18:43.930 24828 24978 I AstScreen.AsRouter: checkUrl
12-31 17:18:43.930 31922  7631 I RoleControllerServiceImpl: Package is already a role holder, package: com.android.contacts, role: android.app.role.DIALER
12-31 17:18:43.931 24828 24978 I AstScreen.AsRouter: checkUrl
12-31 17:18:43.949 24828 24978 I AstScreen.AsRouter: checkUrl
12-31 17:18:43.952 24828 24978 E Parcel  : Reading a NULL string not supported here.
12-31 17:18:43.954 24828 24978 I AstScreen.BreenoShortcutProviderProxy: shortcut_tag: navigateCompany  isAdded false
12-31 17:18:43.954 24828 24978 I AstScreen.AsRouter: checkUrl
12-31 17:18:43.955 24828 24978 W AstScreen.AssistantSuggestionUtil: getExplicitActivityIntent, resolveInfo is not compatibale, return null Intent { act=android.intent.action.VIEW dat=teamtalk://tt-client/jump/mworkbench?menuCode=100145 }
12-31 17:18:43.955 24828 24978 I AstScreen.AsRouter: checkUrl
12-31 17:18:43.964 24828 24978 W AstScreen.AssistantSuggestionUtil: getExplicitActivityIntent, resolveInfo is not compatibale, return null Intent { act=android.intent.action.VIEW dat=amapuri://drive/takeTaxi?sourceApplication=oppokjtaxi }
12-31 17:18:43.964 24828 24978 I AstScreen.AsRouter: checkUrl
12-31 17:18:43.965 24828 24978 I AstScreen.AsRouter: checkUrl
12-31 17:18:43.966 24828 24978 W AstScreen.AssistantSuggestionUtil: getExplicitActivityIntent, resolveInfo is not compatibale, return null Intent { act=android.intent.action.VIEW dat=alipays://platformapi/startapp?appId=20000193&chInfo=ch_oppo_left&sceneCode=KF_CHANGSHANG&shareUserId=2088831084772226& partnerId=ch_oppo_left&pikshemo=YES }
12-31 17:18:43.966 24828 24978 I AstScreen.AsRouter: checkUrl
12-31 17:18:43.967 24828 24978 W AstScreen.AssistantSuggestionUtil: getExplicitActivityIntent, resolveInfo is not compatibale, return null Intent { act=android.intent.action.VIEW dat=alipays://platformapi/startapp?appId=2017103009621199&chInfo=ch_oppo_voice&sceneCode=KF_CHANGSHANG&shareUserId=2088831084772226&partnerId=ch_oppo_voice&pikshemo=YES }
12-31 17:18:43.967 24828 24978 I AstScreen.AsRouter: checkUrl
12-31 17:18:43.967 24828 24978 W AstScreen.AssistantSuggestionUtil: getExplicitActivityIntent, resolveInfo is not compatibale, return null Intent { act=android.intent.action.VIEW dat=amapuri://realtimeBus/home?from=oppokjbus }
12-31 17:18:43.967 24828 24978 I AstScreen.AsRouter: checkUrl
12-31 17:18:43.968 24828 24978 W AstScreen.AssistantSuggestionUtil: getExplicitActivityIntent, resolveInfo is not compatibale, return null Intent { act=android.intent.action.VIEW dat=alipays://platformapi/startapp?appId=77700152&chInfo=ch_oppo_left&sceneCode=KF_CHANGSHANG&shareUserId=2088831084772226&partnerId=ch_oppo_left&pikshemo=YES }
12-31 17:18:43.968 24828 24978 I AstScreen.AsRouter: checkUrl
12-31 17:18:43.973 24828 24978 I AstScreen.AsRouter: checkUrl
12-31 17:18:43.975 24828 24978 W AstScreen.AssistantSuggestionUtil: getExplicitActivityIntent, resolveInfo is not compatibale, return null Intent { act=android.intent.action.VIEW dat=dianping://picassobox?picassoid=rankinglist-union/index-bundle.js&notitlebar=true&utm_source=oppo_fiyiping }
12-31 17:18:43.975 24828 24978 I AstScreen.AsRouter: checkUrl
12-31 17:18:43.976 24828 24978 W AstScreen.AssistantSuggestionUtil: getExplicitActivityIntent, resolveInfo is not compatibale, return null Intent { act=android.intent.action.VIEW dat=dianping://foodmain?target=foodmain&categoryid=10&utm_source=oppo }
12-31 17:18:43.977 24828 24978 I AstScreen.AsRouter: checkUrl
12-31 17:18:43.982 24828 24978 I AstScreen.AsRouter: checkUrl
12-31 17:18:43.982 31922  7631 I RoleControllerServiceImpl: Package is already a role holder, package: com.heytap.browser, role: android.app.role.BROWSER
12-31 17:18:43.982 24828 24978 I AstScreen.AsRouter: checkUrl
12-31 17:18:43.991 24828 24978 I AstScreen.AsRouter: checkUrl
12-31 17:18:43.992 24828 24978 W AstScreen.AssistantSuggestionUtil: getExplicitActivityIntent, resolveInfo is not compatibale, return null Intent { act=android.intent.action.VIEW dat=alipays://platformapi/startapp?appId=60000002&chInfo=ch_oppoLeft }
12-31 17:18:43.992 24828 24978 I AstScreen.AsRouter: checkUrl
12-31 17:18:43.993 24828 24978 W AstScreen.AssistantSuggestionUtil: getExplicitActivityIntent, resolveInfo is not compatibale, return null Intent { act=android.intent.action.VIEW dat=alipays://platformapi/startapp?appId=66666674&chInfo=ch_oppoLeft }
12-31 17:18:43.994 24828 24978 I AstScreen.AsRouter: checkUrl
12-31 17:18:43.995 24828 24978 W AstScreen.AssistantSuggestionUtil: getExplicitActivityIntent, resolveInfo is not compatibale, return null Intent { act=android.intent.action.VIEW dat=sinaweibo://pageinfo?containerid=106003type=25&t=3&disable_hot=1&filter_type=realtimehot&title=&extparam=filter_type=realtimehot&mi_cid=100103&&luicode=10000628&lfid=oppo_kfw_realtimehot&wm=9009_90028&finish=true }
12-31 17:18:43.996 24828 24978 I AstScreen.AsRouter: checkUrl
12-31 17:18:43.998 24828 24978 I AstScreen.AsRouter: checkUrl
12-31 17:18:43.999 24828 24978 W AstScreen.AssistantSuggestionUtil: getExplicitActivityIntent, resolveInfo is not compatibale, return null Intent { act=android.intent.action.VIEW dat=qqmusic://qq.com/ui/myTab?p={"tab":"history","direct_play":"true"}&source=https://y.qq.com/m/index.html?ADTAG=hz_cs_OPPOzhiling2 }
12-31 17:18:43.999 24828 24978 I AstScreen.AsRouter: checkUrl
12-31 17:18:44.000 24828 24978 W AstScreen.AssistantSuggestionUtil: getExplicitActivityIntent, resolveInfo is not compatibale, return null Intent { act=android.intent.action.VIEW dat=qqmusic://qq.com/ui/myTab?p={"tab":"local","direct_play":"true"}&source=https://y.qq.com/m/index.html?ADTAG=hz_cs_OPPOzhiling1 }
12-31 17:18:44.000 24828 24978 I AstScreen.AsRouter: checkUrl
12-31 17:18:44.001 24828 24978 W AstScreen.AssistantSuggestionUtil: getExplicitActivityIntent, resolveInfo is not compatibale, return null Intent { act=android.intent.action.VIEW dat=qqmusic://qq.com/ui/search?p={"type":"--","query":""}&source=https://y.qq.com/m/index.html?ADTAG=hz_cs_OPPOzhiling3 }
12-31 17:18:44.001 24828 24978 I AstScreen.AsRouter: checkUrl
12-31 17:18:44.002 24828 24978 W AstScreen.AssistantSuggestionUtil: getExplicitActivityIntent, resolveInfo is not compatibale, return null Intent { act=android.intent.action.VIEW dat=qqmusic://qq.com/ui/recognize?p={}&source=https://y.qq.com/m/index.html?ADTAG=hz_cs_OPPOzhiling4 }
12-31 17:18:44.002 24828 24978 I AstScreen.AsRouter: checkUrl
12-31 17:18:44.004 24828 24978 W AstScreen.AssistantSuggestionUtil: getExplicitActivityIntent, resolveInfo is not compatibale, return null Intent { act=android.intent.action.VIEW dat=youku://usercenter/openDownloaded?source=oppoHiBoard }
12-31 17:18:44.004 24828 24978 I AstScreen.AsRouter: checkUrl
12-31 17:18:44.005 24828 24978 W AstScreen.AssistantSuggestionUtil: getExplicitActivityIntent, resolveInfo is not compatibale, return null Intent { act=android.intent.action.VIEW dat=youku://usercenter/openHistory?source=oppoHiBoard }
12-31 17:18:44.005 24828 24978 I AstScreen.AsRouter: checkUrl
12-31 17:18:44.006 24828 24978 W AstScreen.AssistantSuggestionUtil: getExplicitActivityIntent, resolveInfo is not compatibale, return null Intent { act=android.intent.action.VIEW dat=youku://soku/search?source=oppoHiBoard }
12-31 17:18:44.006 24828 24978 I AstScreen.AsRouter: checkUrl
12-31 17:18:44.008 24828 24978 I AstScreen.AsRouter: checkUrl
12-31 17:18:44.009 24828 24978 W AstScreen.AssistantSuggestionUtil: getExplicitActivityIntent, resolveInfo is not compatibale, return null Intent { act=android.intent.action.VIEW dat=kwai://tube/square?handpickTubeIds=3_5_7&pageType=1&openFrom=oppo_xxl_lh_kuaijie1 }
12-31 17:18:44.009 24828 24978 I AstScreen.AsRouter: checkUrl
12-31 17:18:44.009 24828 24978 W AstScreen.AssistantSuggestionUtil: getExplicitActivityIntent, resolveInfo is not compatibale, return null Intent { act=android.intent.action.VIEW dat=kwai://rank/aggregation?type=1&openFrom=oppo_xxl_lh_kuaijie2 }
12-31 17:18:44.009 24828 24978 I AstScreen.AsRouter: checkUrl
12-31 17:18:44.010 24828 24978 W AstScreen.AssistantSuggestionUtil: getExplicitActivityIntent, resolveInfo is not compatibale, return null Intent { act=android.intent.action.VIEW dat=alipays://platformapi/startapp?appId=60000002&chInfo=ch_oppoLeft }
12-31 17:18:44.010 24828 24978 I AstScreen.AsRouter: checkUrl
12-31 17:18:44.011 24828 24978 W AstScreen.AssistantSuggestionUtil: getExplicitActivityIntent, resolveInfo is not compatibale, return null Intent { act=android.intent.action.VIEW dat=alipays://platformapi/startapp?appId=66666674&chInfo=ch_oppoLeft }
12-31 17:18:44.012 24828 24978 I AstScreen.AsRouter: checkUrl
12-31 17:18:44.013 24828 24978 W AstScreen.AssistantSuggestionUtil: getExplicitActivityIntent, resolveInfo is not compatibale, return null Intent { act=android.intent.action.VIEW dat=sinaweibo://pageinfo?containerid=106003type=25&t=3&disable_hot=1&filter_type=realtimehot&title=&extparam=filter_type=realtimehot&mi_cid=100103&&luicode=10000628&lfid=oppo_kfw_realtimehot&wm=9009_90028&finish=true }
12-31 17:18:44.013 24828 24978 I AstScreen.AsRouter: checkUrl
12-31 17:18:44.015 24828 24978 I AstScreen.AsRouter: checkUrl
12-31 17:18:44.016 24828 24978 W AstScreen.AssistantSuggestionUtil: getExplicitActivityIntent, resolveInfo is not compatibale, return null Intent { act=android.intent.action.VIEW dat=qqmusic://qq.com/ui/myTab?p={"tab":"history","direct_play":"true"}&source=https://y.qq.com/m/index.html?ADTAG=hz_cs_OPPOzhiling2 }
12-31 17:18:44.016 24828 24978 I AstScreen.AsRouter: checkUrl
12-31 17:18:44.017 24828 24978 W AstScreen.AssistantSuggestionUtil: getExplicitActivityIntent, resolveInfo is not compatibale, return null Intent { act=android.intent.action.VIEW dat=qqmusic://qq.com/ui/myTab?p={"tab":"local","direct_play":"true"}&source=https://y.qq.com/m/index.html?ADTAG=hz_cs_OPPOzhiling1 }
12-31 17:18:44.017 24828 24978 I AstScreen.AsRouter: checkUrl
12-31 17:18:44.018 24828 24978 W AstScreen.AssistantSuggestionUtil: getExplicitActivityIntent, resolveInfo is not compatibale, return null Intent { act=android.intent.action.VIEW dat=qqmusic://qq.com/ui/search?p={"type":"--","query":""}&source=https://y.qq.com/m/index.html?ADTAG=hz_cs_OPPOzhiling3 }
12-31 17:18:44.018 24828 24978 I AstScreen.AsRouter: checkUrl
12-31 17:18:44.019 24828 24978 W AstScreen.AssistantSuggestionUtil: getExplicitActivityIntent, resolveInfo is not compatibale, return null Intent { act=android.intent.action.VIEW dat=qqmusic://qq.com/ui/recognize?p={}&source=https://y.qq.com/m/index.html?ADTAG=hz_cs_OPPOzhiling4 }
12-31 17:18:44.019 24828 24978 I AstScreen.AsRouter: checkUrl
12-31 17:18:44.020 24828 24978 W AstScreen.AssistantSuggestionUtil: getExplicitActivityIntent, resolveInfo is not compatibale, return null Intent { act=android.intent.action.VIEW dat=youku://usercenter/openDownloaded?source=oppoHiBoard }
12-31 17:18:44.020 24828 24978 I AstScreen.AsRouter: checkUrl
12-31 17:18:44.021 24828 24978 W AstScreen.AssistantSuggestionUtil: getExplicitActivityIntent, resolveInfo is not compatibale, return null Intent { act=android.intent.action.VIEW dat=youku://usercenter/openHistory?source=oppoHiBoard }
12-31 17:18:44.022 24828 24978 I AstScreen.AsRouter: checkUrl
12-31 17:18:44.023 24828 24978 W AstScreen.AssistantSuggestionUtil: getExplicitActivityIntent, resolveInfo is not compatibale, return null Intent { act=android.intent.action.VIEW dat=youku://soku/search?source=oppoHiBoard }
12-31 17:18:44.023 24828 24978 I AstScreen.AsRouter: checkUrl
12-31 17:18:44.025 24828 24978 I AstScreen.AsRouter: checkUrl
12-31 17:18:44.026 24828 24978 W AstScreen.AssistantSuggestionUtil: getExplicitActivityIntent, resolveInfo is not compatibale, return null Intent { act=android.intent.action.VIEW dat=kwai://tube/square?handpickTubeIds=3_5_7&pageType=1&openFrom=oppo_xxl_lh_kuaijie1 }
12-31 17:18:44.026 24828 24978 I AstScreen.AsRouter: checkUrl
12-31 17:18:44.027 24828 24978 W AstScreen.AssistantSuggestionUtil: getExplicitActivityIntent, resolveInfo is not compatibale, return null Intent { act=android.intent.action.VIEW dat=kwai://rank/aggregation?type=1&openFrom=oppo_xxl_lh_kuaijie2 }
12-31 17:18:44.029 24828 32138 D DataChannel.ClientProxy.: processObserve size is: 1323
12-31 17:18:44.031 24828 24884 D ClientProxyImpl(com.oplus.assistantscreen.card.shortcuts.ShortcutsCardWidgetProvider): runCallback callbackId = [card:0&1&0], isOnceCallback = [false]}
12-31 17:18:44.044  1329  2471 D ORMS_CORE: Set notification:  src: 1000, type: 0, p1: -1, p2: -1, p3: -1, p4: 
12-31 17:18:44.045  1329  2471 D ORMS_CORE: Set scene action identity: inputflinger scene: , action: ORMS_ACTION_TOUCH_BOOST, timeout: 150, handle: 2041324169
12-31 17:18:44.046  7520  7520 D ViewRootImpl: enqueueInputEventMotionEvent { action=ACTION_DOWN, actionButton=0, id[0]=0, x[0]=170.25, y[0]=386.25, toolType[0]=TOOL_TYPE_FINGER, buttonState=0, classification=NONE, metaState=0, flags=0x0, edgeFlags=0x0, pointerCount=1, historySize=0, eventTime=49867700, downTime=49867700, deviceId=4, source=0x1002, displayId=0 }
12-31 17:18:44.082 24828 32187 D DataChannel.ClientProxy.: processObserve size is: 3885
12-31 17:18:44.082 24828 24884 D ClientProxyImpl(card_service): runCallback callbackId = [card:0&1&0], isOnceCallback = [false]}
12-31 17:18:44.114  1329  2471 D ORMS_CORE: Set notification:  src: 1000, type: 1, p1: -1, p2: -1, p3: -1, p4: 
12-31 17:18:44.154 19395 19497 E PlayCommon: [407] xij.c(229): Failed to connect to server for log upload.
12-31 17:18:44.180  1797  7562 I DigitalAppUse.AppClassifyServer: getAppClassifyString: jsonStr is []
12-31 17:18:44.228  1329  3481 D BatteryLed: getLightInColorState, oppoLightMgr empty!
12-31 17:18:44.237  3246  3246 D DeviceStatisticsService: chargerType=2 batteryLevel=100 totalBatteryCapacity=4042000
12-31 17:18:44.237  3246  3246 D DeviceInfoHidlClient: isPowerInfoNeverSent()=true
12-31 17:18:44.237  3246  3246 D DeviceInfoHidlClient: getPowerInfoSupportStatus()=-1
12-31 17:18:44.298  5848   893 I Icing   : Indexing com.google.android.gms-apps from com.google.android.gms
12-31 17:18:44.311  5848   893 I Icing   : Indexing done com.google.android.gms-apps
12-31 17:18:44.312  5848   893 I Icing   : Indexing com.google.android.gms-internal.3p:MobileApplication from com.google.android.gms
12-31 17:18:44.318  5848   893 I Icing   : Indexing com.google.android.gms-internal.3p:Message from com.google.android.gms
12-31 17:18:44.321 31728 31748 W eytap.smarthom: Reducing the number of considered missed Gc histogram windows from 111 to 100
12-31 17:18:44.322  5848   893 I Icing   : Indexing done com.google.android.gms-internal.3p:MobileApplication
12-31 17:18:44.323  5848   893 I Icing   : Indexing done com.google.android.gms-internal.3p:Message
12-31 17:18:44.326  5848   893 I Icing   : Indexing com.google.android.gms-apps from com.google.android.gms
12-31 17:18:44.326  5848   893 I Icing   : Indexing done com.google.android.gms-apps
12-31 17:18:44.440  5018  7636 E WakeLock: GCM_HB_ALARM release without a matched acquire!
12-31 17:18:44.440  5018  7636 W WakeLock: GCM_HB_ALARM counter does not exist
12-31 17:18:44.441  1329  2544 D ConnectivityService: reportNetworkConnectivity(102, false) by 10138
12-31 17:18:44.503 27895 27916 W oppo.usercente: Reducing the number of considered missed Gc histogram windows from 111 to 100
12-31 17:18:44.514  1797  7562 I DigitalAppUse.AppClassifyServer: getAppClassifyString: jsonStr is []
12-31 17:18:44.514  1797  7562 I DigitalAppUse.GameObtain: initCloudAppTypeList: appTypeMap is {}
12-31 17:18:44.524  1329  2576 D ORMS_CORE: T(O)
12-31 17:18:44.524  1329  3391 I ColorGameSpaceManager: in handleApplicationSwitchInner ---- gamemode = 0 ----mModeStatus = 0
12-31 17:18:44.524  1329  2576 D ORMS_CORE: Remove app timeout handle: 2547011116386521011scene/action: 1000/2  timeout_left:-1209
12-31 17:18:44.524  1329  2576 D ORMS_CORE: FinalSceneAction null
12-31 17:18:44.524  1329  2576 D ORMS_Platform : OplusBasePlatformQcSysFs: reset ,mask .
12-31 17:18:44.524  1329  2576 D ORMS_CORE: TCpuL:-1 TGpuL:-1 TCtrlL:-1 TModeOn:0 IdleS:0 PowerMode:NORMAL_MODE BenchMark:0 HaveCtrlD:0
12-31 17:18:44.524  1329  2576 D ORMS_CORE: request mDecision:SAResult Info{ minCpuCore: -1 -1 -1 ,  minCpuFreq: -1 -1 -1 ,  maxCpuCore: -1 -1 -1 ,  maxCpuFreq: -1 -1 -1 ,  minGpuCore: -1 ,  minGpuFreq: -1 ,  maxGpuCore: -1 ,  maxGpuFreq: -1 , Lpm=-1, clkscale=-1, schedwinstats=-1, twinpolicy=-1, fgwinpolicy=-1, bgwinpolicy=-1, schedPreferSpread=-1, colocate=-1, slb=-1, fpsgo=-1, schedBoost=-1, ddrFreq=-1, migrate= migfrate: -1 -1 -1 -1 , hardLevel=false, busyUpThres=null, busyDownThres=null, preferSilver=-1}
12-31 17:18:44.524  1329  2576 D ORMS_Platform : OplusBasePlatformQcSysFs: perflockAcquireEnd ,mask : 0x3f060c000
12-31 17:18:44.525  1014  1072 E ANDR-PERF-OPTSHANDLER: Perflock resource /sys/class/devfreq/soc:qcom,cpubw/bw_hwmon/io_percent not supported
12-31 17:18:44.525  1014  1072 E ANDR-PERF-RESOURCEQS: Failed to apply optimization [6, 2]
12-31 17:18:44.525  1014  1072 E ANDR-PERF-OPTSHANDLER: Perflock resource /sys/class/devfreq/soc:qcom,cpubw/bw_hwmon/sample_ms not supported
12-31 17:18:44.525  1014  1072 E ANDR-PERF-RESOURCEQS: Failed to apply optimization [6, 8]
12-31 17:18:44.525  1014  1072 E ANDR-PERF-OPTSHANDLER: Perflock resource /sys/class/devfreq/soc:qcom,cpubw/min_freq not supported
12-31 17:18:44.525  1014  1072 E ANDR-PERF-RESOURCEQS: Failed to apply optimization [6, 0]
12-31 17:18:44.525  1014  1072 E ANDR-PERF-OPTSHANDLER: Perflock resource /sys/class/devfreq/soc:qcom,llccbw/min_freq not supported
12-31 17:18:44.525  1014  1072 E ANDR-PERF-RESOURCEQS: Failed to apply optimization [12, 0]
12-31 17:18:44.525  1014  1072 E ANDR-PERF-OPTSHANDLER: Perflock resource /sys/class/devfreq/soc:qcom,llccbw/bw_hwmon/io_percent not supported
12-31 17:18:44.525  1014  1072 E ANDR-PERF-RESOURCEQS: Failed to apply optimization [12, 1]
12-31 17:18:44.525  1014  1072 E ANDR-PERF-OPTSHANDLER: Perflock resource /sys/class/devfreq/soc:qcom,llccbw/bw_hwmon/sample_ms not supported
12-31 17:18:44.525  1014  1072 E ANDR-PERF-RESOURCEQS: Failed to apply optimization [12, 3]
12-31 17:18:44.557  4876  6122 I Athena  : MemoryGuardAction: triggerMemory:2000MB, availMemory:3430MB
12-31 17:18:44.837  1329  2471 D ORMS_CORE: Set notification:  src: 1000, type: 0, p1: -1, p2: -1, p3: -1, p4: 
12-31 17:18:44.837  1329  2471 D ORMS_CORE: Set scene action identity: inputflinger scene: , action: ORMS_ACTION_TOUCH_BOOST, timeout: 150, handle: 444849709
12-31 17:18:44.838  7520  7520 D ViewRootImpl: enqueueInputEventMotionEvent { action=ACTION_DOWN, actionButton=0, id[0]=0, x[0]=158.5, y[0]=330.0, toolType[0]=TOOL_TYPE_FINGER, buttonState=0, classification=NONE, metaState=0, flags=0x0, edgeFlags=0x0, pointerCount=1, historySize=0, eventTime=49868493, downTime=49868493, deviceId=4, source=0x1002, displayId=0 }
12-31 17:18:44.892  1329  2568 D JobScheduler.Temperature: get temperature=27.333
12-31 17:18:44.949  1329  2471 D ORMS_CORE: Set notification:  src: 1000, type: 1, p1: -1, p2: -1, p3: -1, p4: 
12-31 17:18:44.956  1329  3536 D ORMS_CORE: Set scene action identity: com.android.server.oppo scene: , action: ORMS_ACTION_ACTIVITY_START, timeout: 500, handle: 115663207545563558
12-31 17:18:44.957  1329  2576 D ORMS_CORE: FinalSceneAction scene:1000 action:2 prio:7 start:113355448 timeout:500 timeout_left:499
12-31 17:18:44.957  1329  2576 D ORMS_Platform : OplusBasePlatformQcSysFs: reset ,mask .
12-31 17:18:44.957  1329  2576 D ORMS_HISTORY: setSoCLimit sa
12-31 17:18:44.957  1329  2576 D ORMS_CORE: TCpuL:-1 TGpuL:-1 TCtrlL:-1 TModeOn:0 IdleS:0 PowerMode:NORMAL_MODE BenchMark:0 HaveCtrlD:0
12-31 17:18:44.957  1329  2576 D ORMS_CORE: saConfig:,SAResult Info{minCore=[6, 1, 1, 1]minFreq=[1804800, 1900800, 1996800, -1]maxCore=[-1, -1, -1, -1]maxFreq=[-1, -1, -1, -1], ddr=-1, lpm=0, sb=2, prio=7, fpsgo=-1, migrate= migfrate: , mask=100, clkscale=0, schedwinstats=-1, twinpolicy=-1, fgwinpolicy=-1, bgwinpolicy=-1, schedPreferSpread=-1, colocate=-1, slb=-1, nice=0, extActId=-1, extTime=-1, hardLevel=0, busyUpThres=null, busyDownThres=null}
12-31 17:18:44.957  1329  3536 I ActivityTaskManager: START u0 {flg=0x10000000 cmp=com.example.mytestapplication/.module.setting.RandomEatSettingActivity mCallingUid=10474} from uid 10474 and from pid 7520
12-31 17:18:44.957  1329  2576 D ORMS_CORE: request mDecision:SAResult Info{ minCpuCore: 6 1 1 ,  minCpuFreq: 1804800 1900800 1996800 ,  maxCpuCore: -1 -1 -1 ,  maxCpuFreq: -1 -1 -1 ,  minGpuCore: 1 ,  minGpuFreq: -1 ,  maxGpuCore: -1 ,  maxGpuFreq: -1 , Lpm=0, clkscale=0, schedwinstats=-1, twinpolicy=-1, fgwinpolicy=-1, bgwinpolicy=-1, schedPreferSpread=-1, colocate=-1, slb=-1, fpsgo=-1, schedBoost=2, ddrFreq=-1, migrate= migfrate: -1 -1 -1 -1 , hardLevel=false, busyUpThres=null, busyDownThres=null, preferSilver=-1}
12-31 17:18:44.957  1329  3536 V ActivityTaskManager: Calling mServicetracker.OnActivityStateChange with flag falsestateINITIALIZING
12-31 17:18:44.957  1329  3536 V ActivityTaskManager: Calling mServicetracker.OnActivityStateChange with flag truestateINITIALIZING
12-31 17:18:44.958  1329  3536 D ColorZoomWindowRUSConfigManager: isSupportZoomModeWithPolicyLocked: target = com.example.mytestapplication/.module.setting.RandomEatSettingActivity
12-31 17:18:44.958  1329  3536 D ColorZoomWindowRUSConfigManager: targetPkg = com.example.mytestapplication
12-31 17:18:44.958  1329  3536 V ColorZoomWindowManagerService: unSupportZoom: false ,callingPid: 7520 ,sourceStack: null
12-31 17:18:44.958  1014  1072 E ANDR-PERF-OPTSHANDLER: Perflock resource /sys/class/devfreq/soc:qcom,cpubw/bw_hwmon/io_percent not supported
12-31 17:18:44.958  1014  1072 E ANDR-PERF-RESOURCEQS: Failed to apply optimization [6, 2]
12-31 17:18:44.958  1014  1072 E ANDR-PERF-OPTSHANDLER: Perflock resource /sys/class/devfreq/soc:qcom,cpubw/bw_hwmon/sample_ms not supported
12-31 17:18:44.958  1014  1072 E ANDR-PERF-RESOURCEQS: Failed to apply optimization [6, 8]
12-31 17:18:44.958  1014  1072 E ANDR-PERF-OPTSHANDLER: Perflock resource /sys/class/devfreq/soc:qcom,cpubw/min_freq not supported
12-31 17:18:44.958  1014  1072 E ANDR-PERF-RESOURCEQS: Failed to apply optimization [6, 0]
12-31 17:18:44.958  1014  1072 E ANDR-PERF-OPTSHANDLER: Perflock resource /sys/class/devfreq/soc:qcom,llccbw/min_freq not supported
12-31 17:18:44.958  1014  1072 E ANDR-PERF-RESOURCEQS: Failed to apply optimization [12, 0]
12-31 17:18:44.958  1014  1072 E ANDR-PERF-OPTSHANDLER: Perflock resource /sys/class/devfreq/soc:qcom,llccbw/bw_hwmon/io_percent not supported
12-31 17:18:44.958  1014  1072 E ANDR-PERF-RESOURCEQS: Failed to apply optimization [12, 1]
12-31 17:18:44.958  1014  1072 E ANDR-PERF-OPTSHANDLER: Perflock resource /sys/class/devfreq/soc:qcom,llccbw/bw_hwmon/sample_ms not supported
12-31 17:18:44.958  1014  1072 E ANDR-PERF-RESOURCEQS: Failed to apply optimization [12, 3]
12-31 17:18:44.958  1329  2576 D ORMS_Platform : OplusBasePlatformQcSysFs: perflockAcquireEnd ,mask : 0x3f067ce38
12-31 17:18:44.959  1014  1014 I ANDR-PERF-LM: LMPerfGlue: perfmodule_submit_request() 132: perfmodule_submit_request()
12-31 17:18:44.959  1014  1014 I ANDR-PERF-LM: Core: getInstance() 84: LM getInstance
12-31 17:18:44.959  1014  1014 I ANDR-PERF-LM: WQ: push() 59: LMTriggerQ push() size=0
12-31 17:18:44.959  1014  1014 I ANDR-PERF-LM: WQ: push() 61: LMTriggerQ push() done size=1
12-31 17:18:44.959  1014  1073 I ANDR-PERF-LM: WQ: pop() 42: LMTriggerQ pop() done size=0
12-31 17:18:44.959  1014  1073 I ANDR-PERF-LM: Core: lmMain() 381: Calling runAsync for PreKill
12-31 17:18:44.959  1014  1073 I ANDR-PERF-LM: Core: lmMain() 391: runAsync for PreKill returned
12-31 17:18:44.959  1014  1073 I ANDR-PERF-LM: Core: lmMain() 381: Calling runAsync for AdaptLaunch
12-31 17:18:44.959  1014  1073 I ANDR-PERF-LM: Core: lmMain() 391: runAsync for AdaptLaunch returned
12-31 17:18:44.959  1014  1073 I ANDR-PERF-LM: Core: lmMain() 373: Waiting on trigger Queue
12-31 17:18:44.959  1014  1073 I ANDR-PERF-LM: WQ: pop() 31: LMTriggerQ pop() size=0
12-31 17:18:44.962  1329  3536 D ColorZoomWindowRUSConfigManager: isSupportZoomModeWithPolicyLocked: target = com.example.mytestapplication/.module.setting.RandomEatSettingActivity
12-31 17:18:44.962  1329  3536 D ColorZoomWindowRUSConfigManager: targetPkg = com.example.mytestapplication
12-31 17:18:44.962  1329  3536 V ColorZoomWindowManagerService: unSupportZoom: false ,callingPid: 7520 ,sourceStack: null
12-31 17:18:44.962  1329  3536 V ActivityTaskManager: Calling mServicetracker.OnActivityStateChange with flag truestateRESUMED
12-31 17:18:44.962  1014  1014 I ANDR-PERF-LM: LMPerfGlue: perfmodule_submit_request() 132: perfmodule_submit_request()
12-31 17:18:44.962  1014  1014 I ANDR-PERF-LM: Core: getInstance() 84: LM getInstance
12-31 17:18:44.962  1014  1014 I ANDR-PERF-LM: WQ: push() 59: LMTriggerQ push() size=0
12-31 17:18:44.962  1014  1014 I ANDR-PERF-LM: WQ: push() 61: LMTriggerQ push() done size=1
12-31 17:18:44.962  1014  1073 I ANDR-PERF-LM: WQ: pop() 42: LMTriggerQ pop() done size=0
12-31 17:18:44.962  1014  1073 I ANDR-PERF-LM: Core: lmMain() 381: Calling runAsync for GameOptimization
12-31 17:18:44.962  1014  1073 D ANDR-PERF-LM: Feature: lookup() 136: Feature Name = AppClassifier, total featuers = 4, featureFound = 1
12-31 17:18:44.962  1329  3536 V ActivityTaskManager: Calling mServicetracker.OnActivityStateChange with flag truestatePAUSING
12-31 17:18:44.962  1329  3536 I chatty  : uid=1000(system) Binder:1329_E expire 2 lines
12-31 17:18:44.962  1014  1073 D ANDR-PERF-LM: Feature: getData() 147: data.data = 1
12-31 17:18:44.962  1014  1073 I ANDR-PERF-LM: Core: lmMain() 391: runAsync for GameOptimization returned
12-31 17:18:44.962  1014  1073 I ANDR-PERF-LM: Core: lmMain() 381: Calling runAsync for AdaptLaunch
12-31 17:18:44.962  1014  1073 I ANDR-PERF-LM: MetaMeter: isValidAsync() 194: AsyncInfo: hintID = 4098
12-31 17:18:44.962  1014  1073 I ANDR-PERF-LM: hintType: -1
12-31 17:18:44.962  1014  1073 I ANDR-PERF-LM: isPrimary = 0
12-31 17:18:44.962  1014  1014 I ANDR-PERF-LM: LMPerfGlue: perfmodule_submit_request() 132: perfmodule_submit_request()
12-31 17:18:44.962  1014  1073 I ANDR-PERF-LM: MetaMeter: isValidAsync() 196: (hintID,hintType,Primary) = (4098, -1, 1)
12-31 17:18:44.962  1014  1014 I ANDR-PERF-LM: Core: getInstance() 84: LM getInstance
12-31 17:18:44.963  1014  1014 I ANDR-PERF-LM: WQ: push() 59: LMTriggerQ push() size=0
12-31 17:18:44.963  1014  1014 I ANDR-PERF-LM: WQ: push() 61: LMTriggerQ push() done size=1
12-31 17:18:44.963  1014  1073 I ANDR-PERF-LM: MetaMeter: handleAsync() 173: AdaptLaunch MetaMeter handleAsync start() Entry
12-31 17:18:44.963  1014  1073 I ANDR-PERF-LM: MetaMeter: isPrimaryASync() 185: (hintID,hintType,Primary) = (4098, -1, 1)
12-31 17:18:44.963  1014  1073 D ANDR-PERF-LM: MetaMeter: handlePrimaryAsync() 102: AdaptLaunch MeterMgr-0 oldState = 0, newState = 1, asyncId = 4098
12-31 17:18:44.963  1014  1073 D ANDR-PERF-LM: MetaMeter: handlePrimaryAsync() 109: AdaptLaunch starting meters 0
12-31 17:18:44.963  1014  1073 I ANDR-PERF-LM: MetaMeter: startMeters() 221: AsyncInfo:(hintID,hintType,Primary,MeterHelper,started)=(4098,-1,1,0xb400007c9a87af40,0)
12-31 17:18:44.963  1014  1073 I ANDR-PERF-LM: Meter: asyncTriggerUpdate() 63: (hintID,hintType,meterName) = (4098, -1,VmRss)
12-31 17:18:44.963  1014  1073 D ANDR-PERF-LM: ThreadHelper: wakeUp() 103: (Meter,Helper,Name,pending)=(0xb400007c9a846700,0xb400007c9a87afe0,AdaptLaunch VmRss,1)
12-31 17:18:44.963  1329  3536 V ActivityTaskManager: Calling mServicetracker.OnActivityStateChange with flag falsestatePAUSING
12-31 17:18:44.963  1014  1073 I ANDR-PERF-LM: MetaMeter: handleAsync() 189: AdaptLaunch MetaMeter handleAsync End() Exit
12-31 17:18:44.963  1014  1073 I ANDR-PERF-LM: MetaMeter: isValidAsync() 194: AsyncInfo: hintID = 4098
12-31 17:18:44.963  1014  1073 I ANDR-PERF-LM: hintType: -1
12-31 17:18:44.963  1014  1073 I ANDR-PERF-LM: isPrimary = 0
12-31 17:18:44.963  1014  1073 I ANDR-PERF-LM: MetaMeter: isValidAsync() 196: (hintID,hintType,Primary) = (4098, -1, 1)
12-31 17:18:44.963  1014  1073 I ANDR-PERF-LM: MetaMeter: handleAsync() 173: AdaptLaunch MetaMeter handleAsync start() Entry
12-31 17:18:44.963  1014  1073 I ANDR-PERF-LM: MetaMeter: isPrimaryASync() 185: (hintID,hintType,Primary) = (4098, -1, 1)
12-31 17:18:44.963  1014  1073 D ANDR-PERF-LM: MetaMeter: handlePrimaryAsync() 102: AdaptLaunch MeterMgr-1 oldState = 0, newState = 1, asyncId = 4098
12-31 17:18:44.963  1014  1073 D ANDR-PERF-LM: MetaMeter: handlePrimaryAsync() 109: AdaptLaunch starting meters 1
12-31 17:18:44.963  1014  1073 I ANDR-PERF-LM: MetaMeter: startMeters() 221: AsyncInfo:(hintID,hintType,Primary,MeterHelper,started)=(4098,-1,1,0xb400007c9a87b080,0)
12-31 17:18:44.963  1014  1073 I ANDR-PERF-LM: Meter: asyncTriggerUpdate() 63: (hintID,hintType,meterName) = (4098, -1,VmRss)
