12-31 17:00:06.092  1329  2576 D ORMS_CORE: request mDecision:SAResult Info{ minCpuCore: 4 1 1 ,  minCpuFreq: 576000 652800 806400 ,  maxCpuCore: 6 1 1 ,  maxCpuFreq: -1 -1 -1 ,  minGpuCore: -1 ,  minGpuFreq: 275000000 ,  maxGpuCore: -1 ,  maxGpuFreq: 625000000 , Lpm=-1, clkscale=-1, schedwinstats=-1, twinpolicy=-1, fgwinpolicy=-1, bgwinpolicy=-1, schedPreferSpread=-1, colocate=-1, slb=-1, fpsgo=-1, schedBoost=-1, ddrFreq=-1, migrate= migfrate: -1 -1 -1 -1 , hardLevel=false, busyUpThres=null, busyDownThres=null, preferSilver=-1}
12-31 17:00:06.093  1329  2576 D ORMS_Platform : OplusBasePlatformQcSysFs: perflockAcquireEnd ,mask : 0x33f060cff8
12-31 17:00:06.093  2788  2788 W BiometricManager: resetLockout, packageName = com.android.systemui
12-31 17:00:06.093  1329  5354 W FingerprintService: Ignoring lockout reset, no templates enrolled
12-31 17:00:06.093  1329  2588 W FaceService: Ignoring lockout reset, no templates enrolled
12-31 17:00:06.095  1329  3282 D ActivityTaskManager: Top Process State changed to PROCESS_STATE_TOP
12-31 17:00:06.096  1329  3282 V ActivityTaskManager: Calling mServicetracker.OnActivityStateChange with flag truestateRESUMED
12-31 17:00:06.098  1329  3282 V ActivityTaskManager: Calling mServicetracker.OnActivityStateChange with flag falsestateRESUMED
12-31 17:00:06.142  1329  1719 V WindowManager: mIsWallpaper: setAlpha ok mShownAlpha = 0.76
12-31 17:00:06.146  1329  3821 D OppoUserManagerService: getMultiSystemUserId  res = -10000
12-31 17:00:06.155  1329  2284 E OplusCustomizeRestrictionManagerService: isBiometricDisabled start
12-31 17:00:06.155  1329  5354 E OplusCustomizeRestrictionManagerService: isBiometricDisabled start
12-31 17:00:06.156  1329  5369 I StatusBarManagerService: disableLocked, what:0, pkg:com.android.systemui userId: 0 token:android.os.BinderProxy@d3973b2 net1:0 net2:0
12-31 17:00:06.169  1329  1718 D PowerManagerService: setScreenBrightnessOverrideFromWindowManagerInternal brightness=NaN mScreenBrightnessOverrideFromWindowManager=NaN
12-31 17:00:06.171  1329  1718 I chatty  : uid=1000(system) android.display identical 9 lines
12-31 17:00:06.171  1329  1718 D PowerManagerService: setScreenBrightnessOverrideFromWindowManagerInternal brightness=NaN mScreenBrightnessOverrideFromWindowManager=NaN
12-31 17:00:06.175  1329  1718 V UsbDeviceManager: onKeyguardStateChanged: isShowing:false secure:false user:0
12-31 17:00:06.188  1329  2284 E OplusCustomizeRestrictionManagerService: isBiometricDisabled start
12-31 17:00:06.189  1329  3536 E OplusCustomizeRestrictionManagerService: isBiometricDisabled start
12-31 17:00:06.199  1329  5356 I OplusCustomizeService: pkg:com.android.systemui isPlatformSigned, return true drectly 
12-31 17:00:06.203  1329  2283 V WindowManager: Changing focus from Window{bb28743 u0 NotificationShade} to Window{527431b u0 com.oppo.launcher/com.oppo.launcher.Launcher},diplayid=0
12-31 17:00:06.206  1329  4016 I OplusCustomizeService: pkg:com.android.systemui isPlatformSigned, return true drectly 
12-31 17:00:06.206  1329  4016 E OplusCustomizeRestrictionManagerService: getMobileDataMode error :s == null
12-31 17:00:06.207  1329  4016 I OplusCustomizeService: pkg:com.android.systemui isPlatformSigned, return true drectly 
12-31 17:00:06.209  1329  3785 I OplusCustomizeService: pkg:com.android.systemui isPlatformSigned, return true drectly 
12-31 17:00:06.211  1329  4016 I OplusCustomizeService: pkg:com.android.systemui isPlatformSigned, return true drectly 
12-31 17:00:06.219  1329  1329 D ColorInputMethodManagerServiceEx: onHandleImeWindowVisibleStatus handledVis: 0, switcher visible: 0, switcher active: 0, needsToShowImeSwitcher: false
12-31 17:00:06.219  1329  4438 D OplusFeatureColorMode: +updateUserPresent
12-31 17:00:06.223  1329  1819 W BroadcastQueue: Background execution not allowed: receiving Intent { act=android.intent.action.USER_PRESENT flg=0x24280010 } to com.google.android.gms/.auth.setup.devicesignals.LockScreenReceiver
12-31 17:00:06.223  1329  1819 W BroadcastQueue: Background execution not allowed: receiving Intent { act=android.intent.action.USER_PRESENT flg=0x24280010 } to com.google.android.gms/.chimera.GmsIntentOperationService$PersistentTrustedReceiver
12-31 17:00:06.223  1329  1819 W BroadcastQueue: Background execution not allowed: receiving Intent { act=android.intent.action.USER_PRESENT flg=0x24280010 } to com.helichuanmei.jinshijiankang/com.igexin.sdk.PushReceiver
12-31 17:00:06.223  1329  1819 V ColorAppStartupManager: sikp broadcast for proc does not exist, pkg:com.ruguoapp.jike, action:android.intent.action.USER_PRESENT
12-31 17:00:06.251  1329  1718 D PowerManagerService: setScreenBrightnessOverrideFromWindowManagerInternal brightness=NaN mScreenBrightnessOverrideFromWindowManager=NaN
12-31 17:00:06.252  1329  1718 I chatty  : uid=1000(system) android.display identical 1 line
12-31 17:00:06.253  1329  1718 D PowerManagerService: setScreenBrightnessOverrideFromWindowManagerInternal brightness=NaN mScreenBrightnessOverrideFromWindowManager=NaN
12-31 17:00:06.268  1329  2283 D OppoUserManagerService: getMultiSystemUserId  res = -10000
12-31 17:00:06.271  1329  1718 D PowerManagerService: setScreenBrightnessOverrideFromWindowManagerInternal brightness=NaN mScreenBrightnessOverrideFromWindowManager=NaN
12-31 17:00:06.274  1329  2283 D OppoUserManagerService: getMultiSystemUserId  res = -10000
12-31 17:00:06.289  1329  2283 D ColorGuardElfFeature: ICharger set value = 0
12-31 17:00:06.289  1329  2283 D ColorGuardElfFeature: calling class name = ThermalControlUtils
12-31 17:00:06.290  3642  4950 D OppoBatteryManager: set charge value = 0
12-31 17:00:06.304  1329  1718 D PowerManagerService: setScreenBrightnessOverrideFromWindowManagerInternal brightness=NaN mScreenBrightnessOverrideFromWindowManager=NaN
12-31 17:00:06.327  1329  1718 D PowerManagerService: setScreenBrightnessOverrideFromWindowManagerInternal brightness=NaN mScreenBrightnessOverrideFromWindowManager=NaN
12-31 17:00:06.463  1329  1719 V ColorZoomWindowManagerService: onAnimationFinished:  r = ActivityRecord{7e38601 u0 com.oppo.launcher/.Launcher t2}
12-31 17:00:06.464  1329  1719 I ColorAppSwitchManagerService:  handleAppVisible , r = ActivityRecord{7e38601 u0 com.oppo.launcher/.Launcher t2}
12-31 17:00:06.464  1329  1719 I OplusMirageDisplayManagerService: onAnimationFinished:
12-31 17:00:06.471  1329  1718 I DisplayManagerService: Comparing display specs: baseModeId=1 primaryRefreshRateRange=[60 60] appRequestRefreshRateRange=[60 60], existing: baseModeId=2 primaryRefreshRateRange=[90 90] appRequestRefreshRateRange=[90 90]
12-31 17:00:06.471  1329  1718 D PowerManagerService: setScreenBrightnessOverrideFromWindowManagerInternal brightness=NaN mScreenBrightnessOverrideFromWindowManager=NaN
12-31 17:00:06.471  1329  1718 I chatty  : uid=1000(system) android.display identical 1 line
12-31 17:00:06.474  1329  1718 D PowerManagerService: setScreenBrightnessOverrideFromWindowManagerInternal brightness=NaN mScreenBrightnessOverrideFromWindowManager=NaN
12-31 17:00:06.479  1329  1718 I DisplayManagerService: Display device changed: DisplayDeviceInfo{"": uniqueId="local:19260944289885569", 1080 x 2400, modeId 1, defaultModeId 1, supportedModes [{id=1, width=1080, height=2400, fps=60.000004}, {id=2, width=1080, height=2400, fps=90.0}], colorMode 0, supportedColorModes [0, 7, 9], HdrCapabilities HdrCapabilities{mSupportedHdrTypes=[2, 3, 4], mMaxLuminance=430.0, mMaxAverageLuminance=215.05115, mMinLuminance=0.1023}, allmSupported false, gameContentTypeSupported false, density 480, 403.411 x 401.052 dpi, appVsyncOff 1000000, presDeadline 16666666, cutout DisplayCutout{insets=Rect(0, 115 - 0, 0) waterfall=Insets{left=0, top=0, right=0, bottom=0} boundingRect={Bounds=[Rect(0, 0 - 0, 0), Rect(0, 0 - 150, 115), Rect(0, 0 - 0, 0), Rect(0, 0 - 0, 0)]}}, touch INTERNAL, rotation 0, type INTERNAL, address {port=129, model=0x446dba0e6fed}, deviceProductInfo DeviceProductInfo{name=, manufacturerPnpId=QCM, productId=1, modelYear=null, manufactureDate=ManufactureDate{week=27, year=2006}, relativeAddress=null}, state ON, FLAG_DEFAULT_DISPLAY, FLAG_ROTATES_WITH_CONTENT, FLAG_SECURE, FLAG_SUPPORTS_PROTECTED_BUFFERS}
12-31 17:00:06.481  1329  1718 D DisplayManagerService: Delivering display event: displayId=0, event=2
12-31 17:00:06.481  1329  1850 D OppoPowerManagerHelper: onDisplayChanged:0
12-31 17:00:06.482  1329  1329 I OppoWallpaperManagerServiceHelper: onDisplayChanged. displayId = 0
12-31 17:00:06.482  1329  1712 D ColorZoomWindowManagerService: current size = 1080 x 2400, density = 3.0
12-31 17:00:06.509  1329  1718 D PowerManagerService: setScreenBrightnessOverrideFromWindowManagerInternal brightness=NaN mScreenBrightnessOverrideFromWindowManager=NaN
12-31 17:00:06.510  1329  1718 D PowerManagerService: setScreenBrightnessOverrideFromWindowManagerInternal brightness=NaN mScreenBrightnessOverrideFromWindowManager=NaN
12-31 17:00:06.857 25776 27747 W ContextImpl: Calling a method in the system process without a qualified user: android.app.ContextImpl.startService:1701 android.content.ContextWrapper.startService:730 com.coloros.statistics.dcs.c.b.a:216 com.coloros.statistics.dcs.c.b.a:143 com.coloros.statistics.dcs.a.c.a:14 
12-31 17:00:06.859 25776 27747 W ContextImpl: Calling a method in the system process without a qualified user: android.app.ContextImpl.startService:1701 android.content.ContextWrapper.startService:730 com.coloros.statistics.dcs.c.b.a:216 com.coloros.statistics.dcs.c.b.a:143 com.coloros.statistics.dcs.a.c.a:14 
12-31 17:00:09.105  1329  1850 D OppoDisplayPowerControlBrightnessHelper: handleMessage:101
12-31 17:00:09.586  1329  3481 D BatteryLed: getLightInColorState, oppoLightMgr empty!
12-31 17:00:10.356  1329  2544 D ConnectivityService: oppo_sla:update the LinkProperties
12-31 17:00:10.898  1329  2576 D ORMS_CORE: receiveIdleMsg SceneInfo: SceneInfo{id=1012, frames=120, timeout=2000, launch_type=-1, dozeMode=0, pkgHash='1fed8966ef1d2c85', sceneName='ORMS_APP_SCENE_LAUNCHER', touchEnable='-1', hardLevel='0'}  mCurrentPkgName: com.oppo.launcher
12-31 17:00:11.485  1329  2283 D OppoUserManagerService: getMultiSystemUserId  res = -10000
12-31 17:00:11.491  1329 13945 I ColorStatusBarManagerService:  getTopIsFullscreen mTopIsFullscreen: false
12-31 17:00:11.573  1329  1718 D PowerManagerService: setScreenBrightnessOverrideFromWindowManagerInternal brightness=NaN mScreenBrightnessOverrideFromWindowManager=NaN
12-31 17:00:11.597  1329  1718 I chatty  : uid=1000(system) android.display identical 5 lines
12-31 17:00:11.608  1329  1718 D PowerManagerService: setScreenBrightnessOverrideFromWindowManagerInternal brightness=NaN mScreenBrightnessOverrideFromWindowManager=NaN
12-31 17:00:13.853  1329  2568 D JobScheduler.Temperature: get temperature=27.328
12-31 17:00:17.260  1329  1718 D PowerManagerService: setScreenBrightnessOverrideFromWindowManagerInternal brightness=NaN mScreenBrightnessOverrideFromWindowManager=NaN
12-31 17:00:17.727  1329  1718 I chatty  : uid=1000(system) android.display identical 2 lines
12-31 17:00:17.734  1329  1718 D PowerManagerService: setScreenBrightnessOverrideFromWindowManagerInternal brightness=NaN mScreenBrightnessOverrideFromWindowManager=NaN
12-31 17:00:18.004  1329  1721 V OppoBaseWatchdog: @WatchDog_ error e: java.io.FileNotFoundException: /d/wakeup_sources: open failed: ENOENT (No such file or directory)
12-31 17:00:23.865  1329  2568 D JobScheduler.Temperature: get temperature=27.518
12-31 17:00:26.247  1329  1329 D OppoBaseBatteryService: send broadcast : oppo.intent.action.BATTERY_DATA_UPDATE
12-31 17:00:26.248  1329  1329 W ContextImpl: Calling a method in the system process without a qualified user: android.app.ContextImpl.sendBroadcast:1158 com.android.server.OppoBaseBatteryService$2.run:280 android.os.Handler.handleCallback:938 android.os.Handler.dispatchMessage:99 android.os.Looper.loop:263 
12-31 17:00:33.875  1329  2568 D JobScheduler.Temperature: get temperature=27.62
12-31 17:00:43.878  1329  2568 D JobScheduler.Temperature: get temperature=27.62
12-31 17:00:48.005  1329  1721 V OppoBaseWatchdog: @WatchDog_ error e: java.io.FileNotFoundException: /d/wakeup_sources: open failed: ENOENT (No such file or directory)
12-31 17:00:53.890  1329  2568 D JobScheduler.Temperature: get temperature=27.62
12-31 17:00:59.280  1329  1329 D OppoBaseBatteryService: send broadcast : oppo.intent.action.BATTERY_DATA_UPDATE
12-31 17:00:59.280  1329  1329 W ContextImpl: Calling a method in the system process without a qualified user: android.app.ContextImpl.sendBroadcast:1158 com.android.server.OppoBaseBatteryService$2.run:280 android.os.Handler.handleCallback:938 android.os.Handler.dispatchMessage:99 android.os.Looper.loop:263 
12-31 17:01:00.026  1329  2283 E OplusCustomizeRestrictionManagerService: isBiometricDisabled start
12-31 17:01:00.029  1329  5356 E OplusCustomizeRestrictionManagerService: isBiometricDisabled start
12-31 17:01:03.901  1329  2568 D JobScheduler.Temperature: get temperature=27.62
12-31 17:01:13.912  1329  2568 D JobScheduler.Temperature: get temperature=27.711
12-31 17:01:18.006  1329  1721 V OppoBaseWatchdog: @WatchDog_ error e: java.io.FileNotFoundException: /d/wakeup_sources: open failed: ENOENT (No such file or directory)
12-31 17:01:23.922  1329  2568 D JobScheduler.Temperature: get temperature=27.711
12-31 17:01:33.924  1329  2568 D JobScheduler.Temperature: get temperature=27.711
12-31 17:01:41.263  1329  1329 D OppoBaseBatteryService: send broadcast : oppo.intent.action.BATTERY_DATA_UPDATE
12-31 17:01:41.263  1329  1329 W ContextImpl: Calling a method in the system process without a qualified user: android.app.ContextImpl.sendBroadcast:1158 com.android.server.OppoBaseBatteryService$2.run:280 android.os.Handler.handleCallback:938 android.os.Handler.dispatchMessage:99 android.os.Looper.loop:263 
12-31 17:01:43.935  1329  2568 D JobScheduler.Temperature: get temperature=27.711
12-31 17:01:48.008  1329  1721 V OppoBaseWatchdog: @WatchDog_ error e: java.io.FileNotFoundException: /d/wakeup_sources: open failed: ENOENT (No such file or directory)
12-31 17:01:53.945  1329  2568 D JobScheduler.Temperature: get temperature=27.804
12-31 17:01:58.793  1329  1850 D OplusFeatureReduceBrightness: appReduceBtnSwitch is off for low power mode
12-31 17:01:58.793  1329  1850 D DisplayPowerController: Animating brightness: target=4.0, rate=1600.0, source= 11
12-31 17:01:58.795  1329  1850 D OplusDisplayPowerControllerFeature: [onAnimateScreenBrightness] brightness = 4
12-31 17:01:58.796  1329  1850 E OplusBiometricWakeupManager: return mBrightness != 0
12-31 17:01:58.796  1329  2647 W LightsService: setBrightness brightness: 536.0, brightnessMode:0
12-31 17:01:58.805  1329  1850 D OplusFeatureReduceBrightness: appReduceBtnSwitch is off for low power mode
12-31 17:01:58.805  1329  1850 D DisplayPowerController: Animating brightness: target=4.0, rate=125.0, source= 11
12-31 17:01:58.813  1329  2647 W LightsService: setBrightness brightness: 516.0, brightnessMode:0
12-31 17:01:58.824  1329  1850 D OplusFeatureReduceBrightness: appReduceBtnSwitch is off for low power mode
12-31 17:01:58.824  1329  1850 D DisplayPowerController: Animating brightness: target=4.0, rate=125.0, source= 11
12-31 17:01:58.829  1329  2647 W LightsService: setBrightness brightness: 496.0, brightnessMode:0
12-31 17:01:58.838  1329  1850 D OplusFeatureReduceBrightness: appReduceBtnSwitch is off for low power mode
12-31 17:01:58.838  1329  1850 D DisplayPowerController: Animating brightness: target=4.0, rate=125.0, source= 11
12-31 17:01:58.846  1329  2647 W LightsService: setBrightness brightness: 476.0, brightnessMode:0
12-31 17:01:58.854  1329  1850 D OplusFeatureReduceBrightness: appReduceBtnSwitch is off for low power mode
12-31 17:01:58.854  1329  1850 D DisplayPowerController: Animating brightness: target=4.0, rate=125.0, source= 11
12-31 17:01:58.863  1329  2647 W LightsService: setBrightness brightness: 456.0, brightnessMode:0
12-31 17:01:58.872  1329  1850 D OplusFeatureReduceBrightness: appReduceBtnSwitch is off for low power mode
12-31 17:01:58.873  1329  1850 D DisplayPowerController: Animating brightness: target=4.0, rate=125.0, source= 11
12-31 17:01:58.880  1329  2647 W LightsService: setBrightness brightness: 436.0, brightnessMode:0
12-31 17:01:58.890  1329  1850 D OplusFeatureReduceBrightness: appReduceBtnSwitch is off for low power mode
12-31 17:01:58.890  1329  1850 D DisplayPowerController: Animating brightness: target=4.0, rate=125.0, source= 11
12-31 17:01:58.896  1329  2647 W LightsService: setBrightness brightness: 416.0, brightnessMode:0
12-31 17:01:58.905  1329  1850 D OplusFeatureReduceBrightness: appReduceBtnSwitch is off for low power mode
12-31 17:01:58.905  1329  1850 D DisplayPowerController: Animating brightness: target=4.0, rate=125.0, source= 11
12-31 17:01:58.913  1329  2647 W LightsService: setBrightness brightness: 396.0, brightnessMode:0
12-31 17:01:58.922  1329  1850 D OplusFeatureReduceBrightness: appReduceBtnSwitch is off for low power mode
12-31 17:01:58.922  1329  1850 D DisplayPowerController: Animating brightness: target=4.0, rate=125.0, source= 11
12-31 17:01:58.931  1329  2647 W LightsService: setBrightness brightness: 376.0, brightnessMode:0
12-31 17:01:58.941  1329  1850 D OplusFeatureReduceBrightness: appReduceBtnSwitch is off for low power mode
12-31 17:01:58.941  1329  1850 D DisplayPowerController: Animating brightness: target=4.0, rate=125.0, source= 11
12-31 17:01:58.947  1329  2647 W LightsService: setBrightness brightness: 356.0, brightnessMode:0
12-31 17:01:58.956  1329  1850 D OplusFeatureReduceBrightness: appReduceBtnSwitch is off for low power mode
12-31 17:01:58.956  1329  1850 D DisplayPowerController: Animating brightness: target=4.0, rate=125.0, source= 11
12-31 17:01:58.964  1329  2647 W LightsService: setBrightness brightness: 336.0, brightnessMode:0
12-31 17:01:58.974  1329  1850 D OplusFeatureReduceBrightness: appReduceBtnSwitch is off for low power mode
12-31 17:01:58.974  1329  1850 D DisplayPowerController: Animating brightness: target=4.0, rate=125.0, source= 11
12-31 17:01:58.981  1329  2647 W LightsService: setBrightness brightness: 316.0, brightnessMode:0
12-31 17:01:58.990  1329  1850 D OplusFeatureReduceBrightness: appReduceBtnSwitch is off for low power mode
12-31 17:01:58.990  1329  1850 D DisplayPowerController: Animating brightness: target=4.0, rate=125.0, source= 11
12-31 17:01:58.998  1329  2647 W LightsService: setBrightness brightness: 296.0, brightnessMode:0
12-31 17:01:59.005  1329  1850 D OplusFeatureReduceBrightness: appReduceBtnSwitch is off for low power mode
12-31 17:01:59.005  1329  1850 D DisplayPowerController: Animating brightness: target=4.0, rate=125.0, source= 11
12-31 17:01:59.015  1329  2647 W LightsService: setBrightness brightness: 276.0, brightnessMode:0
12-31 17:01:59.022  1329  1850 D OplusFeatureReduceBrightness: appReduceBtnSwitch is off for low power mode
12-31 17:01:59.022  1329  1850 D DisplayPowerController: Animating brightness: target=4.0, rate=125.0, source= 11
12-31 17:01:59.033  1329  2647 W LightsService: setBrightness brightness: 256.0, brightnessMode:0
12-31 17:01:59.041  1329  1850 D OplusFeatureReduceBrightness: appReduceBtnSwitch is off for low power mode
12-31 17:01:59.041  1329  1850 D DisplayPowerController: Animating brightness: target=4.0, rate=125.0, source= 11
12-31 17:01:59.048  1329  2647 W LightsService: setBrightness brightness: 236.0, brightnessMode:0
12-31 17:01:59.057  1329  1850 D OplusFeatureReduceBrightness: appReduceBtnSwitch is off for low power mode
12-31 17:01:59.057  1329  1850 D DisplayPowerController: Animating brightness: target=4.0, rate=125.0, source= 11
12-31 17:01:59.065  1329  2647 W LightsService: setBrightness brightness: 216.0, brightnessMode:0
12-31 17:01:59.075  1329  1850 D OplusFeatureReduceBrightness: appReduceBtnSwitch is off for low power mode
12-31 17:01:59.075  1329  1850 D DisplayPowerController: Animating brightness: target=4.0, rate=125.0, source= 11
12-31 17:01:59.083  1329  2647 D ScreenMode: enter DC and low brightness mode:true
12-31 17:01:59.083  1329  2647 W LightsService: setBrightness brightness: 196.0, brightnessMode:0
12-31 17:01:59.085  1329  1718 D PowerManagerService: setScreenBrightnessOverrideFromWindowManagerInternal brightness=NaN mScreenBrightnessOverrideFromWindowManager=NaN
12-31 17:01:59.093  1329  1850 D OplusFeatureReduceBrightness: appReduceBtnSwitch is off for low power mode
12-31 17:01:59.093  1329  1850 D DisplayPowerController: Animating brightness: target=4.0, rate=125.0, source= 11
12-31 17:01:59.099  1329  2647 W LightsService: setBrightness brightness: 176.0, brightnessMode:0
12-31 17:01:59.109  1329  1850 D OplusFeatureReduceBrightness: appReduceBtnSwitch is off for low power mode
12-31 17:01:59.109  1329  1850 D DisplayPowerController: Animating brightness: target=4.0, rate=125.0, source= 11
12-31 17:01:59.116  1329  2647 W LightsService: setBrightness brightness: 156.0, brightnessMode:0
12-31 17:01:59.127  1329  1850 D OplusFeatureReduceBrightness: appReduceBtnSwitch is off for low power mode
12-31 17:01:59.127  1329  1850 D DisplayPowerController: Animating brightness: target=4.0, rate=125.0, source= 11
12-31 17:01:59.133  1329  2647 W LightsService: setBrightness brightness: 136.0, brightnessMode:0
12-31 17:01:59.137  1329  1850 D OplusFeatureReduceBrightness: appReduceBtnSwitch is off for low power mode
12-31 17:01:59.137  1329  1850 D DisplayPowerController: Animating brightness: target=4.0, rate=125.0, source= 11
12-31 17:01:59.150  1329  2647 W LightsService: setBrightness brightness: 116.0, brightnessMode:0
12-31 17:01:59.153  1329  2647 D OplusFeatureDCBacklight: notifySfRepaintEverything begin mCurrentDCMode:-1
12-31 17:01:59.156  1329  1850 D OplusFeatureReduceBrightness: appReduceBtnSwitch is off for low power mode
12-31 17:01:59.156  1329  1850 D DisplayPowerController: Animating brightness: target=4.0, rate=125.0, source= 11
12-31 17:01:59.167  1329  2647 W LightsService: setBrightness brightness: 96.0, brightnessMode:0
12-31 17:01:59.170  1329  2647 D OplusFeatureDCBacklight: notifySfRepaintEverything begin mCurrentDCMode:-1
12-31 17:01:59.174  1329  1850 D OplusFeatureReduceBrightness: appReduceBtnSwitch is off for low power mode
12-31 17:01:59.174  1329  1850 D DisplayPowerController: Animating brightness: target=4.0, rate=125.0, source= 11
12-31 17:01:59.183  1329  2647 W LightsService: setBrightness brightness: 76.0, brightnessMode:0
12-31 17:01:59.190  1329  2647 D OplusFeatureDCBacklight: notifySfRepaintEverything begin mCurrentDCMode:-1
12-31 17:01:59.193  1329  1850 D OplusFeatureReduceBrightness: appReduceBtnSwitch is off for low power mode
12-31 17:01:59.193  1329  1850 D DisplayPowerController: Animating brightness: target=4.0, rate=125.0, source= 11
12-31 17:01:59.200  1329  2647 W LightsService: setBrightness brightness: 56.0, brightnessMode:0
12-31 17:01:59.207  1329  2647 D OplusFeatureDCBacklight: notifySfRepaintEverything begin mCurrentDCMode:-1
12-31 17:01:59.211  1329  1850 D OplusFeatureReduceBrightness: appReduceBtnSwitch is off for low power mode
12-31 17:01:59.211  1329  1850 D DisplayPowerController: Animating brightness: target=4.0, rate=125.0, source= 11
12-31 17:01:59.217  1329  2647 W LightsService: setBrightness brightness: 36.0, brightnessMode:0
12-31 17:01:59.223  1329  2647 D OplusFeatureDCBacklight: notifySfRepaintEverything begin mCurrentDCMode:-1
12-31 17:01:59.226  1329  1850 D OplusFeatureReduceBrightness: appReduceBtnSwitch is off for low power mode
12-31 17:01:59.226  1329  1850 D DisplayPowerController: Animating brightness: target=4.0, rate=125.0, source= 11
12-31 17:01:59.234  1329  2647 W LightsService: setBrightness brightness: 16.0, brightnessMode:0
12-31 17:01:59.242  1329  2647 D OplusFeatureDCBacklight: notifySfRepaintEverything begin mCurrentDCMode:-1
12-31 17:01:59.245  1329  1850 D OplusFeatureReduceBrightness: appReduceBtnSwitch is off for low power mode
12-31 17:01:59.245  1329  1850 D DisplayPowerController: Animating brightness: target=4.0, rate=125.0, source= 11
12-31 17:01:59.250  1329  1850 D OplusFeatureReduceBrightness: appReduceBtnSwitch is off for low power mode
12-31 17:01:59.250  1329  1850 D DisplayPowerController: Animating brightness: target=4.0, rate=125.0, source= 11
12-31 17:01:59.251  1329  2647 W LightsService: setBrightness brightness: 4.0, brightnessMode:0
12-31 17:01:59.257  1329  2647 D OplusFeatureDCBacklight: notifySfRepaintEverything begin mCurrentDCMode:-1
12-31 17:01:59.261  1329  1850 D OplusFeatureReduceBrightness: appReduceBtnSwitch is off for low power mode
12-31 17:01:59.261  1329  1850 D DisplayPowerController: Animating brightness: target=4.0, rate=125.0, source= 11
12-31 17:02:00.020  1329  5354 E OplusCustomizeRestrictionManagerService: isBiometricDisabled start
12-31 17:02:00.021  1329 13945 E OplusCustomizeRestrictionManagerService: isBiometricDisabled start
12-31 17:02:03.956  1329  2568 D JobScheduler.Temperature: get temperature=27.804
12-31 17:02:05.793  1329  1850 D OppoPowerManagerHelper: goToSleepNoUpdateLocked  needIntercepet: false
12-31 17:02:05.793  1329  1850 D Assassin: [onGoToSleepNoUpdateLockedBegin]
12-31 17:02:05.793  1329  1850 D OppoPowerManagerHelper: [onGoToSleep]
12-31 17:02:05.794  1329  1850 I PowerManagerService: Going to sleep due to timeout (uid 1000)...
12-31 17:02:05.796  1329  1329 D ColorInputMethodManagerServiceEx: onHandleImeWindowVisibleStatus handledVis: 0, switcher visible: 0, switcher active: 0, needsToShowImeSwitcher: false
12-31 17:02:05.827  1329  1718 D PowerManagerService: setScreenBrightnessOverrideFromWindowManagerInternal brightness=NaN mScreenBrightnessOverrideFromWindowManager=NaN
12-31 17:02:05.832  1329  5354 E OplusCustomizeRestrictionManagerService: isBiometricDisabled start
12-31 17:02:05.833  1329  5354 E OplusCustomizeRestrictionManagerService: isBiometricDisabled start
12-31 17:02:05.971  1329  1850 D OplusDisplayPowerControllerFeature: [onGoToSleepFinish]
12-31 17:02:05.973  1329  1850 I DisplayPowerController: Blocking screen off
12-31 17:02:05.973  1329  2647 W LightsService: setBrightness brightness: 0.0, brightnessMode:0
12-31 17:02:05.973  1329  1850 I DisplayPowerController: Unblocked screen off after 0 ms
12-31 17:02:05.974  1329  1850 D OplusFeatureReduceBrightness: unregisterByNewImpl
12-31 17:02:05.974  1329  1850 I ColorAppSwitchManagerService: appswitch unregisterAppSwitchObserver pkgName = android config = OplusAppSwitchConfig = {  mConfigs = {} observerFingerPrint = 243562750}
12-31 17:02:05.974  1329  1850 I ColorAppSwitchStateDispatcher: unregisterAppSwitchObserver ok, pkgName = android info = ColorAppSwitchRuleInfo = {  observer = null observerFingerPrint = 243562750}
12-31 17:02:05.974  1329  1850 V OplusMirageDisplayManagerService: notifyMirageWindowExit size: 0
12-31 17:02:05.975  1329  1850 V OplusMirageDisplayManagerService: notifyMirageWindowExit info: OplusMirageWindowInfo = {  pkgName = null windowShown = false cpnName = null width = 0 height = 0 taskId = 0 stackId = 0 flag = 0 castMode = 0 castFlag = 0 extension = Bundle[{}]}
12-31 17:02:05.975  1329  1850 I OplusMirageDisplayManagerService: goingToSleep
12-31 17:02:05.975  1329  1850 D ActivityTaskManager: Top Process State changed to PROCESS_STATE_TOP_SLEEPING
12-31 17:02:05.983  1329  2647 D OplusFeatureDCBacklight: notifySfRepaintEverything begin mCurrentDCMode:-1
12-31 17:02:05.998  1329  1830 W KernelWakelockReader: readKernelWakelockStats old read cost 1
12-31 17:02:05.999  1329  1850 V ActivityTaskManager: Calling mServicetracker.OnActivityStateChange with flag truestatePAUSING
12-31 17:02:06.000  1329  1850 V ActivityTaskManager: Calling mServicetracker.OnActivityStateChange with flag falsestatePAUSING
12-31 17:02:06.004  1329  1850 D ColorAutomaticBrightnessController: setLightSensorEnabled: enable=false, mLightSensorEnabled=true
12-31 17:02:06.006  1329  6938 W ContextImpl: Calling a method in the system process without a qualified user: android.app.ContextImpl.sendBroadcast:1158 com.android.server.policy.OppoPhoneWindowManager$8.run:1670 java.lang.Thread.run:923 <bottom of call stack> <bottom of call stack> 
12-31 17:02:06.006  1329 13945 V ActivityTaskManager: Calling mServicetracker.OnActivityStateChange with flag truestatePAUSED
12-31 17:02:06.006  1329 13945 V ActivityTaskManager: Calling mServicetracker.OnActivityStateChange with flag falsestatePAUSED
12-31 17:02:06.009  1329  2647 W LightsService: setBrightness brightness: -1.0, brightnessMode:0
12-31 17:02:06.010  1329  2647 D OplusFeatureDCBacklight: notifySfRepaintEverything begin mCurrentDCMode:-1
12-31 17:02:06.013  1329  1718 V ActivityTaskManager: Calling mServicetracker.OnActivityStateChange with flag truestateSTOPPING
12-31 17:02:06.013  1329  1718 V ActivityTaskManager: Calling mServicetracker.OnActivityStateChange with flag falsestateSTOPPING
12-31 17:02:06.014  1329  1718 D WindowManager: WARNING: focused app window can't receive keys, focusedApp:ActivityRecord{7e38601 u0 com.oppo.launcher/.Launcher t2} window:Window{527431b u0 com.oppo.launcher/com.oppo.launcher.Launcher}
12-31 17:02:06.014  1329  1718 D WindowManager: isRecentsAnimationConsumingAppInput:false isParentWindowHidden:false mAnimatingExit:false mRelayoutCalled:true
12-31 17:02:06.015  1329  1718 D WindowManager: WARNING: focused app window can't receive keys, focusedApp:ActivityRecord{7e38601 u0 com.oppo.launcher/.Launcher t2} window:Window{527431b u0 com.oppo.launcher/com.oppo.launcher.Launcher}
12-31 17:02:06.015  1329  1718 D WindowManager: isRecentsAnimationConsumingAppInput:false isParentWindowHidden:false mAnimatingExit:false mRelayoutCalled:true
12-31 17:02:06.015  1329  1718 V WindowManager: Changing focus from Window{527431b u0 com.oppo.launcher/com.oppo.launcher.Launcher} to null,diplayid=0
12-31 17:02:06.018  1329  5354 I OplusCustomizeService: pkg:com.android.systemui isPlatformSigned, return true drectly 
12-31 17:02:06.026  1329  2283 I OplusCustomizeService: pkg:com.android.systemui isPlatformSigned, return true drectly 
12-31 17:02:06.026  1329  2283 E OplusCustomizeRestrictionManagerService: getMobileDataMode error :s == null
12-31 17:02:06.027  1329  2283 I OplusCustomizeService: pkg:com.android.systemui isPlatformSigned, return true drectly 
12-31 17:02:06.029  1329  2283 I OplusCustomizeService: pkg:com.android.systemui isPlatformSigned, return true drectly 
12-31 17:02:06.030 23902 23902 D ColorViewRootUtil: initSwipState, isDisplayCompatApp false
12-31 17:02:06.030 23902 23902 D ColorViewRootUtil: mScreenHeight 2400, mScreenWidth 1080
12-31 17:02:06.031  1329  1718 V ColorZoomWindowManagerService: onAnimationFinished:  r = ActivityRecord{7e38601 u0 com.oppo.launcher/.Launcher t2}
12-31 17:02:06.031  1329  1718 I OplusMirageDisplayManagerService: onAnimationFinished:
12-31 17:02:06.032  1329 13945 I OplusCustomizeService: pkg:com.android.systemui isPlatformSigned, return true drectly 
12-31 17:02:06.040  1329  1718 I DisplayManagerService: Display device changed state: "", OFF
12-31 17:02:06.044  1329  1718 D PowerManagerService: setScreenBrightnessOverrideFromWindowManagerInternal brightness=NaN mScreenBrightnessOverrideFromWindowManager=NaN
12-31 17:02:06.044  1329  1718 I chatty  : uid=1000(system) android.display identical 1 line
12-31 17:02:06.045  1329  1718 D PowerManagerService: setScreenBrightnessOverrideFromWindowManagerInternal brightness=NaN mScreenBrightnessOverrideFromWindowManager=NaN
12-31 17:02:06.047  1329  1718 D DisplayManagerService: Delivering display event: displayId=0, event=2
12-31 17:02:06.048  1329  1850 D OppoPowerManagerHelper: onDisplayChanged:0
12-31 17:02:06.048  1329  1712 D ColorZoomWindowManagerService: current size = 1080 x 2400, density = 3.0
12-31 17:02:06.049  1329  2438 D OplusDisplayStateMonitor: screenState: STATE_OFF  last screenState: STATE_ON
12-31 17:02:06.049  1329  2438 D OplusDisplayStateMonitor: start stats due to screen off
12-31 17:02:06.049  1329  1329 I OppoWallpaperManagerServiceHelper: onDisplayChanged. displayId = 0
12-31 17:02:06.064  1329  3785 V ActivityTaskManager: Calling mServicetracker.OnActivityStateChange with flag truestateSTOPPED
12-31 17:02:06.064  1329  3785 V ActivityTaskManager: Calling mServicetracker.OnActivityStateChange with flag falsestateSTOPPED
12-31 17:02:06.086  1329  1718 D PowerManagerService: setScreenBrightnessOverrideFromWindowManagerInternal brightness=NaN mScreenBrightnessOverrideFromWindowManager=NaN
12-31 17:02:06.110  1329  1718 I chatty  : uid=1000(system) android.display identical 9 lines
12-31 17:02:06.110  1329  1718 D PowerManagerService: setScreenBrightnessOverrideFromWindowManagerInternal brightness=NaN mScreenBrightnessOverrideFromWindowManager=NaN
12-31 17:02:06.229  1329  2647 D ColorSilentRebootManager: silence flags file value is :0
12-31 17:02:06.230  1329  1850 I PowerManagerService: Sleeping (uid 1000)...
12-31 17:02:06.232  1329  1850 D ORMS_CORE: Set notification:  src: 1, type: 0, p1: 0, p2: 0, p3: 0, p4: 
12-31 17:02:06.232  1329  2576 D ORMS_CORE: FinalSceneAction null
12-31 17:02:06.232  1329  2576 D ORMS_Platform : OplusBasePlatformQcSysFs: reset ,mask .
12-31 17:02:06.232  1329  2576 I ORMS_CORE: Use screen off config
12-31 17:02:06.232  1329  2576 D ORMS_HISTORY: setSoCLimit screenoff
12-31 17:02:06.232  1329  2576 D ORMS_CORE: TCpuL:-1 TGpuL:-1 TCtrlL:-1 TModeOn:0 IdleS:0 PowerMode:NORMAL_MODE BenchMark:0 HaveCtrlD:0
12-31 17:02:06.232  1329  2576 D ORMS_CORE: saConfig:,SAResult Info{minCore=[4, -1, -1, -1]minFreq=[518400, -1, -1, -1]maxCore=[6, 1, 0, 0]maxFreq=[-1, 1401600, -1, -1], ddr=-1, lpm=-1, sb=-1, prio=-1, fpsgo=-1, migrate= migfrate: , mask=null, clkscale=-1, schedwinstats=-1, twinpolicy=-1, fgwinpolicy=-1, bgwinpolicy=-1, schedPreferSpread=-1, colocate=-1, slb=-1, nice=0, extActId=-1, extTime=-1, hardLevel=0, busyUpThres=null, busyDownThres=null}
12-31 17:02:06.232  1329  2576 D ORMS_CORE: request mDecision:SAResult Info{ minCpuCore: 4 -1 -1 ,  minCpuFreq: 518400 -1 -1 ,  maxCpuCore: 6 1 0 ,  maxCpuFreq: -1 1401600 -1 ,  minGpuCore: -1 ,  minGpuFreq: -1 ,  maxGpuCore: 0 ,  maxGpuFreq: -1 , Lpm=-1, clkscale=-1, schedwinstats=-1, twinpolicy=-1, fgwinpolicy=-1, bgwinpolicy=-1, schedPreferSpread=-1, colocate=-1, slb=-1, fpsgo=-1, schedBoost=-1, ddrFreq=-1, migrate= migfrate: -1 -1 -1 -1 , hardLevel=false, busyUpThres=null, busyDownThres=null, preferSilver=-1}
12-31 17:02:06.235  1329  2576 D ORMS_Platform : OplusBasePlatformQcSysFs: perflockAcquireEnd ,mask : 0x3f060c5e1
12-31 17:02:06.245  1329  2283 I OplusCustomizeService: pkg:com.android.systemui isPlatformSigned, return true drectly 
12-31 17:02:06.251  1329  3785 I OplusCustomizeService: pkg:com.android.systemui isPlatformSigned, return true drectly 
12-31 17:02:06.252  1329  3785 E OplusCustomizeRestrictionManagerService: getMobileDataMode error :s == null
12-31 17:02:06.253  1329  3387 I OplusCustomizeService: pkg:com.android.systemui isPlatformSigned, return true drectly 
12-31 17:02:06.257  2788  2788 D ColorViewRootUtil: initSwipState, isDisplayCompatApp false
12-31 17:02:06.257  2788  2788 D ColorViewRootUtil: mScreenHeight 2400, mScreenWidth 1080
12-31 17:02:06.265  1329  3387 I OplusCustomizeService: pkg:com.android.systemui isPlatformSigned, return true drectly 
12-31 17:02:06.265  1329  3387 I OplusCustomizeService: pkg:com.android.systemui isPlatformSigned, return true drectly 
12-31 17:02:06.268  1329  3387 V WindowManager: Changing focus from null to Window{1f47feb u0 TemporaryFocusWindow},diplayid=0
12-31 17:02:06.281  1329  1718 D PowerManagerService: setScreenBrightnessOverrideFromWindowManagerInternal brightness=NaN mScreenBrightnessOverrideFromWindowManager=NaN
12-31 17:02:06.288  1329  1718 D PowerManagerService: setScreenBrightnessOverrideFromWindowManagerInternal brightness=NaN mScreenBrightnessOverrideFromWindowManager=NaN
12-31 17:02:06.290  1329  1329 D OppoPowerMonitor: resetWakeupEventRecords
12-31 17:02:06.319  1329  1718 D PowerManagerService: setScreenBrightnessOverrideFromWindowManagerInternal brightness=NaN mScreenBrightnessOverrideFromWindowManager=NaN
12-31 17:02:06.324  1329  1329 D ColorInputMethodManagerServiceEx: onHandleImeWindowVisibleStatus handledVis: 0, switcher visible: 0, switcher active: 0, needsToShowImeSwitcher: false
12-31 17:02:06.325  1329  2484 W OppoStorageManagerFeature: turn screenOff, maintPrepared:false
12-31 17:02:06.331  3609 12015 W ContextImpl: Calling a method in the system process without a qualified user: android.app.ContextImpl.startService:1701 android.content.ContextWrapper.startService:730 com.oplus.statistics.dcs.c.b.a:216 com.oplus.statistics.dcs.c.b.a:143 com.oplus.statistics.dcs.a.c.a:14 
12-31 17:02:06.332  1329  1718 D PowerManagerService: setScreenBrightnessOverrideFromWindowManagerInternal brightness=NaN mScreenBrightnessOverrideFromWindowManager=NaN
12-31 17:02:06.337  1329  2484 I OppoStorageManagerFeature: FsReserveSpace data partition fstype:f2fs
12-31 17:02:06.337  1329  2484 I OppoStorageManagerFeature: FsReserveSpace data device path:/dev/block/dm-27
12-31 17:02:06.338  1329  2484 E OppoStorageManagerFeature: FsReserveSpace read data label failed.java.nio.file.NotLinkException: /dev/block/dm-27
12-31 17:02:06.338  1329  2484 E OppoStorageManagerFeature: 	at sun.nio.fs.UnixFileSystemProvider.readSymbolicLink(UnixFileSystemProvider.java:502)
12-31 17:02:06.338  1329  2484 E OppoStorageManagerFeature: 	at java.nio.file.Files.readSymbolicLink(Files.java:1432)
12-31 17:02:06.338  1329  2484 E OppoStorageManagerFeature: 	at com.android.server.storage.OppoStorageManagerFeature.onMessageFsReserveSpace(OppoStorageManagerFeature.java:1118)
12-31 17:02:06.338  1329  2484 E OppoStorageManagerFeature: 	at com.android.server.storage.OppoStorageManagerFeature.onStorageManagerMessageHandle(OppoStorageManagerFeature.java:548)
12-31 17:02:06.338  1329  2484 E OppoStorageManagerFeature: 	at com.android.server.StorageManagerService$StorageManagerServiceHandler.handleMessage(StorageManagerService.java:743)
12-31 17:02:06.338  1329  2484 E OppoStorageManagerFeature: 	at android.os.Handler.dispatchMessage(Handler.java:106)
12-31 17:02:06.338  1329  2484 E OppoStorageManagerFeature: 	at android.os.Looper.loop(Looper.java:263)
12-31 17:02:06.338  1329  2484 E OppoStorageManagerFeature: 	at android.os.HandlerThread.run(HandlerThread.java:67)
12-31 17:02:06.338  1329  2484 I OppoStorageManagerFeature: FsReserveSpace data label:dm-27
12-31 17:02:06.339  1329  2484 D StorageManagerService: handleMessage:65, handled and finished by oppo storage feature.
12-31 17:02:06.340  1329  2484 D StorageManagerService: handleMessage:62, handled and finished by oppo storage feature.
12-31 17:02:06.347  1005  1005 D android.hardware.wifi@1.0-service: success change powersave mode to 
12-31 17:02:06.356  1329  1718 D PowerManagerService: setScreenBrightnessOverrideFromWindowManagerInternal brightness=NaN mScreenBrightnessOverrideFromWindowManager=NaN
12-31 17:02:06.390  1329  1329 D LMServiceThreadHandler: onScreenStatusChange:false
12-31 17:02:06.392  1329  1329 D OppoPowerMonitor: Receive broadcast android.intent.action.SCREEN_OFF
12-31 17:02:06.392  1329  2438 D OppoPowerMonitor: mScreenOffCurrentTime = 1640941326392, mScreenOffElapsedRealTime = 112356884, mScreenOffUpTime = 48870049
12-31 17:02:06.407  1329  1329 I AIBrightnessScreenStateReceiver: onReceive, ACTION_SCREEN_OFF do onScreenOff event.
12-31 17:02:06.411  1329  1329 D OppoNwPowerService: Received broadcast:android.intent.action.SCREEN_OFF
12-31 17:02:06.411  1329  2656 D OppoNwPowerService: Set unified rst delay 60s
12-31 17:02:06.444  1329  4438 D OplusFeatureColorMode: +updateUserDreaming
12-31 17:02:06.454  1329  1718 D PowerManagerService: setScreenBrightnessOverrideFromWindowManagerInternal brightness=NaN mScreenBrightnessOverrideFromWindowManager=NaN
12-31 17:02:06.491  1329  2283 D ColorGuardElfFeature: ICharger set value = 0
12-31 17:02:06.491  1329  2283 D ColorGuardElfFeature: calling class name = ThermalControlUtils
12-31 17:02:06.492  3642  4950 D OppoBatteryManager: set charge value = 0
12-31 17:02:06.499  1329  3785 I ColorAppSwitchManagerService: appswitch unregisterAppSwitchObserver pkgName = com.heytap.accessory config = OplusAppSwitchConfig = {  mConfigs = {} observerFingerPrint = 136432267}
12-31 17:02:06.499  1329  3785 I ColorAppSwitchStateDispatcher: unregisterAppSwitchObserver ok, pkgName = com.heytap.accessory info = ColorAppSwitchRuleInfo = {  observer = null observerFingerPrint = 136432267}
12-31 17:02:06.508  3642  6951 W ContextImpl: Calling a method in the system process without a qualified user: android.app.ContextImpl.startService:1701 android.content.ContextWrapper.startService:730 com.coloros.safecenter.ColorAppServicesManagerClient$a$1.run:230 java.lang.Thread.run:923 <bottom of call stack> 
12-31 17:02:06.629  1329  3785 E IntervalStats: Unable to parse usage stats package 364
12-31 17:02:06.629  1329  3785 E IntervalStats: Unable to parse usage stats package 434
12-31 17:02:06.629  1329  3785 E IntervalStats: Unable to parse usage stats package 459
12-31 17:02:06.629  1329  3785 E IntervalStats: Unable to parse usage stats package 479
12-31 17:02:06.631  1329  3785 E IntervalStats: Unable to parse usage stats package 45
12-31 17:02:06.631  1329  3785 E IntervalStats: Unable to parse usage stats package 364
12-31 17:02:06.631  1329  3785 E IntervalStats: Unable to parse usage stats package 434
12-31 17:02:06.631  1329  3785 E IntervalStats: Unable to parse usage stats package 485
12-31 17:02:06.631  1329  3785 E IntervalStats: Unable to parse usage stats package 491
12-31 17:02:06.631  1329  3785 E IntervalStats: Unable to parse usage stats package 513
12-31 17:02:06.631  1329  3785 E IntervalStats: Unable to parse usage stats package 517
12-31 17:02:06.631  1329  3785 E IntervalStats: Unable to parse usage stats package 527
12-31 17:02:06.634  1329  3785 E IntervalStats: Unable to parse usage stats package 45
12-31 17:02:06.634  1329  3785 E IntervalStats: Unable to parse usage stats package 364
12-31 17:02:06.634  1329  3785 E IntervalStats: Unable to parse usage stats package 434
12-31 17:02:06.634  1329  3785 E IntervalStats: Unable to parse usage stats package 491
12-31 17:02:06.634  1329  3785 E IntervalStats: Unable to parse usage stats package 528
12-31 17:02:06.634  1329  3785 E IntervalStats: Unable to parse usage stats package 531
12-31 17:02:06.634  1329  3785 E IntervalStats: Unable to parse usage stats package 550
12-31 17:02:06.634  1329  3785 E IntervalStats: Unable to parse usage stats package 551
12-31 17:02:06.634  1329  3785 E IntervalStats: Unable to parse usage stats package 555
12-31 17:02:06.634  1329  3785 E IntervalStats: Unable to parse usage stats package 558
12-31 17:02:06.634  1329  3785 E IntervalStats: Unable to parse usage stats package 559
12-31 17:02:06.634  1329  3785 E IntervalStats: Unable to parse usage stats package 560
12-31 17:02:06.635  1329  3785 E IntervalStats: Unable to parse usage stats package 564
12-31 17:02:06.636  1329  3785 E IntervalStats: Unable to parse usage stats package 434
12-31 17:02:06.636  1329  3785 E IntervalStats: Unable to parse usage stats package 573
12-31 17:02:06.636  1329  3785 E IntervalStats: Unable to parse usage stats package 577
12-31 17:02:06.636  1329  3785 E IntervalStats: Unable to parse usage stats package 586
12-31 17:02:06.636  1329  3785 E IntervalStats: Unable to parse usage stats package 587
12-31 17:02:06.636  1329  3785 E IntervalStats: Unable to parse usage stats package 589
12-31 17:02:06.637  1329  3785 E IntervalStats: Unable to parse usage stats package 597
12-31 17:02:06.637  1329  3785 E IntervalStats: Unable to parse usage stats package 600
12-31 17:02:06.637  1329  3785 E IntervalStats: Unable to parse usage stats package 601
12-31 17:02:06.681  1329  2283 E IntervalStats: Unable to parse usage stats package 364
12-31 17:02:06.681  1329  2283 E IntervalStats: Unable to parse usage stats package 434
12-31 17:02:06.681  1329  2283 E IntervalStats: Unable to parse usage stats package 459
12-31 17:02:06.681  1329  2283 E IntervalStats: Unable to parse usage stats package 479
12-31 17:02:06.682  1329  2283 E IntervalStats: Unable to parse usage stats package 45
12-31 17:02:06.683  1329  2283 E IntervalStats: Unable to parse usage stats package 364
12-31 17:02:06.683  1329  2283 E IntervalStats: Unable to parse usage stats package 434
12-31 17:02:06.683  1329  2283 E IntervalStats: Unable to parse usage stats package 485
12-31 17:02:06.683  1329  2283 E IntervalStats: Unable to parse usage stats package 491
12-31 17:02:06.683  1329  2283 E IntervalStats: Unable to parse usage stats package 513
12-31 17:02:06.683  1329  2283 E IntervalStats: Unable to parse usage stats package 517
12-31 17:02:06.683  1329  2283 E IntervalStats: Unable to parse usage stats package 527
12-31 17:02:06.687  1329  2283 E IntervalStats: Unable to parse usage stats package 45
12-31 17:02:06.688  1329  2283 E IntervalStats: Unable to parse usage stats package 364
12-31 17:02:06.688  1329  2283 E IntervalStats: Unable to parse usage stats package 434
12-31 17:02:06.688  1329  2283 E IntervalStats: Unable to parse usage stats package 491
12-31 17:02:06.688  1329  2283 E IntervalStats: Unable to parse usage stats package 528
12-31 17:02:06.688  1329  2283 E IntervalStats: Unable to parse usage stats package 531
12-31 17:02:06.688  1329  2283 E IntervalStats: Unable to parse usage stats package 550
12-31 17:02:06.688  1329  2283 E IntervalStats: Unable to parse usage stats package 551
12-31 17:02:06.688  1329  2283 E IntervalStats: Unable to parse usage stats package 555
12-31 17:02:06.688  1329  2283 E IntervalStats: Unable to parse usage stats package 558
12-31 17:02:06.688  1329  2283 E IntervalStats: Unable to parse usage stats package 559
12-31 17:02:06.688  1329  2283 E IntervalStats: Unable to parse usage stats package 560
12-31 17:02:06.688  1329  2283 E IntervalStats: Unable to parse usage stats package 564
12-31 17:02:06.691  1329  2283 E IntervalStats: Unable to parse usage stats package 434
12-31 17:02:06.691  1329  2283 E IntervalStats: Unable to parse usage stats package 573
12-31 17:02:06.691  1329  2283 E IntervalStats: Unable to parse usage stats package 577
12-31 17:02:06.691  1329  2283 E IntervalStats: Unable to parse usage stats package 586
12-31 17:02:06.691  1329  2283 E IntervalStats: Unable to parse usage stats package 587
12-31 17:02:06.691  1329  2283 E IntervalStats: Unable to parse usage stats package 589
12-31 17:02:06.693  1329  2283 E IntervalStats: Unable to parse usage stats package 597
12-31 17:02:06.693  1329  2283 E IntervalStats: Unable to parse usage stats package 600
12-31 17:02:06.693  1329  2283 E IntervalStats: Unable to parse usage stats package 601
12-31 17:02:07.001  1329  1329 D WindowOrientationListener: WindowOrientationListener disabled
12-31 17:02:08.104  1329  5354 D DisplayManagerService: Display listener for pid 5615 died.
12-31 17:02:08.104  1329  5369 I ActivityManager: Process com.coloros.shortcuts (pid 5615) has died: cch+15 CEM 
12-31 17:02:08.104  1329  5369 W ContextImpl: Calling a method in the system process without a qualified user: android.app.ContextImpl.sendBroadcast:1143 com.android.server.am.OppoExtraActivityManagerService.setKeyLockModeNormal:51 com.android.server.am.ActivityManagerService.appDiedLocked:4291 com.android.server.am.ActivityManagerService$AppDeathRecipient.binderDied:1770 android.os.IBinder$DeathRecipient.binderDied:305 
12-31 17:02:10.831  1329  1718 V UsbDeviceManager: onKeyguardStateChanged: isShowing:true secure:false user:0
12-31 17:02:10.859  1329  5354 I StatusBarManagerService: disableLocked, what:1200000, pkg:com.android.systemui userId: 0 token:android.os.BinderProxy@d3973b2 net1:1200000 net2:0
12-31 17:02:10.864  1329  5354 E OplusCustomizeRestrictionManagerService: isBiometricDisabled start
12-31 17:02:10.865  1329  5354 E OplusCustomizeRestrictionManagerService: isBiometricDisabled start
12-31 17:02:10.865  1329  3536 E OplusCustomizeRestrictionManagerService: isBiometricDisabled start
12-31 17:02:10.866  1329  5354 E OplusCustomizeRestrictionManagerService: isBiometricDisabled start
12-31 17:02:10.868  1329  3536 E OplusCustomizeRestrictionManagerService: isBiometricDisabled start
12-31 17:02:10.868  1329  3785 E OplusCustomizeRestrictionManagerService: isBiometricDisabled start
12-31 17:02:10.875  2788  2788 V KeyguardStatusView: refresh statusview showing:true
12-31 17:02:10.910  1329  1718 I DisplayManagerService: Comparing display specs: baseModeId=2 primaryRefreshRateRange=[90 90] appRequestRefreshRateRange=[90 90], existing: baseModeId=1 primaryRefreshRateRange=[60 60] appRequestRefreshRateRange=[60 60]
12-31 17:02:10.910  1329  1718 D PowerManagerService: setScreenBrightnessOverrideFromWindowManagerInternal brightness=NaN mScreenBrightnessOverrideFromWindowManager=NaN
12-31 17:02:10.919  1329  1718 D PowerManagerService: setScreenBrightnessOverrideFromWindowManagerInternal brightness=NaN mScreenBrightnessOverrideFromWindowManager=NaN
