12-31 17:18:44.963  1014  1073 D ANDR-PERF-LM: ThreadHelper: wakeUp() 103: (Meter,Helper,Name,pending)=(0xb400007c9a8468c0,0xb400007c9a87b120,AdaptLaunch VmRss,1)
12-31 17:18:44.963  1014  1073 D ANDR-PERF-LM: MetaMeter: restoreMeterMgr() 66: AdaptLaunch Setting Stop Notification. (index,state)=(0,1)
12-31 17:18:44.963  1014  1073 D ANDR-PERF-LM: MetaMeter: restoreMeterMgr() 68: AdaptLaunch Setting Stop Notification  (index,state)=(0,2)
12-31 17:18:44.963  1014  1073 I ANDR-PERF-LM: Meter: asyncTriggerUpdate() 55:  stop notification on VmRss
12-31 17:18:44.963  1014  1073 I ANDR-PERF-LM: MetaMeter: handleAsync() 189: AdaptLaunch MetaMeter handleAsync End() Exit
12-31 17:18:44.963  1014  1073 I ANDR-PERF-LM: Core: lmMain() 391: runAsync for AdaptLaunch returned
12-31 17:18:44.963  1014  1073 I ANDR-PERF-LM: Core: lmMain() 373: Waiting on trigger Queue
12-31 17:18:44.963  1014  1073 I ANDR-PERF-LM: WQ: pop() 31: LMTriggerQ pop() size=1
12-31 17:18:44.963  1014  1073 I ANDR-PERF-LM: WQ: pop() 42: LMTriggerQ pop() done size=0
12-31 17:18:44.963  1014  1073 I ANDR-PERF-LM: Core: lmMain() 381: Calling runAsync for GameOptimization
12-31 17:18:44.963  1014  1073 D ANDR-PERF-LM: Feature: lookup() 136: Feature Name = AppClassifier, total featuers = 4, featureFound = 1
12-31 17:18:44.963  1014  1073 D ANDR-PERF-LM: Feature: getData() 147: data.data = 1
12-31 17:18:44.963  1014  1073 I ANDR-PERF-LM: Core: lmMain() 391: runAsync for GameOptimization returned
12-31 17:18:44.963  1014  1073 I ANDR-PERF-LM: Core: lmMain() 381: Calling runAsync for AdaptLaunch
12-31 17:18:44.963  1014  1073 I ANDR-PERF-LM: Core: lmMain() 391: runAsync for AdaptLaunch returned
12-31 17:18:44.963  1014  1073 I ANDR-PERF-LM: Core: lmMain() 373: Waiting on trigger Queue
12-31 17:18:44.963  1014  1073 I ANDR-PERF-LM: WQ: pop() 31: LMTriggerQ pop() size=0
12-31 17:18:44.963  1014  5120 D ANDR-PERF-LM: ThreadHelper: thread_callback() 149: Starting:(Meter,Helper,Name,pending)=(0xb400007c9a846700,0xb400007c9a87afe0,AdaptLaunch VmRss,0) 
12-31 17:18:44.963  1014  5121 D ANDR-PERF-LM: ThreadHelper: thread_callback() 149: Starting:(Meter,Helper,Name,pending)=(0xb400007c9a8468c0,0xb400007c9a87b120,AdaptLaunch VmRss,0) 
12-31 17:18:44.970  1329  3280 V ActivityTaskManager: Calling mServicetracker.OnActivityStateChange with flag truestatePAUSED
12-31 17:18:44.970  1329  3280 V ActivityTaskManager: Calling mServicetracker.OnActivityStateChange with flag falsestatePAUSED
12-31 17:18:44.970  1329  3280 V ActivityTaskManager: Calling mServicetracker.OnActivityStateChange with flag truestateRESUMED
12-31 17:18:44.970  1014  1014 I ANDR-PERF-LM: LMPerfGlue: perfmodule_submit_request() 132: perfmodule_submit_request()
12-31 17:18:44.970  1014  1014 I ANDR-PERF-LM: Core: getInstance() 84: LM getInstance
12-31 17:18:44.970  1014  1014 I ANDR-PERF-LM: WQ: push() 59: LMTriggerQ push() size=0
12-31 17:18:44.971  1014  1014 I ANDR-PERF-LM: WQ: push() 61: LMTriggerQ push() done size=1
12-31 17:18:44.971  1329  3280 I OppoBaseActivityStack: notifyAppSwitch the same packageName!
12-31 17:18:44.971  1329  3280 I ActivityTaskManager: The Process com.example.mytestapplication Already Exists in BG. So sending its PID: 7520
12-31 17:18:44.972  1014  1073 I ANDR-PERF-LM: WQ: pop() 42: LMTriggerQ pop() done size=0
12-31 17:18:44.972  1014  1073 I ANDR-PERF-LM: Core: lmMain() 381: Calling runAsync for GameOptimization
12-31 17:18:44.972  1014  1073 D ANDR-PERF-LM: Feature: lookup() 136: Feature Name = AppClassifier, total featuers = 4, featureFound = 1
12-31 17:18:44.972  1014  1014 I ANDR-PERF-LM: LMPerfGlue: perfmodule_submit_request() 132: perfmodule_submit_request()
12-31 17:18:44.973  1014  1014 I ANDR-PERF-LM: Core: getInstance() 84: LM getInstance
12-31 17:18:44.973  1014  1014 I ANDR-PERF-LM: WQ: push() 59: LMTriggerQ push() size=0
12-31 17:18:44.973  1014  1014 I ANDR-PERF-LM: WQ: push() 61: LMTriggerQ push() done size=1
12-31 17:18:44.973  1329  3280 W ActivityTaskManager: Tried to set launchTime (0) < mLastActivityLaunchTime (49866172)
12-31 17:18:44.974  1329  3280 V ActivityTaskManager: Calling mServicetracker.OnActivityStateChange with flag truestateRESUMED
12-31 17:18:44.974  1329  3280 V ActivityTaskManager: Calling mServicetracker.OnActivityStateChange with flag falsestateRESUMED
12-31 17:18:44.974  1014  1073 D ANDR-PERF-LM: Feature: getData() 147: data.data = 1
12-31 17:18:44.974  1014  1073 I ANDR-PERF-LM: Core: lmMain() 391: runAsync for GameOptimization returned
12-31 17:18:44.975  1014  1073 I ANDR-PERF-LM: Core: lmMain() 381: Calling runAsync for AdaptLaunch
12-31 17:18:44.975  1014  1073 I ANDR-PERF-LM: MetaMeter: isValidAsync() 194: AsyncInfo: hintID = 4098
12-31 17:18:44.975  1014  1073 I ANDR-PERF-LM: hintType: -1
12-31 17:18:44.975  1014  1073 I ANDR-PERF-LM: isPrimary = 0
12-31 17:18:44.975  1014  1073 I ANDR-PERF-LM: MetaMeter: isValidAsync() 196: (hintID,hintType,Primary) = (4098, -1, 1)
12-31 17:18:44.976  1329  3280 V WindowManager: Changing focus from Window{f0a8f1 u0 com.example.mytestapplication/com.example.mytestapplication.MainActivity} to null,diplayid=0
12-31 17:18:44.977  1014  1073 I ANDR-PERF-LM: MetaMeter: handleAsync() 173: AdaptLaunch MetaMeter handleAsync start() Entry
12-31 17:18:44.977  1014  1073 I ANDR-PERF-LM: MetaMeter: isPrimaryASync() 185: (hintID,hintType,Primary) = (4098, -1, 1)
12-31 17:18:44.977  1014  1073 W ANDR-PERF-LM: MetaMeter: handlePrimaryAsync() 116: AdaptLaunch MetaMeter. No MeterMgr Available to handle this Primary Async. !!!!
12-31 17:18:44.977  1014  1073 I ANDR-PERF-LM: MetaMeter: handleAsync() 189: AdaptLaunch MetaMeter handleAsync End() Exit
12-31 17:18:44.977  1014  1073 I ANDR-PERF-LM: MetaMeter: isValidAsync() 194: AsyncInfo: hintID = 4098
12-31 17:18:44.977  1014  1073 I ANDR-PERF-LM: hintType: -1
12-31 17:18:44.977  1014  1073 I ANDR-PERF-LM: isPrimary = 0
12-31 17:18:44.977  1014  1073 I ANDR-PERF-LM: MetaMeter: isValidAsync() 196: (hintID,hintType,Primary) = (4098, -1, 1)
12-31 17:18:44.977  1014  1073 I ANDR-PERF-LM: MetaMeter: handleAsync() 173: AdaptLaunch MetaMeter handleAsync start() Entry
12-31 17:18:44.977  1014  1073 I ANDR-PERF-LM: MetaMeter: isPrimaryASync() 185: (hintID,hintType,Primary) = (4098, -1, 1)
12-31 17:18:44.977  1014  1073 W ANDR-PERF-LM: MetaMeter: handlePrimaryAsync() 116: AdaptLaunch MetaMeter. No MeterMgr Available to handle this Primary Async. !!!!
12-31 17:18:44.977  1014  1073 I ANDR-PERF-LM: MetaMeter: handleAsync() 189: AdaptLaunch MetaMeter handleAsync End() Exit
12-31 17:18:44.977  1014  1073 I ANDR-PERF-LM: Core: lmMain() 391: runAsync for AdaptLaunch returned
12-31 17:18:44.977  1014  1073 I ANDR-PERF-LM: Core: lmMain() 373: Waiting on trigger Queue
12-31 17:18:44.977  1014  1073 I ANDR-PERF-LM: WQ: pop() 31: LMTriggerQ pop() size=1
12-31 17:18:44.977  1014  1073 I ANDR-PERF-LM: WQ: pop() 42: LMTriggerQ pop() done size=0
12-31 17:18:44.977  1014  1073 I ANDR-PERF-LM: Core: lmMain() 381: Calling runAsync for PreKill
12-31 17:18:44.977  1014  1073 I ANDR-PERF-LM: Core: lmMain() 391: runAsync for PreKill returned
12-31 17:18:44.977  1014  1073 I ANDR-PERF-LM: Core: lmMain() 381: Calling runAsync for AdaptLaunch
12-31 17:18:44.978  1014  1073 I ANDR-PERF-LM: MetaMeter: isValidAsync() 194: AsyncInfo: hintID = 4225
12-31 17:18:44.978  1014  1073 I ANDR-PERF-LM: hintType: 102
12-31 17:18:44.978  1014  1073 I ANDR-PERF-LM: isPrimary = 0
12-31 17:18:44.978  1014  1073 I ANDR-PERF-LM: MetaMeter: isValidAsync() 203: Invalid (hintID,hintType,appName,duration,appPID,appThreadTID) = (4225, 102,com.example.mytestapplication,7520,1329,3280)
12-31 17:18:44.978  1014  1073 E ANDR-PERF-LM: MetaMeter: handleAsync() 164: AdaptLaunch Invalid Async
12-31 17:18:44.978  1014  1073 I ANDR-PERF-LM: Core: lmMain() 391: runAsync for AdaptLaunch returned
12-31 17:18:44.978  1014  1073 I ANDR-PERF-LM: Core: lmMain() 373: Waiting on trigger Queue
12-31 17:18:44.978  1014  1073 I ANDR-PERF-LM: WQ: pop() 31: LMTriggerQ pop() size=0
12-31 17:18:44.984  1329  1718 D PowerManagerService: setScreenBrightnessOverrideFromWindowManagerInternal brightness=NaN mScreenBrightnessOverrideFromWindowManager=NaN
12-31 17:18:44.984  1329  1718 D PowerManagerService: setScreenBrightnessOverrideFromWindowManagerInternal brightness=NaN mScreenBrightnessOverrideFromWindowManager=NaN
12-31 17:18:44.988  1329  3282 D ORMS_CORE: Set scene action identity: android.app scene: , action: ORMS_ACTION_ACTIVITY_START, timeout: 600, handle: 7089873812857396589
12-31 17:18:44.988  1329  2576 D ORMS_CORE: FinalSceneAction scene:1000 action:2 prio:7 start:113355480 timeout:600 timeout_left:600
12-31 17:18:44.988  1329  2576 D ORMS_Platform : OplusBasePlatformQcSysFs: reset ,mask .
12-31 17:18:44.988  1329  2576 D ORMS_HISTORY: setSoCLimit sa
12-31 17:18:44.988  1329  2576 D ORMS_CORE: TCpuL:-1 TGpuL:-1 TCtrlL:-1 TModeOn:0 IdleS:0 PowerMode:NORMAL_MODE BenchMark:0 HaveCtrlD:0
12-31 17:18:44.988  1329  2576 D ORMS_CORE: saConfig:,SAResult Info{minCore=[6, 1, 1, 1]minFreq=[1804800, 1900800, 1996800, -1]maxCore=[-1, -1, -1, -1]maxFreq=[-1, -1, -1, -1], ddr=-1, lpm=0, sb=2, prio=7, fpsgo=-1, migrate= migfrate: , mask=100, clkscale=0, schedwinstats=-1, twinpolicy=-1, fgwinpolicy=-1, bgwinpolicy=-1, schedPreferSpread=-1, colocate=-1, slb=-1, nice=0, extActId=-1, extTime=-1, hardLevel=0, busyUpThres=null, busyDownThres=null}
12-31 17:18:44.988  1329  2576 D ORMS_CORE: request mDecision:SAResult Info{ minCpuCore: 6 1 1 ,  minCpuFreq: 1804800 1900800 1996800 ,  maxCpuCore: -1 -1 -1 ,  maxCpuFreq: -1 -1 -1 ,  minGpuCore: 1 ,  minGpuFreq: -1 ,  maxGpuCore: -1 ,  maxGpuFreq: -1 , Lpm=0, clkscale=0, schedwinstats=-1, twinpolicy=-1, fgwinpolicy=-1, bgwinpolicy=-1, schedPreferSpread=-1, colocate=-1, slb=-1, fpsgo=-1, schedBoost=2, ddrFreq=-1, migrate= migfrate: -1 -1 -1 -1 , hardLevel=false, busyUpThres=null, busyDownThres=null, preferSilver=-1}
12-31 17:18:44.991  1014  1072 E ANDR-PERF-OPTSHANDLER: Perflock resource /sys/class/devfreq/soc:qcom,cpubw/bw_hwmon/io_percent not supported
12-31 17:18:44.991  1014  1072 E ANDR-PERF-RESOURCEQS: Failed to apply optimization [6, 2]
12-31 17:18:44.991  1014  1072 E ANDR-PERF-OPTSHANDLER: Perflock resource /sys/class/devfreq/soc:qcom,cpubw/bw_hwmon/sample_ms not supported
12-31 17:18:44.991  1014  1072 E ANDR-PERF-RESOURCEQS: Failed to apply optimization [6, 8]
12-31 17:18:44.991  1014  1072 E ANDR-PERF-OPTSHANDLER: Perflock resource /sys/class/devfreq/soc:qcom,cpubw/min_freq not supported
12-31 17:18:44.991  1014  1072 E ANDR-PERF-RESOURCEQS: Failed to apply optimization [6, 0]
12-31 17:18:44.991  1014  1072 E ANDR-PERF-OPTSHANDLER: Perflock resource /sys/class/devfreq/soc:qcom,llccbw/min_freq not supported
12-31 17:18:44.991  1014  1072 E ANDR-PERF-RESOURCEQS: Failed to apply optimization [12, 0]
12-31 17:18:44.991  1014  1072 E ANDR-PERF-OPTSHANDLER: Perflock resource /sys/class/devfreq/soc:qcom,llccbw/bw_hwmon/io_percent not supported
12-31 17:18:44.991  1014  1072 E ANDR-PERF-RESOURCEQS: Failed to apply optimization [12, 1]
12-31 17:18:44.991  1014  1072 E ANDR-PERF-OPTSHANDLER: Perflock resource /sys/class/devfreq/soc:qcom,llccbw/bw_hwmon/sample_ms not supported
12-31 17:18:44.991  1014  1072 E ANDR-PERF-RESOURCEQS: Failed to apply optimization [12, 3]
12-31 17:18:44.991  1329  2576 D ORMS_Platform : OplusBasePlatformQcSysFs: perflockAcquireEnd ,mask : 0x3f067ce38
12-31 17:18:45.011  7520  7520 E OplusCustomizeRestrictionManager: sInstance is null, start a new sInstance
--------- beginning of crash
12-31 17:18:45.044  7520  7520 E AndroidRuntime: FATAL EXCEPTION: main
12-31 17:18:45.044  7520  7520 E AndroidRuntime: Process: com.example.mytestapplication, PID: 7520
12-31 17:18:45.044  7520  7520 E AndroidRuntime: kotlin.NotImplementedError: An operation is not implemented: Not yet implemented
12-31 17:18:45.044  7520  7520 E AndroidRuntime: 	at com.example.mytestapplication.module.setting.RandomEatSettingActivity.initView(RandomEatSettingActivity.kt:12)
12-31 17:18:45.044  7520  7520 E AndroidRuntime: 	at com.example.mytestapplication.module.base.BaseActivity.onCreate(BaseActivity.kt:15)
12-31 17:18:45.044  7520  7520 E AndroidRuntime: 	at android.app.Activity.performCreate(Activity.java:8146)
12-31 17:18:45.044  7520  7520 E AndroidRuntime: 	at android.app.Activity.performCreate(Activity.java:8130)
12-31 17:18:45.044  7520  7520 E AndroidRuntime: 	at android.app.Instrumentation.callActivityOnCreate(Instrumentation.java:1310)
12-31 17:18:45.044  7520  7520 E AndroidRuntime: 	at android.app.ActivityThread.performLaunchActivity(ActivityThread.java:3693)
12-31 17:18:45.044  7520  7520 E AndroidRuntime: 	at android.app.ActivityThread.handleLaunchActivity(ActivityThread.java:3891)
12-31 17:18:45.044  7520  7520 E AndroidRuntime: 	at android.app.servertransaction.LaunchActivityItem.execute(LaunchActivityItem.java:85)
12-31 17:18:45.044  7520  7520 E AndroidRuntime: 	at android.app.servertransaction.TransactionExecutor.executeCallbacks(TransactionExecutor.java:140)
12-31 17:18:45.044  7520  7520 E AndroidRuntime: 	at android.app.servertransaction.TransactionExecutor.execute(TransactionExecutor.java:100)
12-31 17:18:45.044  7520  7520 E AndroidRuntime: 	at android.app.ActivityThread$H.handleMessage(ActivityThread.java:2321)
12-31 17:18:45.044  7520  7520 E AndroidRuntime: 	at android.os.Handler.dispatchMessage(Handler.java:106)
12-31 17:18:45.044  7520  7520 E AndroidRuntime: 	at android.os.Looper.loop(Looper.java:263)
12-31 17:18:45.044  7520  7520 E AndroidRuntime: 	at android.app.ActivityThread.main(ActivityThread.java:8278)
12-31 17:18:45.044  7520  7520 E AndroidRuntime: 	at java.lang.reflect.Method.invoke(Native Method)
12-31 17:18:45.044  7520  7520 E AndroidRuntime: 	at com.android.internal.os.RuntimeInit$MethodAndArgsCaller.run(RuntimeInit.java:612)
12-31 17:18:45.044  7520  7520 E AndroidRuntime: 	at com.android.internal.os.ZygoteInit.main(ZygoteInit.java:1006)
12-31 17:18:45.046  3642  8691 D StartupManager: onUpdateUnstableRecord: unstable crash!
12-31 17:18:45.046  3642  8691 D StartupManager: onSysStateChanged: Bundle[{unstableTime=1640942325045, reason=crash, userId=0, safecenter=unstable, exceptionMsg=An operation is not implemented: Not yet implemented, exceptionClass=kotlin.NotImplementedError, packageName=com.example.mytestapplication}]
12-31 17:18:45.048  1329  2283 W ActivityTaskManager:   Force finishing activity com.example.mytestapplication/.module.setting.RandomEatSettingActivity
12-31 17:18:45.048  1329  2283 V ColorZoomWindowManagerService: prepareZoomTransition: curStack=Task{f933fbc #7562 visible=true type=standard mode=fullscreen translucent=true A=10474:com.example.mytestapplication U=0 StackId=7562 sz=2}   nextStackTask{f933fbc #7562 visible=true type=standard mode=fullscreen translucent=true A=10474:com.example.mytestapplication U=0 StackId=7562 sz=2}
12-31 17:18:45.051  1046  1046 D OppoExLayer: ~Layer() sequence=4656, name=Screenshot Parent@0xb400007380324000
12-31 17:18:45.054  1329  2283 V ActivityTaskManager: Calling mServicetracker.OnActivityStateChange with flag truestatePAUSING
12-31 17:18:45.055  1014  1014 I ANDR-PERF-LM: LMPerfGlue: perfmodule_submit_request() 132: perfmodule_submit_request()
12-31 17:18:45.055  1014  1014 I ANDR-PERF-LM: Core: getInstance() 84: LM getInstance
12-31 17:18:45.055  1014  1014 I ANDR-PERF-LM: WQ: push() 59: LMTriggerQ push() size=0
12-31 17:18:45.055  1014  1014 I ANDR-PERF-LM: WQ: push() 61: LMTriggerQ push() done size=1
12-31 17:18:45.055  1014  1073 I ANDR-PERF-LM: WQ: pop() 42: LMTriggerQ pop() done size=0
12-31 17:18:45.055  1014  1073 I ANDR-PERF-LM: Core: lmMain() 381: Calling runAsync for GameOptimization
12-31 17:18:45.055  1014  1073 D ANDR-PERF-LM: Feature: lookup() 136: Feature Name = AppClassifier, total featuers = 4, featureFound = 1
12-31 17:18:45.055  1329  2283 V ActivityTaskManager: Calling mServicetracker.OnActivityStateChange with flag falsestatePAUSING
12-31 17:18:45.055  1014  1073 D ANDR-PERF-LM: Feature: getData() 147: data.data = 1
12-31 17:18:45.055  1014  1073 I ANDR-PERF-LM: Core: lmMain() 391: runAsync for GameOptimization returned
12-31 17:18:45.055  1014  1073 I ANDR-PERF-LM: Core: lmMain() 381: Calling runAsync for AdaptLaunch
12-31 17:18:45.055  1014  1073 I ANDR-PERF-LM: Core: lmMain() 391: runAsync for AdaptLaunch returned
12-31 17:18:45.055  1014  1073 I ANDR-PERF-LM: Core: lmMain() 373: Waiting on trigger Queue
12-31 17:18:45.055  1014  1073 I ANDR-PERF-LM: WQ: pop() 31: LMTriggerQ pop() size=0
12-31 17:18:45.057  1329  2283 W ActivityTaskManager:   Force finishing activity com.example.mytestapplication/.MainActivity
12-31 17:18:45.057  1329  2283 D ORMS_CORE: Set scene action identity: com.android.server.oppo scene: com.oppo.launcher, action: ORMS_ACTION_LAUNCH, timeout: 30, handle: 1485948520252634119
12-31 17:18:45.057  1329  2576 D ORMS_CORE: FG app changed to: com.oppo.launcher
12-31 17:18:45.057  1329  2576 D ORMS_CORE: FinalSceneAction scene:1012 action:0 prio:6 start:113355549 timeout:30 timeout_left:30
12-31 17:18:45.057  1329  2576 D ORMS_Platform : OplusBasePlatformQcSysFs: reset ,mask .
12-31 17:18:45.057  1329  2576 D ORMS_HISTORY: setSoCLimit sa
12-31 17:18:45.057  1329  2576 D ORMS_CORE: TCpuL:-1 TGpuL:-1 TCtrlL:-1 TModeOn:0 IdleS:0 PowerMode:NORMAL_MODE BenchMark:0 HaveCtrlD:0
12-31 17:18:45.057  1329  2576 D ORMS_CORE: saConfig:,SAResult Info{minCore=[6, 1, 1, 1]minFreq=[1804800, 2208000, 2400000, 400000000]maxCore=[-1, -1, -1, -1]maxFreq=[-1, -1, -1, -1], ddr=-1, lpm=0, sb=2, prio=6, fpsgo=-1, migrate= migfrate: , mask=1110, clkscale=-1, schedwinstats=-1, twinpolicy=-1, fgwinpolicy=-1, bgwinpolicy=-1, schedPreferSpread=-1, colocate=-1, slb=-1, nice=0, extActId=-1, extTime=-1, hardLevel=0, busyUpThres=null, busyDownThres=null}
12-31 17:18:45.057  1329  2576 D ORMS_CORE: request mDecision:SAResult Info{ minCpuCore: 6 1 1 ,  minCpuFreq: 1804800 2208000 2400000 ,  maxCpuCore: -1 -1 -1 ,  maxCpuFreq: -1 -1 -1 ,  minGpuCore: 1 ,  minGpuFreq: 400000000 ,  maxGpuCore: -1 ,  maxGpuFreq: -1 , Lpm=0, clkscale=-1, schedwinstats=-1, twinpolicy=-1, fgwinpolicy=-1, bgwinpolicy=-1, schedPreferSpread=-1, colocate=-1, slb=-1, fpsgo=-1, schedBoost=2, ddrFreq=-1, migrate= migfrate: -1 -1 -1 -1 , hardLevel=false, busyUpThres=null, busyDownThres=null, preferSilver=-1}
12-31 17:18:45.058  1329  2283 V ActivityTaskManager: Calling mServicetracker.OnActivityStateChange with flag truestateSTOPPING
12-31 17:18:45.058  1329  2283 V ActivityTaskManager: Calling mServicetracker.OnActivityStateChange with flag falsestateSTOPPING
12-31 17:18:45.058   975   975 D ORMS_HAL: OrmsHalService write file /dev/stune/foreground/schedtune.prefer_idle - 0.
12-31 17:18:45.059   975   975 D ORMS_HAL: OrmsHalService write file /sys/devices/system/cpu/cpu_boost/input_boost_freq - 0:3000000 6:3000000 7:3000000.
12-31 17:18:45.059   975   975 D ORMS_HAL: OrmsHalService write file /dev/stune/top-app/schedtune.colocate - 1.
12-31 17:18:45.061  1329  2576 D ORMS_Platform : OplusBasePlatformQcSysFs: perflockAcquireEnd ,mask : 0x13f066ce38
12-31 17:18:45.064  1014  1072 E ANDR-PERF-OPTSHANDLER: Perflock resource /sys/class/devfreq/soc:qcom,cpubw/bw_hwmon/io_percent not supported
12-31 17:18:45.064  1014  1072 E ANDR-PERF-RESOURCEQS: Failed to apply optimization [6, 2]
12-31 17:18:45.064  1014  1072 E ANDR-PERF-OPTSHANDLER: Perflock resource /sys/class/devfreq/soc:qcom,cpubw/bw_hwmon/sample_ms not supported
12-31 17:18:45.064  1014  1072 E ANDR-PERF-RESOURCEQS: Failed to apply optimization [6, 8]
12-31 17:18:45.064  1014  1072 E ANDR-PERF-OPTSHANDLER: Perflock resource /sys/class/devfreq/soc:qcom,cpubw/min_freq not supported
12-31 17:18:45.064  1014  1072 E ANDR-PERF-RESOURCEQS: Failed to apply optimization [6, 0]
12-31 17:18:45.064  1014  1072 E ANDR-PERF-OPTSHANDLER: Perflock resource /sys/class/devfreq/soc:qcom,llccbw/min_freq not supported
12-31 17:18:45.064  1014  1072 E ANDR-PERF-RESOURCEQS: Failed to apply optimization [12, 0]
12-31 17:18:45.064  1014  1072 E ANDR-PERF-OPTSHANDLER: Perflock resource /sys/class/devfreq/soc:qcom,llccbw/bw_hwmon/io_percent not supported
12-31 17:18:45.064  1014  1072 E ANDR-PERF-RESOURCEQS: Failed to apply optimization [12, 1]
12-31 17:18:45.064  1014  1072 E ANDR-PERF-OPTSHANDLER: Perflock resource /sys/class/devfreq/soc:qcom,llccbw/bw_hwmon/sample_ms not supported
12-31 17:18:45.064  1014  1072 E ANDR-PERF-RESOURCEQS: Failed to apply optimization [12, 3]
12-31 17:18:45.064  1329  3280 E OppoThermalStats: Error getting package info: com.oppo.launcher
12-31 17:18:45.065  1329  3280 D OplusKeepAliveManager: TOP_APP is ProcessRecord{1abd260 3328:com.oppo.launcher/u0a104} uid is 10104
12-31 17:18:45.066  1329  3785 D ColorAppListInterceptManager: shouldFilterTask
12-31 17:18:45.066  1329  3785 D ColorAppListInterceptManager: shouldFilterTask::packageName = com.example.mytestapplication
12-31 17:18:45.066  1329  3785 D ColorAppListInterceptManager: shouldFilterTask
12-31 17:18:45.066  1329  3785 D ColorAppListInterceptManager: shouldFilterTask::packageName = com.example.myapplication
12-31 17:18:45.066  1329  3785 D ColorAppListInterceptManager: shouldFilterTask
12-31 17:18:45.066  1329  3785 D ColorAppListInterceptManager: shouldFilterTask::packageName = io.iftech.android.box
12-31 17:18:45.066  1329  3785 D ColorAppListInterceptManager: shouldFilterTask
12-31 17:18:45.066  1329  3785 D ColorAppListInterceptManager: shouldFilterTask::packageName = com.helichuanmei.jinshijiankang
12-31 17:18:45.082  1329  1718 D PowerManagerService: setScreenBrightnessOverrideFromWindowManagerInternal brightness=NaN mScreenBrightnessOverrideFromWindowManager=NaN
12-31 17:18:45.083 25542  1761 I RemoteGuardClient.DWB.ActivityMonitor: onForegroundActivitiesChanged 3328,10104,foreground true pkg= oppo.uid.launcher:10104
12-31 17:18:45.085 25542 25585 I RemoteGuardClient.DWB.ActivityMonitor: topActivities = []
12-31 17:18:45.084  1329  1718 D PowerManagerService: setScreenBrightnessOverrideFromWindowManagerInternal brightness=NaN mScreenBrightnessOverrideFromWindowManager=NaN
12-31 17:18:45.090  1329  2576 D ORMS_CORE: T(O)
12-31 17:18:45.091  1329  2576 D ORMS_CORE: FinalSceneAction null
12-31 17:18:45.091  1329  2576 D ORMS_Platform : OplusBasePlatformQcSysFs: reset ,mask .
12-31 17:18:45.091  1329  2576 D ORMS_HISTORY: setSoCLimit userconfig
12-31 17:18:45.091  1329  2576 D ORMS_CORE: TCpuL:-1 TGpuL:-1 TCtrlL:-1 TModeOn:0 IdleS:0 PowerMode:NORMAL_MODE BenchMark:0 HaveCtrlD:0
12-31 17:18:45.091  1329  2576 D ORMS_CORE: saConfig:,SAResult Info{minCore=[4, 1, 1, -1]minFreq=[576000, 652800, 806400, 275000000]maxCore=[6, 1, 1, -1]maxFreq=[-1, -1, -1, 625000000], ddr=-1, lpm=-1, sb=-1, prio=-1, fpsgo=-1, migrate= migfrate: , mask=null, clkscale=-1, schedwinstats=-1, twinpolicy=-1, fgwinpolicy=-1, bgwinpolicy=-1, schedPreferSpread=-1, colocate=-1, slb=-1, nice=0, extActId=-1, extTime=-1, hardLevel=0, busyUpThres=null, busyDownThres=null}
12-31 17:18:45.091  1329  2576 D ORMS_CORE: request mDecision:SAResult Info{ minCpuCore: 4 1 1 ,  minCpuFreq: 576000 652800 806400 ,  maxCpuCore: 6 1 1 ,  maxCpuFreq: -1 -1 -1 ,  minGpuCore: -1 ,  minGpuFreq: 275000000 ,  maxGpuCore: -1 ,  maxGpuFreq: 625000000 , Lpm=-1, clkscale=-1, schedwinstats=-1, twinpolicy=-1, fgwinpolicy=-1, bgwinpolicy=-1, schedPreferSpread=-1, colocate=-1, slb=-1, fpsgo=-1, schedBoost=-1, ddrFreq=-1, migrate= migfrate: -1 -1 -1 -1 , hardLevel=false, busyUpThres=null, busyDownThres=null, preferSilver=-1}
12-31 17:18:45.092  1329  2576 D ORMS_Platform : OplusBasePlatformQcSysFs: perflockAcquireEnd ,mask : 0x33f060cff8
12-31 17:18:45.093  1014  1072 E ANDR-PERF-OPTSHANDLER: Perflock resource /sys/class/devfreq/soc:qcom,cpubw/bw_hwmon/io_percent not supported
12-31 17:18:45.093  1014  1072 E ANDR-PERF-RESOURCEQS: Failed to apply optimization [6, 2]
12-31 17:18:45.093  1014  1072 E ANDR-PERF-OPTSHANDLER: Perflock resource /sys/class/devfreq/soc:qcom,cpubw/bw_hwmon/sample_ms not supported
12-31 17:18:45.093  1014  1072 E ANDR-PERF-RESOURCEQS: Failed to apply optimization [6, 8]
12-31 17:18:45.093  1014  1072 E ANDR-PERF-OPTSHANDLER: Perflock resource /sys/class/devfreq/soc:qcom,cpubw/min_freq not supported
12-31 17:18:45.093  1014  1072 E ANDR-PERF-RESOURCEQS: Failed to apply optimization [6, 0]
12-31 17:18:45.093  1014  1072 E ANDR-PERF-OPTSHANDLER: Perflock resource /sys/class/devfreq/soc:qcom,llccbw/min_freq not supported
12-31 17:18:45.093  1014  1072 E ANDR-PERF-RESOURCEQS: Failed to apply optimization [12, 0]
12-31 17:18:45.093  1014  1072 E ANDR-PERF-OPTSHANDLER: Perflock resource /sys/class/devfreq/soc:qcom,llccbw/bw_hwmon/io_percent not supported
12-31 17:18:45.093  1014  1072 E ANDR-PERF-RESOURCEQS: Failed to apply optimization [12, 1]
12-31 17:18:45.093  1014  1072 E ANDR-PERF-OPTSHANDLER: Perflock resource /sys/class/devfreq/soc:qcom,llccbw/bw_hwmon/sample_ms not supported
12-31 17:18:45.093  1014  1072 E ANDR-PERF-RESOURCEQS: Failed to apply optimization [12, 3]
12-31 17:18:45.096 25542 25585 E Parcel  : Reading a NULL string not supported here.
12-31 17:18:45.100  1329  7666 I DropBoxManagerService: add tag=data_app_crash isTagEnabled=true flags=0x2
12-31 17:18:45.104  1329  7666 I chatty  : uid=1000(system) Binder:1329_3 expire 6 lines
12-31 17:18:45.118  1329  3536 I WindowManager: WIN DEATH: Window{f0a8f1 u0 com.example.mytestapplication/com.example.mytestapplication.MainActivity}
12-31 17:18:45.119   812   812 I Zygote  : Process 7520 exited due to signal 9 (Killed)
12-31 17:18:45.119  1329  3785 D DisplayManagerService: Display listener for pid 7520 died.
12-31 17:18:45.125  1046  1046 D OppoExLayer: ~Layer() sequence=4650, name=com.example.mytestapplication/com.example.mytestapplication.MainActivity#0@0xb40000738033a000
12-31 17:18:45.127  1329  2283 I ActivityManager: Process com.example.mytestapplication (pid 7520) has died: fg  TOP 
12-31 17:18:45.128  1329  2283 W ContextImpl: Calling a method in the system process without a qualified user: android.app.ContextImpl.sendBroadcast:1143 com.android.server.am.OppoExtraActivityManagerService.setKeyLockModeNormal:51 com.android.server.am.ActivityManagerService.appDiedLocked:4291 com.android.server.am.ActivityManagerService$AppDeathRecipient.binderDied:1770 android.os.IBinder$DeathRecipient.binderDied:305 
12-31 17:18:45.128  1329  3407 W ContextImpl: Calling a method in the system process without a qualified user: android.app.ContextImpl.startService:1701 com.oplus.util.OplusStatisticsImpl.startService:216 com.oplus.util.OplusStatisticsImpl.sendDataToDCS:192 com.oplus.util.OplusStatisticsImpl.onCommonSync:84 com.oplus.util.OplusStatisticsImpl$1.run:124 
12-31 17:18:45.129  1329 14044 I chatty  : uid=1000(system) TheiaSender expire 2 lines
12-31 17:18:45.129  1574 14051 I theia_socket: recv 4298113028:ApplicationFGCrash:1640942325127
12-31 17:18:45.129  1574 14051 I theia_socket: nowEvent is not KeyEvent
12-31 17:18:45.130  1014  1014 I ANDR-PERF-LM: LMPerfGlue: perfmodule_submit_request() 132: perfmodule_submit_request()
12-31 17:18:45.130  1014  1014 I ANDR-PERF-LM: Core: getInstance() 84: LM getInstance
12-31 17:18:45.130  1014  1014 I ANDR-PERF-LM: WQ: push() 59: LMTriggerQ push() size=0
12-31 17:18:45.130  1014  1014 I ANDR-PERF-LM: WQ: push() 61: LMTriggerQ push() done size=1
12-31 17:18:45.130  1014  1073 I ANDR-PERF-LM: WQ: pop() 42: LMTriggerQ pop() done size=0
12-31 17:18:45.130  1014  1073 I ANDR-PERF-LM: Core: lmMain() 381: Calling runAsync for PreKill
12-31 17:18:45.130  1014  1073 I ANDR-PERF-LM: Core: lmMain() 391: runAsync for PreKill returned
12-31 17:18:45.130  1014  1073 I ANDR-PERF-LM: Core: lmMain() 373: Waiting on trigger Queue
12-31 17:18:45.130  1014  1073 I ANDR-PERF-LM: WQ: pop() 31: LMTriggerQ pop() size=0
12-31 17:18:45.130  1329  2283 W ActivityManager: Scheduling restart of crashed service com.example.mytestapplication/.service.ForegroundService in 1000ms for start-requested
12-31 17:18:45.131  1329  2283 V ActivityTaskManager: Calling mServicetracker.OnActivityStateChange with flag truestateDESTROYED
12-31 17:18:45.131  1329  2283 V ActivityTaskManager: Calling mServicetracker.OnActivityStateChange with flag falsestateDESTROYED
12-31 17:18:45.131  1329  2283 V ActivityTaskManager: Calling mServicetracker.OnActivityStateChange with flag truestateDESTROYED
12-31 17:18:45.132  1329  2283 V ActivityTaskManager: Calling mServicetracker.OnActivityStateChange with flag truestateDESTROYED
12-31 17:18:45.132  1329  2283 V ActivityTaskManager: Calling mServicetracker.OnActivityStateChange with flag falsestateDESTROYED
12-31 17:18:45.132  1329  2283 V ActivityTaskManager: Calling mServicetracker.OnActivityStateChange with flag truestateDESTROYED
12-31 17:18:45.137  1329  2283 V ColorZoomWindowManagerService: onAnimationFinished:  r = ActivityRecord{94f5ad7 u0 com.example.mytestapplication/.MainActivity t7562 f}}
12-31 17:18:45.137  1329  2283 I OplusMirageDisplayManagerService: onAnimationFinished:
12-31 17:18:45.138  1329  2283 V ActivityTaskManager: Calling mServicetracker.OnActivityStateChange with flag truestateRESUMED
12-31 17:18:45.138  1014  1014 I ANDR-PERF-LM: LMPerfGlue: perfmodule_submit_request() 132: perfmodule_submit_request()
12-31 17:18:45.138  1014  1014 I ANDR-PERF-LM: Core: getInstance() 84: LM getInstance
12-31 17:18:45.138  1014  1014 I ANDR-PERF-LM: WQ: push() 59: LMTriggerQ push() size=0
12-31 17:18:45.138  1014  1014 I ANDR-PERF-LM: WQ: push() 61: LMTriggerQ push() done size=1
12-31 17:18:45.138  1014  1073 I ANDR-PERF-LM: WQ: pop() 42: LMTriggerQ pop() done size=0
12-31 17:18:45.138  1014  1073 I ANDR-PERF-LM: Core: lmMain() 381: Calling runAsync for GameOptimization
12-31 17:18:45.138  1014  1073 D ANDR-PERF-LM: Feature: lookup() 136: Feature Name = AppClassifier, total featuers = 4, featureFound = 1
12-31 17:18:45.138  1014  1073 D ANDR-PERF-LM: Feature: getData() 147: data.data = 0
12-31 17:18:45.138  1014  1073 I ANDR-PERF-LM: Core: lmMain() 391: runAsync for GameOptimization returned
12-31 17:18:45.138  1014  1073 I ANDR-PERF-LM: Core: lmMain() 381: Calling runAsync for AdaptLaunch
12-31 17:18:45.138  1014  1073 I ANDR-PERF-LM: MetaMeter: isValidAsync() 194: AsyncInfo: hintID = 4098
12-31 17:18:45.138  1014  1073 I ANDR-PERF-LM: hintType: -1
12-31 17:18:45.138  1014  1073 I ANDR-PERF-LM: isPrimary = 0
12-31 17:18:45.138  1014  1073 I ANDR-PERF-LM: MetaMeter: isValidAsync() 196: (hintID,hintType,Primary) = (4098, -1, 1)
12-31 17:18:45.138  1014  1073 I ANDR-PERF-LM: MetaMeter: handleAsync() 173: AdaptLaunch MetaMeter handleAsync start() Entry
12-31 17:18:45.139  1014  1073 I ANDR-PERF-LM: MetaMeter: isPrimaryASync() 185: (hintID,hintType,Primary) = (4098, -1, 1)
12-31 17:18:45.139  1014  1073 W ANDR-PERF-LM: MetaMeter: handlePrimaryAsync() 116: AdaptLaunch MetaMeter. No MeterMgr Available to handle this Primary Async. !!!!
12-31 17:18:45.139  1014  1073 I ANDR-PERF-LM: MetaMeter: handleAsync() 189: AdaptLaunch MetaMeter handleAsync End() Exit
12-31 17:18:45.139  1014  1073 I ANDR-PERF-LM: MetaMeter: isValidAsync() 194: AsyncInfo: hintID = 4098
12-31 17:18:45.139  1014  1073 I ANDR-PERF-LM: hintType: -1
12-31 17:18:45.139  1014  1073 I ANDR-PERF-LM: isPrimary = 0
12-31 17:18:45.139  1014  1073 I ANDR-PERF-LM: MetaMeter: isValidAsync() 196: (hintID,hintType,Primary) = (4098, -1, 1)
12-31 17:18:45.139  1014  1073 I ANDR-PERF-LM: MetaMeter: handleAsync() 173: AdaptLaunch MetaMeter handleAsync start() Entry
12-31 17:18:45.139  1014  1073 I ANDR-PERF-LM: MetaMeter: isPrimaryASync() 185: (hintID,hintType,Primary) = (4098, -1, 1)
12-31 17:18:45.139  1014  1073 W ANDR-PERF-LM: MetaMeter: handlePrimaryAsync() 116: AdaptLaunch MetaMeter. No MeterMgr Available to handle this Primary Async. !!!!
12-31 17:18:45.139  1014  1073 I ANDR-PERF-LM: MetaMeter: handleAsync() 189: AdaptLaunch MetaMeter handleAsync End() Exit
12-31 17:18:45.139  1014  1073 I ANDR-PERF-LM: Core: lmMain() 391: runAsync for AdaptLaunch returned
12-31 17:18:45.139  1014  1073 I ANDR-PERF-LM: Core: lmMain() 373: Waiting on trigger Queue
12-31 17:18:45.139  1014  1073 I ANDR-PERF-LM: WQ: pop() 31: LMTriggerQ pop() size=0
12-31 17:18:45.139  1329  2283 V ActivityTaskManager: Calling mServicetracker.OnActivityStateChange with flag falsestateRESUMED
12-31 17:18:45.142  1046  1046 D OppoExLayer: ~Layer() sequence=4649, name=f0a8f1 com.example.mytestapplication/com.example.mytestapplication.MainActivity#0@0xb40000736ebfd000
12-31 17:18:45.142  1046  1046 D OppoExLayer: ~Layer() sequence=4655, name=ActivityRecord{713d14e u0 com.example.mytestapplication/.module.setting.RandomEatSettingActivity#0@0xb400007378814000
12-31 17:18:45.142  1046  1046 D OppoExLayer: ~Layer() sequence=4654, name=Surface(name=b7bc17 InputMethod)/@0x9a83cda - animation-leash#0@0xb4000073802c1000
12-31 17:18:45.155  1329  1718 W ActivityManager: setHasOverlayUi called on unknown pid: 7520
12-31 17:18:45.155  1329  1718 D PowerManagerService: setScreenBrightnessOverrideFromWindowManagerInternal brightness=NaN mScreenBrightnessOverrideFromWindowManager=NaN
12-31 17:18:45.158  1046  1046 D OppoExLayer: ~Layer() sequence=4641, name=Task=7562#0@0xb40000736eb42000
12-31 17:18:45.158  1046  1046 D OppoExLayer: ~Layer() sequence=4642, name=ActivityRecord{94f5ad7 u0 com.example.mytestapplication/.MainActivity#0@0xb40000736ebc8000
12-31 17:18:45.162  3328  3328 E Parcel  : Reading a NULL string not supported here.
12-31 17:18:45.168 25181 25219 I [0]DCS-StrategyManager: isNeedUpload: true, type: 2006, appID: 20120, logTag: CriticalLog, eventID: Theia
12-31 17:18:45.172 25542  1761 E RemoteGuardClient.DWB.ActivityMonitor: onProcessDied com.example.mytestapplication pid = 7520 uid = 10474
12-31 17:18:45.175 25181 25219 I [0]DCS-StrategyManager: isNeedUpload: true, type: 2006, appID: 20082, logTag: 20082, eventID: notification_flow
12-31 17:18:45.170  1329  1718 D PowerManagerService: setScreenBrightnessOverrideFromWindowManagerInternal brightness=NaN mScreenBrightnessOverrideFromWindowManager=NaN
12-31 17:18:45.181  1329  3785 V WindowManager: Changing focus from null to Window{527431b u0 com.oppo.launcher/com.oppo.launcher.Launcher},diplayid=0
12-31 17:18:45.185  3328  3328 E Launcher.ColorBubbleTextView: mForceHideDot is false
12-31 17:18:45.186  3328  3328 E Launcher.ColorBubbleTextView: mForceHideDot is false
12-31 17:18:45.186  3328  3595 E Parcel  : Reading a NULL string not supported here.
12-31 17:18:45.186  3328  3328 E Launcher.ColorBubbleTextView: mForceHideDot is false
12-31 17:18:45.186  3328  3328 E Launcher.ColorBubbleTextView: mForceHideDot is false
12-31 17:18:45.190  1046  1134 D DispPerfService: onframeavailable pid=3328, slot=0, seq=4658, name=com.oppo.launcher:com.oppo.launcher/com.oppo.launcher.Launcher#0
12-31 17:18:45.193  2788  2788 D OplusWallpaperServiceHelper: isNightMode is true
12-31 17:18:45.193  2788  2788 D OplusWallpaperServiceHelper: getDarkWallpaperSwitchSettings contextandroid.app.ContextImpl@b087e17
12-31 17:18:45.193  2788  2788 I OplusWallpaperServiceHelper: getDarkModeWallpaperWindowAlpha. nightMode = true
12-31 17:18:45.194  1329  1719 V WindowManager: mIsWallpaper: setAlpha ok mShownAlpha = 0.76
12-31 17:18:45.198  1329  1719 V ColorZoomWindowManagerService: onAnimationFinished:  r = ActivityRecord{7e38601 u0 com.oppo.launcher/.Launcher t2}
12-31 17:18:45.198  1329  1719 I ColorAppSwitchManagerService:  handleAppVisible , r = ActivityRecord{7e38601 u0 com.oppo.launcher/.Launcher t2}
12-31 17:18:45.198  1329  1719 I OplusMirageDisplayManagerService: onAnimationFinished:
12-31 17:18:45.198  1329  1719 I ColorAppSwitchManagerService:  handleAppVisible , r = ActivityRecord{7e38601 u0 com.oppo.launcher/.Launcher t2}
12-31 17:18:45.205  1329  3785 D ColorAppListInterceptManager: shouldFilterTask
12-31 17:18:45.205  1329  3785 D ColorAppListInterceptManager: shouldFilterTask::packageName = com.example.mytestapplication
12-31 17:18:45.205  1329  3226 D OppoBasePowerManagerService: do restore jobs
12-31 17:18:45.205  1329  3226 I chatty  : uid=1000(system) HansManagerHand identical 1 line
12-31 17:18:45.205  1329  3226 D OppoBasePowerManagerService: do restore jobs
12-31 17:18:45.205  1329  3785 D ColorAppListInterceptManager: shouldFilterTask
12-31 17:18:45.205  1329  3226 D OppoBasePowerManagerService: do restore jobs
12-31 17:18:45.205  1329  3785 D ColorAppListInterceptManager: shouldFilterTask::packageName = com.example.myapplication
12-31 17:18:45.205  1329  3226 D OppoBasePowerManagerService: do restore jobs
12-31 17:18:45.205  1329  3226 D OppoBasePowerManagerService: do restore jobs
12-31 17:18:45.206  1329  3785 D ColorAppListInterceptManager: shouldFilterTask
12-31 17:18:45.206  1329  3785 D ColorAppListInterceptManager: shouldFilterTask::packageName = io.iftech.android.box
12-31 17:18:45.206  1329  3785 D ColorAppListInterceptManager: shouldFilterTask
12-31 17:18:45.206  1329  3785 D ColorAppListInterceptManager: shouldFilterTask::packageName = com.helichuanmei.jinshijiankang
12-31 17:18:45.207  1329  1718 D PowerManagerService: setScreenBrightnessOverrideFromWindowManagerInternal brightness=NaN mScreenBrightnessOverrideFromWindowManager=NaN
12-31 17:18:45.209  1046  1046 D OppoExLayer: ~Layer() sequence=4651, name=Surface(name=41072ee StatusBar)/@0xadcb308 - animation-leash#0@0xb4000073803f9000
12-31 17:18:45.209  1046  1046 D OppoExLayer: ~Layer() sequence=4652, name=Surface(name=9d76c28 NavigationBar0)/@0xc117b76 - animation-leash#0@0xb4000073803fc000
12-31 17:18:45.209  1329  4108 I chatty  : uid=1000(system) Binder:1329_15 expire 1 line
12-31 17:18:45.210  3328  3328 E Launcher.ColorBubbleTextView: mForceHideDot is false
12-31 17:18:45.208  1329  1718 I chatty  : uid=1000(system) android.display identical 3 lines
12-31 17:18:45.208  1329  1718 D PowerManagerService: setScreenBrightnessOverrideFromWindowManagerInternal brightness=NaN mScreenBrightnessOverrideFromWindowManager=NaN
12-31 17:18:45.216  1329  3280 D ColorAppListInterceptManager: shouldFilterTask
12-31 17:18:45.216  1329  3280 D ColorAppListInterceptManager: shouldFilterTask::packageName = com.example.mytestapplication
12-31 17:18:45.211  3328  3328 E Launcher.ColorBubbleTextView: mForceHideDot is false
12-31 17:18:45.215  3642  8691 W CursorWindow: Window is full: requested allocation 72 bytes, free space 38 bytes, window size 2097152 bytes
12-31 17:18:45.216  1329  3280 D ColorAppListInterceptManager: shouldFilterTask
12-31 17:18:45.216  1329  3280 D ColorAppListInterceptManager: shouldFilterTask::packageName = com.example.myapplication
12-31 17:18:45.216  1329  3280 D ColorAppListInterceptManager: shouldFilterTask
12-31 17:18:45.216  1329  3280 D ColorAppListInterceptManager: shouldFilterTask::packageName = io.iftech.android.box
12-31 17:18:45.216  1329  4017 I chatty  : uid=1000(system) Binder:1329_14 expire 4 lines
12-31 17:18:45.216  1329  3280 D ColorAppListInterceptManager: shouldFilterTask
12-31 17:18:45.216  1329  3280 D ColorAppListInterceptManager: shouldFilterTask::packageName = com.helichuanmei.jinshijiankang
12-31 17:18:45.216  1329  4017 D ColorInputMethodManagerServiceEx: onHandleImeWindowVisibleStatus handledVis: 0, switcher visible: 0, switcher active: 0, needsToShowImeSwitcher: false
12-31 17:18:45.224  3328  3595 E Parcel  : Reading a NULL string not supported here.
12-31 17:18:45.225  1329  1718 D PowerManagerService: setScreenBrightnessOverrideFromWindowManagerInternal brightness=NaN mScreenBrightnessOverrideFromWindowManager=NaN
12-31 17:18:45.226  3328  3328 E Launcher.ColorBubbleTextView: mForceHideDot is false
12-31 17:18:45.228  3328  3328 E Launcher.ColorBubbleTextView: mForceHideDot is false
12-31 17:18:45.233  3328  3328 E Launcher.ColorBubbleTextView: mForceHideDot is false
12-31 17:18:45.236  1329  1718 I chatty  : uid=1000(system) android.display identical 2 lines
12-31 17:18:45.240  1329  1718 D PowerManagerService: setScreenBrightnessOverrideFromWindowManagerInternal brightness=NaN mScreenBrightnessOverrideFromWindowManager=NaN
12-31 17:18:45.240  1329  3280 D ColorInputMethodManagerServiceEx: onHandleImeWindowVisibleStatus handledVis: 0, switcher visible: 0, switcher active: 0, needsToShowImeSwitcher: false
12-31 17:18:45.243  3328  3328 E Launcher.ColorBubbleTextView: mForceHideDot is false
12-31 17:18:45.251  1329  2630 I chatty  : uid=1000(system) TaskSnapshotPer expire 12 lines
12-31 17:18:45.266 25542 25585 E Parcel  : Reading a NULL string not supported here.
12-31 17:18:45.267  1329  1718 D PowerManagerService: setScreenBrightnessOverrideFromWindowManagerInternal brightness=NaN mScreenBrightnessOverrideFromWindowManager=NaN
12-31 17:18:45.272 25542 25585 I RemoteGuardClient.DWB.ActivityMonitor: topActivities = []
12-31 17:18:45.315 32443 32571 E Parcel  : Reading a NULL string not supported here.
12-31 17:18:45.335 32443 32571 E Parcel  : Reading a NULL string not supported here.
12-31 17:18:45.342 24828  9582 I AstScreen.AsRouter: checkUrl
12-31 17:18:45.348 24828  9582 I chatty  : uid=10228(com.coloros.assistantscreen) Binder:24828_7 identical 40 lines
12-31 17:18:45.350 24828  9582 I AstScreen.AsRouter: checkUrl
12-31 17:18:45.350 24828  9582 W AstScreen.AssistantSuggestionUtil: getExplicitActivityIntent, resolveInfo is not compatibale, return null Intent { act=android.intent.action.VIEW dat=kwai://tube/square?handpickTubeIds=3_5_7&pageType=1&openFrom=oppo_xxl_lh_kuaijie1 }
12-31 17:18:45.350 24828  9582 I AstScreen.AsRouter: checkUrl
12-31 17:18:45.351 24828  9582 W AstScreen.AssistantSuggestionUtil: getExplicitActivityIntent, resolveInfo is not compatibale, return null Intent { act=android.intent.action.VIEW dat=kwai://rank/aggregation?type=1&openFrom=oppo_xxl_lh_kuaijie2 }
12-31 17:18:45.351 24828  9582 I AstScreen.AsRouter: checkUrl
12-31 17:18:45.365 24828  9582 I AstScreen.AsRouter: checkUrl
12-31 17:18:45.366 24828  9582 D MicroMsg.SDK.WXMsgImplComm: check signature:308202eb30820254a00302010202044d36f7a4300d06092a864886f70d01010505003081b9310b300906035504061302383631123010060355040813094775616e67646f6e673111300f060355040713085368656e7a68656e31353033060355040a132c54656e63656e7420546563686e6f6c6f6779285368656e7a68656e2920436f6d70616e79204c696d69746564313a3038060355040b133154656e63656e74204775616e677a686f7520526573656172636820616e6420446576656c6f706d656e742043656e7465723110300e0603550403130754656e63656e74301e170d3131303131393134333933325a170d3431303131313134333933325a3081b9310b300906035504061302383631123010060355040813094775616e67646f6e673111300f060355040713085368656e7a68656e31353033060355040a132c54656e63656e7420546563686e6f6c6f6779285368656e7a68656e2920436f6d70616e79204c696d69746564313a3038060355040b133154656e63656e74204775616e677a686f7520526573656172636820616e6420446576656c6f706d656e742043656e7465723110300e0603550403130754656e63656e7430819f300d06092a864886f70d010101050003818d0030818902818100c05f34b231b083fb1323670bfbe7bdab40c0c0a6efc87ef2072a1ff0d60cc67c8edb0d0847f210bea6cbfaa241be70c86daf56be08b723c859e52428a064555d80db448cdcacc1aea2501eba06f8bad12a4fa49d85cacd7abeb68945a5cb5e061629b52e3254c373550ee4e40cb7c8ae6f7a8151ccd8df582d446f39ae0c5e930203010001300d06092a864886f70d0101050500038181009c8d9d7f2f908c42081b4c764c377109a8b2c70582422125ce545842d5f520aea69550b6bd8bfd94e987b75a3077eb04ad341f481aac266e89d3864456e69fba13df018acdc168b9a19dfd7ad9d9cc6f6ace57c746515f71234df3a053e33ba93ece5cd0fc15f3e389a3f365588a9fcb439e069d3629cd7732a13fff7b891499
12-31 17:18:45.366 24828  9582 D MicroMsg.SDK.WXMsgImplComm: pass
12-31 17:18:45.378 24828 32301 E Parcel  : Reading a NULL string not supported here.
12-31 17:18:45.381 25224 25239 W .oplus.crashbo: Reducing the number of considered missed Gc histogram windows from 340 to 100
12-31 17:18:45.382 24828  9582 D MicroMsg.SDK.WXApiImplV10: wxSdkVersion = 671092827
12-31 17:18:45.382 24828  9582 I AstScreen.n72: miniProgramSupported isSupported true
12-31 17:18:45.382 24828  9582 I AstScreen.AsRouter: checkUrl
12-31 17:18:45.383 24828  9582 W AstScreen.AssistantSuggestionUtil: getExplicitActivityIntent, resolveInfo is not compatibale, return null Intent { act=android.intent.action.VIEW dat=alipays://platformapi/startapp?appId=60000002&chInfo=ch_oppoLeft }
12-31 17:18:45.383 24828  9582 I AstScreen.AsRouter: checkUrl
12-31 17:18:45.384 24828  9582 W AstScreen.AssistantSuggestionUtil: getExplicitActivityIntent, resolveInfo is not compatibale, return null Intent { act=android.intent.action.VIEW dat=alipays://platformapi/startapp?appId=66666674&chInfo=ch_oppoLeft }
12-31 17:18:45.384 24828  9582 I AstScreen.AsRouter: checkUrl
12-31 17:18:45.387 24828  9582 I AstScreen.AsRouter: checkUrl
12-31 17:18:45.387 24828  9582 W AstScreen.AssistantSuggestionUtil: getExplicitActivityIntent, resolveInfo is not compatibale, return null Intent { act=android.intent.action.VIEW dat=alipays://platformapi/startapp?appId=10000007&chInfo=ch_oppoLeft }
12-31 17:18:45.387 24828  9582 I AstScreen.AsRouter: checkUrl
12-31 17:18:45.388 24828  9582 W AstScreen.AssistantSuggestionUtil: getExplicitActivityIntent, resolveInfo is not compatibale, return null Intent { act=android.intent.action.VIEW dat=alipays://platformapi/startapp?appId=20000056&chInfo=ch_oppoLeft }
12-31 17:18:45.388 24828  9582 I AstScreen.AsRouter: checkUrl
12-31 17:18:45.390 24828  9582 I AstScreen.AsRouter: checkUrl
12-31 17:18:45.391 24828  9582 W AstScreen.AssistantSuggestionUtil: getExplicitActivityIntent, resolveInfo is not compatibale, return null Intent { act=android.intent.action.VIEW dat=alipays://platformapi/startapp?appId=20002048&chInfo=ch_oppo_left&sceneCode=KF_CHANGSHANG&shareUserId=2088831084772226&partnerId=ch_oppo_left&url=alipays://platformapi/startapp?appId=68687564&marketStageAppId=2021001139676873 }
12-31 17:18:45.391 24828  9582 I AstScreen.AsRouter: checkUrl
12-31 17:18:45.391 24828  9582 W AstScreen.AssistantSuggestionUtil: getExplicitActivityIntent, resolveInfo is not compatibale, return null Intent { act=android.intent.action.VIEW dat=teamtalk://tt-client/jump/mworkbench?menuCode=100145 }
12-31 17:18:45.391 24828  9582 I AstScreen.AsRouter: checkUrl
12-31 17:18:45.392 24828  9582 W AstScreen.AssistantSuggestionUtil: getExplicitActivityIntent, resolveInfo is not compatibale, return null Intent { act=android.intent.action.VIEW dat=alipays://platformapi/startapp?appId=200011235&chInfo=ch_oppo_left&sceneCode=KF_DYW04&shareUserId=2088731036052261&partnerId=ch_oppo_left&pikshemo=YES }
12-31 17:18:45.392 24828  9582 I AstScreen.AsRouter: checkUrl
12-31 17:18:45.393 24828  9582 W AstScreen.AssistantSuggestionUtil: getExplicitActivityIntent, resolveInfo is not compatibale, return null Intent { act=android.intent.action.VIEW dat=amapuri://drive/takeTaxi?sourceApplication=oppokjtaxi }
12-31 17:18:45.393 24828  9582 I AstScreen.AsRouter: checkUrl
12-31 17:18:45.394 24828  9582 I AstScreen.AsRouter: checkUrl
12-31 17:18:45.396 24828  9582 W AstScreen.AssistantSuggestionUtil: getExplicitActivityIntent, resolveInfo is not compatibale, return null Intent { act=android.intent.action.VIEW dat=alipays://platformapi/startapp?appId=20000193&chInfo=ch_oppo_left&sceneCode=KF_CHANGSHANG&shareUserId=2088831084772226& partnerId=ch_oppo_left&pikshemo=YES }
12-31 17:18:45.396 24828  9582 I AstScreen.AsRouter: checkUrl
12-31 17:18:45.398 24828  9582 W AstScreen.AssistantSuggestionUtil: getExplicitActivityIntent, resolveInfo is not compatibale, return null Intent { act=android.intent.action.VIEW dat=alipays://platformapi/startapp?appId=2017103009621199&chInfo=ch_oppo_voice&sceneCode=KF_CHANGSHANG&shareUserId=2088831084772226&partnerId=ch_oppo_voice&pikshemo=YES }
12-31 17:18:45.398 24828  9582 I AstScreen.AsRouter: checkUrl
12-31 17:18:45.400 24828  9582 W AstScreen.AssistantSuggestionUtil: getExplicitActivityIntent, resolveInfo is not compatibale, return null Intent { act=android.intent.action.VIEW dat=amapuri://realtimeBus/home?from=oppokjbus }
12-31 17:18:45.400 24828  9582 I AstScreen.AsRouter: checkUrl
12-31 17:18:45.403 24828  9582 W AstScreen.AssistantSuggestionUtil: getExplicitActivityIntent, resolveInfo is not compatibale, return null Intent { act=android.intent.action.VIEW dat=ctrip://wireless/train_inquire?guidtype=base&allianceid=1209252&needguid=1&sid=2675249 }
12-31 17:18:45.403 24828  9582 I AstScreen.AsRouter: checkUrl
12-31 17:18:45.404 24828  9582 W AstScreen.AssistantSuggestionUtil: getExplicitActivityIntent, resolveInfo is not compatibale, return null Intent { act=android.intent.action.VIEW dat=ctrip://wireless/train_inquire?guidtype=base&allianceid=1209252&needguid=1&sid=2675249 }
12-31 17:18:45.404 24828  9582 I AstScreen.AsRouter: checkUrl
12-31 17:18:45.405 24828  9582 W AstScreen.AssistantSuggestionUtil: getExplicitActivityIntent, resolveInfo is not compatibale, return null Intent { act=android.intent.action.VIEW dat=ctrip://wireless/flight_inland_inquire?guidtype=base&c1=1&allianceid=1209252&needguid=1&sid=2675250 }
12-31 17:18:45.405 24828  9582 I AstScreen.AsRouter: checkUrl
12-31 17:18:45.406 24828  9582 W AstScreen.AssistantSuggestionUtil: getExplicitActivityIntent, resolveInfo is not compatibale, return null Intent { act=android.intent.action.VIEW dat=ctrip://wireless/flight_inland_inquire?guidtype=base&c1=1&allianceid=1209252&needguid=1&sid=2675250 }
12-31 17:18:45.406 24828  9582 I AstScreen.AsRouter: checkUrl
12-31 17:18:45.407 24828  9582 W AstScreen.AssistantSuggestionUtil: getExplicitActivityIntent, resolveInfo is not compatibale, return null Intent { act=android.intent.action.VIEW dat=ctrip://wireless/hotel_inquire?guidtype=base&c3=2&allianceid=1209252&needguid=1&sid=2675251 }
12-31 17:18:45.407 24828  9582 I AstScreen.AsRouter: checkUrl
12-31 17:18:45.408 24828  9582 W AstScreen.AssistantSuggestionUtil: getExplicitActivityIntent, resolveInfo is not compatibale, return null Intent { act=android.intent.action.VIEW dat=ctrip://wireless/hotel_inquire?guidtype=base&c3=2&allianceid=1209252&needguid=1&sid=2675251 }
12-31 17:18:45.408 24828  9582 I AstScreen.AsRouter: checkUrl
