12-31 17:18:43.052  7574  7574 W Zygote  : Unable to open libbeluga.so: dlopen failed: library "libbeluga.so" not found.
12-31 17:18:43.054  1014  1014 I ANDR-PERF-LM: LMPerfGlue: perfmodule_submit_request() 132: perfmodule_submit_request()
12-31 17:18:43.054  1014  1014 I ANDR-PERF-LM: Core: getInstance() 84: LM getInstance
12-31 17:18:43.055  1014  1014 I ANDR-PERF-LM: WQ: push() 59: LMTriggerQ push() size=0
12-31 17:18:43.055  1014  1014 I ANDR-PERF-LM: WQ: push() 61: LMTriggerQ push() done size=1
12-31 17:18:43.055  1014  1073 I ANDR-PERF-LM: WQ: pop() 42: LMTriggerQ pop() done size=0
12-31 17:18:43.055  1014  1073 I ANDR-PERF-LM: Core: lmMain() 381: Calling runAsync for PreKill
12-31 17:18:43.055  1014  1014 D ANDR-PERF-LM: ThreadHelper: wakeUp() 103: (Meter,Helper,Name,pending)=(0xb400007c9a8422c0,0xb400007c9a87a860,PreKillActionThread,1)
12-31 17:18:43.055  1014  1073 I ANDR-PERF-LM: Core: lmMain() 391: runAsync for PreKill returned
12-31 17:18:43.055  1014  1073 I ANDR-PERF-LM: Core: lmMain() 373: Waiting on trigger Queue
12-31 17:18:43.055  1014  1073 I ANDR-PERF-LM: WQ: pop() 31: LMTriggerQ pop() size=0
12-31 17:18:43.055  1014  5028 D ANDR-PERF-LM: ThreadHelper: thread_callback() 149: Starting:(Meter,Helper,Name,pending)=(0xb400007c9a8422c0,0xb400007c9a87a860,PreKillActionThread,0) 
12-31 17:18:43.057  3642  8589 W CursorWindow: Window is full: requested allocation 72 bytes, free space 38 bytes, window size 2097152 bytes
12-31 17:18:43.058  3328  3328 E Launcher.BottomSearchBoxManager: sp.getBoolean = false
12-31 17:18:43.059  3642  7568 D StartupManager: getStartupRestrictSwitch: true
12-31 17:18:43.059  7574  7574 E loros.shortcut: Unknown bits set in runtime_flags: 0x40000000
12-31 17:18:43.060  1329  5156 V ActivityTaskManager: Calling mServicetracker.OnActivityStateChange with flag truestateSTOPPING
12-31 17:18:43.060  1329  5156 V ActivityTaskManager: Calling mServicetracker.OnActivityStateChange with flag falsestateSTOPPING
12-31 17:18:43.061  7574  7574 E loros.shortcut: Not starting debugger since process cannot load the jdwp agent.
12-31 17:18:43.065  3328  3328 E Launcher.BottomSearchBoxManager: sp.getBoolean = false
12-31 17:18:43.066  3328  3328 E Launcher.BottomSearchBoxManager: sp.getBoolean = false
12-31 17:18:43.071  3328  3328 E Launcher.BottomSearchBoxManager: sp.getBoolean = false
12-31 17:18:43.071  3328  3328 E Launcher.BottomSearchBoxManager: sp.getBoolean = false
12-31 17:18:43.072  7574  7574 E RefClass: java.lang.reflect.InvocationTargetException
12-31 17:18:43.072  1329  3231 I chatty  : uid=1000(system) StateMachineHan expire 22 lines
12-31 17:18:43.074  1014  1014 I ANDR-PERF-LM: LMPerfGlue: perfmodule_submit_request() 132: perfmodule_submit_request()
12-31 17:18:43.074  1014  1014 I ANDR-PERF-LM: Core: getInstance() 84: LM getInstance
12-31 17:18:43.074  1014  1014 D ANDR-PERF-LM: Feature: lookup() 136: Feature Name = AppClassifier, total featuers = 4, featureFound = 1
12-31 17:18:43.074  7574  7574 I OneTrace: Mark active for pid=7574? true
12-31 17:18:43.074  1329  1390 D ColorInputMethodManagerServiceEx: onHandleImeWindowVisibleStatus handledVis: 0, switcher visible: 0, switcher active: 0, needsToShowImeSwitcher: false
12-31 17:18:43.075  3328  3328 E Launcher.BottomSearchBoxManager: sp.getBoolean = false
12-31 17:18:43.076  1014  1014 D ANDR-PERF-LM: Feature: getData() 147: data.data = 1
12-31 17:18:43.076  1014  1014 I ANDR-PERF-LM: FeedbackAPI: getFeedback() 60: app:com.example.mytestapplication feature:AppClassifier feedback = 1
12-31 17:18:43.074  1329  1390 D ColorInputMethodManagerServiceEx: onHandleImeWindowVisibleStatus handledVis: 0, switcher visible: 0, switcher active: 0, needsToShowImeSwitcher: false
12-31 17:18:43.077  1329  3226 D OppoBasePowerManagerService: do restore jobs
12-31 17:18:43.078  1014  5028 D ANDR-PERF-LM: ThreadHelper: thread_callback() 162: Returned from Start:(Meter,Helper,Name,pending)=(0xb400007c9a8422c0,0xb400007c9a87a860,PreKillActionThread,0) 
12-31 17:18:43.078  1014  5028 D ANDR-PERF-LM: ThreadHelper: thread_callback() 134: Waiting:(Meter,Helper,Name,pending)=(0xb400007c9a8422c0,0xb400007c9a87a860,PreKillActionThread,0)
12-31 17:18:43.079  2410  2429 W Settings: Setting adb_enabled has moved from android.provider.Settings.Secure to android.provider.Settings.Global.
12-31 17:18:43.083  3328  3328 E Parcel  : Reading a NULL string not supported here.
12-31 17:18:43.087  1329  1718 D PowerManagerService: setScreenBrightnessOverrideFromWindowManagerInternal brightness=NaN mScreenBrightnessOverrideFromWindowManager=NaN
12-31 17:18:43.090  1329  1390 D ColorInputMethodManagerServiceEx: onHandleImeWindowVisibleStatus handledVis: 0, switcher visible: 0, switcher active: 0, needsToShowImeSwitcher: false
12-31 17:18:43.099  1329  1743 W ActivityManager: Slow operation: 70ms so far, now at startProcess: done updating battery stats
12-31 17:18:43.099  1329  1743 W ActivityManager: Slow operation: 70ms so far, now at startProcess: building log message
12-31 17:18:43.099  1329  1743 I ActivityManager: Start proc 7574:com.coloros.shortcuts/u0a256 for content provider {com.coloros.shortcuts/com.coloros.shortcuts.framework.db.AppDataProvider}
12-31 17:18:43.099  1329  1743 W ActivityManager: Slow operation: 70ms so far, now at startProcess: starting to update pids map
12-31 17:18:43.099 10672 10672 E Parcel  : Reading a NULL string not supported here.
12-31 17:18:43.099  1329  5482 V ActivityTaskManager: Calling mServicetracker.OnActivityStateChange with flag truestateSTOPPED
12-31 17:18:43.099  1329  5482 V ActivityTaskManager: Calling mServicetracker.OnActivityStateChange with flag falsestateSTOPPED
12-31 17:18:43.101  1329  1743 W ActivityManager: Slow operation: 72ms so far, now at startProcess: done updating pids map
12-31 17:18:43.101  1329  1743 I chatty  : uid=1000(system) ActivityManager expire 1 line
12-31 17:18:43.101  3300  3300 E PhoneInterfaceManager: [PhoneIntfMgr] getCarrierPackageNamesForIntentAndPhone: No UICC
12-31 17:18:43.102  3300  3300 D CarrierSvcBindHelper: No carrier app for: 0
12-31 17:18:43.102  3300  3300 E PhoneInterfaceManager: [PhoneIntfMgr] getCarrierPackageNamesForIntentAndPhone: No UICC
12-31 17:18:43.102  3300  3300 D CarrierSvcBindHelper: No carrier app for: 1
12-31 17:18:43.101 25498  7598 D PermissionService: onHandleIntent, action=action.RESTORE_OPS current user: 0
12-31 17:18:43.102  5848  5848 D BoundBrokerSvc: onBind: Intent { act=com.google.android.gms.feedback.internal.IFeedbackService cmp=com.google.android.gms/.chimera.GmsBoundBrokerService }
12-31 17:18:43.102  5848  5848 D BoundBrokerSvc: Loading bound service for intent: Intent { act=com.google.android.gms.feedback.internal.IFeedbackService cmp=com.google.android.gms/.chimera.GmsBoundBrokerService }
12-31 17:18:43.102  3300  3300 E PhoneInterfaceManager: [PhoneIntfMgr] getCarrierPackageNamesForIntentAndPhone: No UICC
12-31 17:18:43.103  3300  3300 D CarrierSvcBindHelper: No carrier app for: 0
12-31 17:18:43.103  3300  3300 E PhoneInterfaceManager: [PhoneIntfMgr] getCarrierPackageNamesForIntentAndPhone: No UICC
12-31 17:18:43.103  3300  3300 D CarrierSvcBindHelper: No carrier app for: 1
12-31 17:18:43.114  1046  1046 D OppoExLayer: ~Layer() sequence=4636, name=com.oppo.launcher/com.oppo.launcher.Launcher#0@0xb4000073803e5000
12-31 17:18:43.121  1329  1718 D PowerManagerService: setScreenBrightnessOverrideFromWindowManagerInternal brightness=NaN mScreenBrightnessOverrideFromWindowManager=NaN
12-31 17:18:43.122  7574  7574 I oplus.android.OplusFrameworkFactoryImpl: get feature:IOplusScreenModeFeature
12-31 17:18:43.122  7574  7574 I oplus.android.OplusFrameworkFactoryImpl: getOplusScreenModeFeature
12-31 17:18:43.125 25542  1761 I RemoteGuardClient.DWB.ActivityMonitor: onForegroundActivitiesChanged 3328,10104,foreground false pkg= oppo.uid.launcher:10104
12-31 17:18:43.124  1329  1718 I chatty  : uid=1000(system) android.display identical 1 line
12-31 17:18:43.124  1329  1718 D PowerManagerService: setScreenBrightnessOverrideFromWindowManagerInternal brightness=NaN mScreenBrightnessOverrideFromWindowManager=NaN
12-31 17:18:43.126  1329  5357 W ActivityManager: setGlThreads detect 7520 7553
12-31 17:18:43.126  3300  3300 E OplusNecManagerHelper: com.oplus.nec.OplusNecManager.notifyOrigSignalStrengthChanged [class android.telephony.SignalStrength, int]
12-31 17:18:43.133 19395 19497 E PlayCommon: [407] xij.c(136): Failed to connect to server for server timestamp: java.net.ConnectException: Failed to connect to www.googleapis.cn/114.250.64.34:443
12-31 17:18:43.133 19395 19497 W PlayCommon: [407] xij.a(1): No account for auth token provided
12-31 17:18:43.134  3642  7602 I SafeCenter.DexOptRecordManager: handlePackageInstallEvent for com.examp*********application
12-31 17:18:43.134 19395 19497 I PlayCommon: [407] xij.c(169): Connecting to server: https://www.googleapis.cn/play/log?format=raw&proto_v2=true
12-31 17:18:43.140  5848  6448 E Parcel  : Reading a NULL string not supported here.
12-31 17:18:43.147  5018  5044 I .gms.persisten: Background young concurrent copying GC freed 122978(6438KB) AllocSpace objects, 0(0B) LOS objects, 47% free, 7065KB/13MB, paused 6.251ms total 157.140ms
12-31 17:18:43.147  5018  5044 W .gms.persisten: Reducing the number of considered missed Gc histogram windows from 663 to 100
12-31 17:18:43.149  3642  7602 I SafeCenter.DexOptRecordManager: install happened for com.examp*********application which is not thresh yet
12-31 17:18:43.149  3642  7602 I SafeCenter.DexOptRecordManager: DexOptRecordManager upload {eE=install, sE=install, cI=1#arm64#run-from-apk#unknown#base.apk#1640942322575, vN=1.0, rN=1, pkg=com.example.mytestapplication, vC=1, version=1}
12-31 17:18:43.153  5018  7561 I NetworkScheduler.Stats: Task com.google.android.gms/com.google.android.gms.checkin.EventLogService finished executing. cause:4 result: 1 elapsed_millis: 916 uptime_millis: 916 exec_start_elapsed_seconds: 113352 [CONTEXT service_id=218 ]
12-31 17:18:43.155  1797  7562 E Parcel  : Reading a NULL string not supported here.
12-31 17:18:43.155  3642 13917 W ContextImpl: Calling a method in the system process without a qualified user: android.app.ContextImpl.startService:1701 android.content.ContextWrapper.startService:730 com.oplus.statistics.dcs.c.b.a:216 com.oplus.statistics.dcs.c.b.a:135 com.oplus.statistics.dcs.a.c.a:14 
12-31 17:18:43.160  1797  7562 E Parcel  : Reading a NULL string not supported here.
12-31 17:18:43.161  5350  7605 W cdo_md5 : refresh all app: start
12-31 17:18:43.171  5848  1218 W Icing   : No valid account for uploading user actions
12-31 17:18:43.172  1014  5121 E ANDR-PERF-LM: VmRssMeter:: start() 400: Could not find pid, can not collect vmrss data
12-31 17:18:43.172  1014  5121 D ANDR-PERF-LM: MetaMeter: notifyReceiver() 141: AdaptLaunch : (Id : total,started,returned) = (1,1,1,1) 
12-31 17:18:43.172  1014  5121 E ANDR-PERF-LM: AdaptiveLaunch: writeToDataBase() 63: Meter aborted or could not get meter data for this run
12-31 17:18:43.172  1014  5121 I ANDR-PERF-LM: Meter: asyncTriggerUpdate() 55:  stop notification on VmRss
12-31 17:18:43.172  1014  5121 D ANDR-PERF-LM: MetaMeter: notifyReceiver() 162: AdaptLaunch : (Id : total,started,returned,state) = (1,1,0,0,0) 
12-31 17:18:43.172  1014  5121 D ANDR-PERF-LM: ThreadHelper: thread_callback() 162: Returned from Start:(Meter,Helper,Name,pending)=(0xb400007c9a8468c0,0xb400007c9a87b120,AdaptLaunch VmRss,0) 
12-31 17:18:43.172  1014  5121 D ANDR-PERF-LM: ThreadHelper: thread_callback() 134: Waiting:(Meter,Helper,Name,pending)=(0xb400007c9a8468c0,0xb400007c9a87b120,AdaptLaunch VmRss,0)
12-31 17:18:43.172  1014  5120 E ANDR-PERF-LM: VmRssMeter:: start() 400: Could not find pid, can not collect vmrss data
12-31 17:18:43.172  1014  5120 D ANDR-PERF-LM: MetaMeter: notifyReceiver() 141: AdaptLaunch : (Id : total,started,returned) = (0,1,1,1) 
12-31 17:18:43.172  1014  5120 I ANDR-PERF-LM: Meter: asyncTriggerUpdate() 55:  stop notification on VmRss
12-31 17:18:43.172  1014  5120 D ANDR-PERF-LM: MetaMeter: notifyReceiver() 148: AdaptLaunch : (Id : total,started,returned,state) = (0,1,0,0,0) 
12-31 17:18:43.172  1014  5120 D ANDR-PERF-LM: ThreadHelper: thread_callback() 162: Returned from Start:(Meter,Helper,Name,pending)=(0xb400007c9a846700,0xb400007c9a87afe0,AdaptLaunch VmRss,0) 
12-31 17:18:43.172  1014  5120 D ANDR-PERF-LM: ThreadHelper: thread_callback() 134: Waiting:(Meter,Helper,Name,pending)=(0xb400007c9a846700,0xb400007c9a87afe0,AdaptLaunch VmRss,0)
12-31 17:18:43.178  3300  3300 D ImsResolver: maybeAddedImsService, packageName: com.example.mytestapplication
12-31 17:18:43.179  7574  7574 I Perf    : Connecting to perf service.
12-31 17:18:43.184  1329  1819 W BroadcastQueue: Background execution not allowed: receiving Intent { act=android.intent.action.PACKAGE_REPLACED dat=package:com.example.mytestapplication flg=0x4000010 (has extras) } to com.coloros.safecenter/.startupapp.StartupReceiver
12-31 17:18:43.185 19395 19395 I Finsky  : [2] jsn.a(18): PackageMonitorReceiverImpl - Received: android.intent.action.PACKAGE_ADDED, [bdGl5wA_xK7nrkY-14dMyGKc8zEQiM4rqaMKJlBlVnE]
12-31 17:18:43.186 19395 19395 I Finsky  : [2] jtn.d(9): Invalidating cached PackageState for com.example.mytestapplication
12-31 17:18:43.186 19395 19395 I Finsky  : [2] jsn.a(21): PackageMonitorReceiverImpl - Deduping intent android.intent.action.PACKAGE_ADDED
12-31 17:18:43.188  3300  3300 D CarrierConfigLoader: mHandler: 9 phoneId: 0
12-31 17:18:43.188  1329  1329 W Looper  : Slow dispatch took 130ms main h=com.android.server.job.JobSchedulerService$JobHandler c=null m=1
12-31 17:18:43.188  1329  3226 D OppoBasePowerManagerService: do restore jobs
12-31 17:18:43.194  7574  7574 D NetworkSecurityConfig: No Network Security Config specified, using platform default
12-31 17:18:43.194  7574  7574 D NetworkSecurityConfig: No Network Security Config specified, using platform default
12-31 17:18:43.195  7574  7574 D VersionUtils: Get OsVersion Exception : java.lang.NoSuchFieldException: OplusOS_11_3
12-31 17:18:43.195  7574  7574 D VersionUtils: Get OsVersion Exception : java.lang.NoSuchFieldException: OplusOS_11_3
12-31 17:18:43.196  5018  5018 D BoundBrokerSvc: onBind: Intent { act=com.google.android.gms.icing.LIGHTWEIGHT_INDEX_SERVICE cmp=com.google.android.gms/.chimera.PersistentApiService }
12-31 17:18:43.196  5018  5018 D BoundBrokerSvc: Loading bound service for intent: Intent { act=com.google.android.gms.icing.LIGHTWEIGHT_INDEX_SERVICE cmp=com.google.android.gms/.chimera.PersistentApiService }
12-31 17:18:43.198 29410  7610 W InstallAppUtil: add: com.example.mytestapplication
12-31 17:18:43.200 29410  7612 W cdo_md5 : refreshAllAppMd5: start
12-31 17:18:43.188  1329  3226 D OppoBasePowerManagerService: do restore jobs
12-31 17:18:43.204  1329  1819 W BroadcastQueue: Background execution not allowed: receiving Intent { act=android.intent.action.PACKAGE_REPLACED dat=package:com.example.mytestapplication flg=0x4000010 (has extras) } to com.coloros.securitypermission/.permission.PermissionReceiver
12-31 17:18:43.207  1329  1819 W BroadcastQueue: Background execution not allowed: receiving Intent { act=android.intent.action.PACKAGE_REPLACED dat=package:com.example.mytestapplication flg=0x4000010 (has extras) } to com.google.android.gms/.gass.chimera.PackageChangeBroadcastReceiver
12-31 17:18:43.207  3642  7602 I SafeCenter.DexOptRecordManager: addDexOptRecordInfo com.example.mytestapplication*1.0*1*install**0*
12-31 17:18:43.208  1329  1819 W BroadcastQueue: Background execution not allowed: receiving Intent { act=android.intent.action.PACKAGE_REPLACED dat=package:com.example.mytestapplication flg=0x4000010 (has extras) } to com.google.android.gms/.chimera.GmsIntentOperationService$PersistentTrustedReceiver
12-31 17:18:43.209  1329  1819 W BroadcastQueue: Background execution not allowed: receiving Intent { act=android.intent.action.PACKAGE_REPLACED dat=package:com.example.mytestapplication flg=0x4000010 (has extras) } to com.heytap.market/com.heytap.cdo.client.domain.receiver.PackageReceiver
12-31 17:18:43.210  1329  1819 W BroadcastQueue: Background execution not allowed: receiving Intent { act=android.intent.action.PACKAGE_REPLACED dat=package:com.example.mytestapplication flg=0x4000010 (has extras) } to com.heytap.quicksearchbox/.receiver.AndroidPackageChangeReceiver
12-31 17:18:43.210  1329  1819 W BroadcastQueue: Background execution not allowed: receiving Intent { act=android.intent.action.PACKAGE_REPLACED dat=package:com.example.mytestapplication flg=0x4000010 (has extras) } to com.nearme.gamecenter/com.heytap.cdo.client.domain.receiver.PackageReceiver
12-31 17:18:43.210  1329  1819 W BroadcastQueue: Background execution not allowed: receiving Intent { act=android.intent.action.DROPBOX_ENTRY_ADDED flg=0x10 (has extras) } to com.google.android.gms/.stats.service.DropBoxEntryAddedReceiver
12-31 17:18:43.210  1329  1819 W BroadcastQueue: Background execution not allowed: receiving Intent { act=android.intent.action.DROPBOX_ENTRY_ADDED flg=0x10 (has extras) } to com.google.android.gms/.chimera.GmsIntentOperationService$PersistentTrustedReceiver
12-31 17:18:43.218  5848  6448 E Parcel  : Reading a NULL string not supported here.
12-31 17:18:43.248  7574  7614 E Shortcut.AppUtils: getMetaInt NameNotFoundException:com.coloros.personalassistant
12-31 17:18:43.255  7574  7614 W Shortcut.ShortcutSyncManager: init registerContentObserver fail:java.lang.SecurityException: Failed to find provider com.coloros.personalassistant for user 0; expected to find a valid ContentProvider for this authority
12-31 17:18:43.260  5350  7605 E Parcel  : Reading a NULL string not supported here.
12-31 17:18:43.262  1329  1718 D PowerManagerService: setScreenBrightnessOverrideFromWindowManagerInternal brightness=NaN mScreenBrightnessOverrideFromWindowManager=NaN
12-31 17:18:43.265 25542 25564 E Parcel  : Reading a NULL string not supported here.
12-31 17:18:43.265  1329  1329 W Looper  : Drained
12-31 17:18:43.269 25542 25585 E Parcel  : Reading a NULL string not supported here.
12-31 17:18:43.269  3609  7617 D AppFeatureProviderUtils: getStringForFeature: classify-app-cn.allawntech.com
12-31 17:18:43.272  1329  1718 D PowerManagerService: setScreenBrightnessOverrideFromWindowManagerInternal brightness=NaN mScreenBrightnessOverrideFromWindowManager=NaN
12-31 17:18:43.272 25498  7618 D PermissionService: onHandleIntent, action=action.PACKAGE_REPLACED current user: 0
12-31 17:18:43.275  5350  7605 E Parcel  : Reading a NULL string not supported here.
12-31 17:18:43.277  7574  7622 I OplusFeatureCache: Milliseconds spent on init(): 11
12-31 17:18:43.278  7574  7622 D VersionUtils: Get OsVersion Exception : java.lang.NoSuchFieldException: OplusOS_11_3
12-31 17:18:43.279  7574  7622 D VersionUtils: Get OsVersion Exception : java.lang.NoSuchFieldException: OplusOS_11_3
12-31 17:18:43.283  5350  7605 E Parcel  : Reading a NULL string not supported here.
12-31 17:18:43.283  1046  1046 D OppoExLayer: ~Layer() sequence=4653, name=Surface(name=361d36f Splash Screen com.example.mytestapplication)/@0x2f86f2c - animation-leash#0@0xb400007380381000
12-31 17:18:43.284  1046  1046 D OppoExLayer: ~Layer() sequence=4643, name=361d36f Splash Screen com.example.mytestapplication#0@0xb4000073802e7000
12-31 17:18:43.284  1046  1046 D OppoExLayer: ~Layer() sequence=4644, name=Splash Screen com.example.mytestapplication#0@0xb40000736ebd8000
12-31 17:18:43.287 29410  7612 E Parcel  : Reading a NULL string not supported here.
12-31 17:18:43.288  1014  1014 I ANDR-PERF-LM: LMPerfGlue: perfmodule_submit_request() 132: perfmodule_submit_request()
12-31 17:18:43.288  1014  1014 I ANDR-PERF-LM: Core: getInstance() 84: LM getInstance
12-31 17:18:43.288  1014  1014 D ANDR-PERF-LM: Feature: lookup() 136: Feature Name = AppClassifier, total featuers = 4, featureFound = 1
12-31 17:18:43.288  1014  1014 D ANDR-PERF-LM: Feature: getData() 147: data.data = 1
12-31 17:18:43.288  1014  1014 I ANDR-PERF-LM: FeedbackAPI: getFeedback() 60: app:com.coloros.shortcuts feature:AppClassifier feedback = 1
12-31 17:18:43.289 25498  7618 E SP      : /my_company/etc/permissions/factory_permission_record: open failed: ENOENT (No such file or directory)
12-31 17:18:43.293 29410  7612 E Parcel  : Reading a NULL string not supported here.
12-31 17:18:43.297  5848  1218 I Icing   : Usage reports ok 1, Failed Usage reports 0, indexed 0, rejected 0
12-31 17:18:43.298  5350  7608 W cdo_md5 : refresh app: md5 and sign: compute: Md5DbItem{pkgName='com.example.mytestapplication', md5='bac19a846dda9945deb45fbc314d0f13', status='1_1640942321656_1640942321000', signList=[b93b9a2497234294edd00c139f05aebb]} ,cost: 135
12-31 17:18:43.298  5350  7608 W market_check_upgrade: startCheckUpgrade: part app: [com.example.mytestapplication] ,isCtaPass: true
12-31 17:18:43.301 29410  7612 E Parcel  : Reading a NULL string not supported here.
12-31 17:18:43.302  3328  3595 W Launcher.AppLimitedStartUpManager: handLimitedStartUpAppListChanged, call back is null!
12-31 17:18:43.307 29410  7612 E Parcel  : Reading a NULL string not supported here.
12-31 17:18:43.309  5350  5367 W m.heytap.marke: Reducing the number of considered missed Gc histogram windows from 339 to 100
12-31 17:18:43.309 29410  7612 E Parcel  : Reading a NULL string not supported here.
12-31 17:18:43.310  5350  7605 E Parcel  : Reading a NULL string not supported here.
12-31 17:18:43.313 29410  7612 E Parcel  : Reading a NULL string not supported here.
12-31 17:18:43.316  2410  2493 I honemanager:tm: Waiting for a blocking GC ProfileSaver
12-31 17:18:43.319 29410  7612 E Parcel  : Reading a NULL string not supported here.
12-31 17:18:43.321  5350  7605 E Parcel  : Reading a NULL string not supported here.
12-31 17:18:43.322 29410  7612 E Parcel  : Reading a NULL string not supported here.
12-31 17:18:43.325 25542 25585 E Parcel  : Reading a NULL string not supported here.
12-31 17:18:43.327 29410  7612 E Parcel  : Reading a NULL string not supported here.
12-31 17:18:43.333  7574  7614 E Shortcut.AppUtils: getAppVersionCode NameNotFoundException:com.coloros.support.services
12-31 17:18:43.334  7574  7630 I SceneSDK.6.1.9.shortcuts.SceneManager: getSupportResourceList: 
12-31 17:18:43.335 29410  7612 E Parcel  : Reading a NULL string not supported here.
12-31 17:18:43.336 25498  7632 I SP.UsageAccessUtils: AppOp permission exists for package audioserver but package doesn't exist or did not request UsageStats access
12-31 17:18:43.336 25498  7632 I SP.UsageAccessUtils: AppOp permission exists for package com.oppo.launcher but package doesn't exist or did not request UsageStats access
12-31 17:18:43.336 25498  7632 I SP.UsageAccessUtils: AppOp permission exists for package com.heytap.browser but package doesn't exist or did not request UsageStats access
12-31 17:18:43.336 25498  7632 I SP.UsageAccessUtils: AppOp permission exists for package com.coloros.regservice but package doesn't exist or did not request UsageStats access
12-31 17:18:43.336 25498  7632 I SP.UsageAccessUtils: AppOp permission exists for package com.coloros.gamespace but package doesn't exist or did not request UsageStats access
12-31 17:18:43.336 25498  7632 I SP.UsageAccessUtils: AppOp permission exists for package com.ss.android.article.news but package doesn't exist or did not request UsageStats access
12-31 17:18:43.336 25498  7632 I SP.UsageAccessUtils: AppOp permission exists for package com.qiyi.video but package doesn't exist or did not request UsageStats access
12-31 17:18:43.336 25498  7632 I SP.UsageAccessUtils: AppOp permission exists for package com.ss.android.ugc.aweme but package doesn't exist or did not request UsageStats access
12-31 17:18:43.336 25498  7632 I SP.UsageAccessUtils: AppOp permission exists for package com.tencent.mm but package doesn't exist or did not request UsageStats access
12-31 17:18:43.338 29410  7616 W cdo_md5 : refreshAppMd5compute: com.example.mytestapplication ,md5: bac19a846dda9945deb45fbc314d0f13 ,status: 1_1640942321656_1640942321000 ,cost: 94
12-31 17:18:43.338  5350  7605 E Parcel  : Reading a NULL string not supported here.
12-31 17:18:43.339  5350  7633 W market_check_upgrade: type: 3 , checkUpgrade : old no ignore: 8
12-31 17:18:43.339 31922  7631 I RoleControllerServiceImpl: Package is already a role holder, package: com.android.mms, role: android.app.role.SMS
12-31 17:18:43.340 25498  4405 D FloatWindowToastHelper: onConfigChange path=/oppoguardelf/app_traffic_deepsleep.xml selfChange=false userId:0
12-31 17:18:43.341 25498  4405 D FloatWindowToastHelper: currentUserid=0
12-31 17:18:43.343 25498  4405 D FloatWindowToastHelper: onConfigChange path=/oppoguardelf/app_traffic_deepsleep_start_time.xml selfChange=false userId:0
12-31 17:18:43.344  7574  7630 I SceneSDK.6.1.9.shortcuts.SceneManager: getSupportSceneList:
12-31 17:18:43.344 25498  4405 D FloatWindowToastHelper: currentUserid=0
12-31 17:18:43.345 25542 25585 E Parcel  : Reading a NULL string not supported here.
12-31 17:18:43.347  5018  6445 E Parcel  : Reading a NULL string not supported here.
12-31 17:18:43.352  5018  7477 E WakeLock: GCM_HB_ALARM release without a matched acquire!
12-31 17:18:43.352  5018  7477 W WakeLock: GCM_HB_ALARM counter does not exist
12-31 17:18:43.358  5848  6639 I Icing   : IndexChimeraService.getServiceInterface callingPackage=com.google.android.gms componentName=null serviceId=30
12-31 17:18:43.365  5350  7605 E Parcel  : Reading a NULL string not supported here.
12-31 17:18:43.366  5350  7633 W market_check_upgrade: type: 3 , createRequest: installed count: 1 ,white count: 1 ,request md5 count: 1 ,no md5 count: 0 ,cost: 24
12-31 17:18:43.367  5350  7633 W market_check_upgrade: obits: [1] , from: config
12-31 17:18:43.371 25542 25585 I RemoteGuardClient.DWB.DisabledTimeManager: cancel alarm succeed 2 , Intent { act=com.coloros.safecenter.appusage.disabledtime flg=0x1000000 (has extras) }
12-31 17:18:43.373 25542 25585 I RemoteGuardClient.DWB.DisabledTimeManager: cancel alarm succeed 0 , Intent { act=com.coloros.safecenter.appusage.disabledtime flg=0x1000000 (has extras) }
12-31 17:18:43.373  7574  7630 E Parcel  : Reading a NULL string not supported here.
12-31 17:18:43.374 25542 25585 I RemoteGuardClient.DWB.DisabledTimeManager: cancel alarm succeed 1 , Intent { act=com.coloros.safecenter.appusage.disabledtime flg=0x1000000 (has extras) }
12-31 17:18:43.375 25542 25585 I RemoteGuardClient.DWB.LimitActionProcessor: PreventIndulgePackages UnionArrayList = 
12-31 17:18:43.375  5018  8084 E Parcel  : Reading a NULL string not supported here.
12-31 17:18:43.377  5018 14083 E Parcel  : Reading a NULL string not supported here.
12-31 17:18:43.377 25542 25585 I RemoteGuardClient.DWB.AppInstallReceiver: add/remove app disable
12-31 17:18:43.377  7574  7630 I SceneSDK.6.1.9.shortcuts.SceneManager: getSupportSceneList:
12-31 17:18:43.379 25542 25585 I RemoteGuardClient.DWB.ActivityMonitor: topActivities = [com.example.mytestapplication]
12-31 17:18:43.382 32443  7550 W .quicksearchbo: Accessing hidden method Lcom/android/org/conscrypt/ConscryptEngineSocket;->setUseSessionTickets(Z)V (greylist-max-q,core-platform-api, reflection, denied)
12-31 17:18:43.382 32443  7550 W .quicksearchbo: Accessing hidden method Lcom/android/org/conscrypt/OpenSSLSocketImpl;->setUseSessionTickets(Z)V (greylist-max-q,core-platform-api, reflection, denied)
12-31 17:18:43.382 32443  7550 W .quicksearchbo: Accessing hidden method Lcom/android/org/conscrypt/AbstractConscryptSocket;->setUseSessionTickets(Z)V (greylist-max-q, reflection, denied)
12-31 17:18:43.382 32443  7550 W .quicksearchbo: Accessing hidden method Lcom/android/org/conscrypt/ConscryptEngineSocket;->setHostname(Ljava/lang/String;)V (greylist-max-q,core-platform-api, reflection, denied)
12-31 17:18:43.382 32443  7550 W .quicksearchbo: Accessing hidden method Lcom/android/org/conscrypt/OpenSSLSocketImpl;->setHostname(Ljava/lang/String;)V (greylist-max-q,core-platform-api, reflection, denied)
12-31 17:18:43.382 32443  7550 W .quicksearchbo: Accessing hidden method Lcom/android/org/conscrypt/AbstractConscryptSocket;->setHostname(Ljava/lang/String;)V (greylist-max-q, reflection, denied)
12-31 17:18:43.383 32443  7550 W .quicksearchbo: Accessing hidden method Lcom/android/org/conscrypt/OpenSSLSocketImpl;->setAlpnProtocols([B)V (greylist-max-q,core-platform-api, reflection, denied)
12-31 17:18:43.383 32443  7550 W .quicksearchbo: Accessing hidden method Lcom/android/org/conscrypt/AbstractConscryptSocket;->setAlpnProtocols([B)V (greylist-max-q, reflection, denied)
12-31 17:18:43.387  1797  7562 I DigitalAppUse.GameObtain: initNativeAppTypeList: packageName is com.qiyi.video packageType is 7
12-31 17:18:43.387  1797  7562 I DigitalAppUse.GameObtain: initNativeAppTypeList: packageName is com.heytap.health packageType is 7
12-31 17:18:43.387  1797  7562 I DigitalAppUse.GameObtain: initNativeAppTypeList: packageName is com.helichuanmei.jinshijiankang packageType is 7
12-31 17:18:43.387  1797  7562 I DigitalAppUse.GameObtain: initNativeAppTypeList: packageName is com.tencent.qqlive packageType is 7
12-31 17:18:43.387  1797  7562 I DigitalAppUse.GameObtain: initNativeAppTypeList: packageName is com.ss.android.article.news packageType is 7
12-31 17:18:43.387  1797  7562 I DigitalAppUse.GameObtain: initNativeAppTypeList: packageName is com.baidu.BaiduMap packageType is 7
12-31 17:18:43.387  1797  7562 I DigitalAppUse.GameObtain: initNativeAppTypeList: packageName is com.nearme.gamecenter packageType is 7
12-31 17:18:43.387  1797  7562 I DigitalAppUse.GameObtain: initNativeAppTypeList: packageName is com.ss.android.ugc.aweme packageType is 7
12-31 17:18:43.387  1797  7562 I DigitalAppUse.GameObtain: initNativeAppTypeList: packageName is com.tencent.mm packageType is 7
12-31 17:18:43.387  1797  7562 I DigitalAppUse.GameObtain: initNativeAppTypeList: packageName is com.alibaba.android.rimet packageType is 7
12-31 17:18:43.387  1797  7562 I DigitalAppUse.GameObtain: initNativeAppTypeList: packageName is com.tencent.mobileqq packageType is 7
12-31 17:18:43.387  1797  7562 I DigitalAppUse.GameObtain: initNativeAppTypeList: packageName is com.tencent.jkchess packageType is 8
12-31 17:18:43.387  1797  7562 I DigitalAppUse.GameObtain: initNativeAppTypeList: packageName is com.tencent.lolm packageType is 8
12-31 17:18:43.387  1797  7562 I DigitalAppUse.GameObtain: initNativeAppTypeList: packageName is io.iftech.android.box packageType is 7
12-31 17:18:43.387  1797  7562 I DigitalAppUse.GameObtain: initNativeAppTypeList: packageName is com.ruguoapp.jike packageType is 7
12-31 17:18:43.387  1797  7562 E Parcel  : Reading a NULL string not supported here.
12-31 17:18:43.390  5350  7605 E Parcel  : Reading a NULL string not supported here.
12-31 17:18:43.393  1797  7562 E Parcel  : Reading a NULL string not supported here.
12-31 17:18:43.404  1797  7562 E Parcel  : Reading a NULL string not supported here.
12-31 17:18:43.407 25153 25324 E Parcel  : Reading a NULL string not supported here.
12-31 17:18:43.411  1797  7562 E Parcel  : Reading a NULL string not supported here.
12-31 17:18:43.411  2410  2493 I honemanager:tm: WaitForGcToComplete blocked ProfileSaver on HeapTrim for 94.748ms
12-31 17:18:43.412  5018  7636 I NetworkManagementSocketTagger: tagSocketFd(-1, 805307399, -1) failed with errno-9
12-31 17:18:43.412  7574  7630 E Parcel  : Reading a NULL string not supported here.
12-31 17:18:43.416  5350  7605 E Parcel  : Reading a NULL string not supported here.
12-31 17:18:43.293  1329  1718 D PowerManagerService: setScreenBrightnessOverrideFromWindowManagerInternal brightness=NaN mScreenBrightnessOverrideFromWindowManager=NaN
12-31 17:18:43.417  1329  1329 W NotificationHistory: Attempted to add notif for locked/gone/disabled user 0
12-31 17:18:43.418  5350  7633 I System.out: zlib not compatible on this systemsystemValues size=38 incompatible size=8 base size=38
12-31 17:18:43.418  5350  7633 E market_check_upgrade: zlib is not compatible, remove arch patch
12-31 17:18:43.422 32443  7550 W .quicksearchbo: Accessing hidden method Lcom/android/org/conscrypt/OpenSSLSocketImpl;->getAlpnSelectedProtocol()[B (greylist-max-q,core-platform-api, reflection, denied)
12-31 17:18:43.422 32443  7550 W .quicksearchbo: Accessing hidden method Lcom/android/org/conscrypt/AbstractConscryptSocket;->getAlpnSelectedProtocol()[B (greylist-max-q, reflection, denied)
12-31 17:18:43.425 29410  7612 W cdo_md5 : refreshAllAppMd5: cost: 225 ,installed count: 383 ,white app count: 53 ,update count: 1 ,delete count: 0 ,checkUpgradeAfterMd5: false
12-31 17:18:43.427  5848   893 W Icing   : No valid account for uploading user actions
12-31 17:18:43.428  7574  7630 E Parcel  : Reading a NULL string not supported here.
12-31 17:18:43.429  1329  5369 D OppoUserManagerService: getMultiSystemUserId  res = -10000
12-31 17:18:43.434  1797  7562 E Parcel  : Reading a NULL string not supported here.
12-31 17:18:43.436  5350  7605 E Parcel  : Reading a NULL string not supported here.
12-31 17:18:43.440  5848  5871 I gle.android.gm: Background young concurrent copying GC freed 136060(7422KB) AllocSpace objects, 32(1280KB) LOS objects, 48% free, 9464KB/17MB, paused 78us total 133.446ms
12-31 17:18:43.440  5848  5871 W gle.android.gm: Reducing the number of considered missed Gc histogram windows from 340 to 100
12-31 17:18:43.445  1797  7562 E Parcel  : Reading a NULL string not supported here.
12-31 17:18:43.449  2788  2788 D InterruptionStateProvider: No bubble up: not allowed to bubble: 0|com.example.mytestapplication|101|null|10474
12-31 17:18:43.449  2788  2788 D InterruptionStateProvider: No heads up: unimportant notification: 0|com.example.mytestapplication|101|null|10474
12-31 17:18:43.451  2788  2788 D InterruptionStateProvider: No heads up: unimportant notification: 0|com.example.mytestapplication|101|null|10474
12-31 17:18:43.453  5350  7605 E Parcel  : Reading a NULL string not supported here.
12-31 17:18:43.458  5848   893 I Icing   : Usage reports ok 0, Failed Usage reports 0, indexed 0, rejected 0
12-31 17:18:43.462  1797  7562 E Parcel  : Reading a NULL string not supported here.
12-31 17:18:43.463  5350  7605 E Parcel  : Reading a NULL string not supported here.
12-31 17:18:43.475  1797  7562 E Parcel  : Reading a NULL string not supported here.
12-31 17:18:43.480  5350  7605 E Parcel  : Reading a NULL string not supported here.
12-31 17:18:43.481 31922  7631 I RoleControllerServiceImpl: Package is already a role holder, package: com.android.contacts, role: android.app.role.DIALER
12-31 17:18:43.490  1797  7562 E Parcel  : Reading a NULL string not supported here.
12-31 17:18:43.491  5350  7605 E Parcel  : Reading a NULL string not supported here.
12-31 17:18:43.500  5350  7605 E Parcel  : Reading a NULL string not supported here.
12-31 17:18:43.502  1797  7562 E Parcel  : Reading a NULL string not supported here.
12-31 17:18:43.509  5350  7605 E Parcel  : Reading a NULL string not supported here.
12-31 17:18:43.509 25181 25219 I [0]DCS-StrategyManager: isNeedUpload: false, type: 2006, appID: 20092, logTag: 20092, eventID: DX_coldstart_record
12-31 17:18:43.509 25181 25219 W [0]DCS  : Record event failed. DCS reject event: [appId=20092,logTag=20092,eventId=DX_coldstart_record] . Pls check server config.
12-31 17:18:43.509 25181 25219 I [0]DCS-StrategyManager: isNeedUpload: true, type: 2006, appID: 20082, logTag: 20082, eventID: notification_post
12-31 17:18:43.512 24828 32317 I chatty  : uid=10228(com.coloros.assistantscreen) pool-81-thread- expire 1 line
12-31 17:18:43.513  1797  7562 E Parcel  : Reading a NULL string not supported here.
12-31 17:18:43.519  5350  7605 E Parcel  : Reading a NULL string not supported here.
12-31 17:18:43.522  1797  7562 E Parcel  : Reading a NULL string not supported here.
12-31 17:18:43.528  5350  7605 E Parcel  : Reading a NULL string not supported here.
12-31 17:18:43.532  1797  7562 E Parcel  : Reading a NULL string not supported here.
12-31 17:18:43.535  3609  7617 D EventBus: No subscribers registered for event class com.coloros.deepthinker.common.proton.learn.schedule.a.c
12-31 17:18:43.535  3609  7617 D EventBus: No subscribers registered for event class org.greenrobot.eventbus.NoSubscriberEvent
12-31 17:18:43.539 24828 32321 I chatty  : uid=10228(com.coloros.assistantscreen) pool-81-thread- expire 1 line
12-31 17:18:43.540  5350  7605 E Parcel  : Reading a NULL string not supported here.
12-31 17:18:43.548  5350  7605 E Parcel  : Reading a NULL string not supported here.
12-31 17:18:43.550  1797  7562 E Parcel  : Reading a NULL string not supported here.
12-31 17:18:43.557  1797  7562 E Parcel  : Reading a NULL string not supported here.
12-31 17:18:43.564  1797  7562 E Parcel  : Reading a NULL string not supported here.
12-31 17:18:43.575  1797  7562 E Parcel  : Reading a NULL string not supported here.
12-31 17:18:43.576 31922  7631 I RoleControllerServiceImpl: Package is already a role holder, package: com.heytap.browser, role: android.app.role.BROWSER
12-31 17:18:43.583  1797  7562 E Parcel  : Reading a NULL string not supported here.
12-31 17:18:43.591  1797  7562 E Parcel  : Reading a NULL string not supported here.
12-31 17:18:43.593  5350  7605 W cdo_md5 : refresh all app: md5 and sign: compute: Md5DbItem{pkgName='com.example.mytestapplication', md5='bac19a846dda9945deb45fbc314d0f13', status='1_1640942321656_1640942321000', signList=[b93b9a2497234294edd00c139f05aebb]} ,cost: 38
12-31 17:18:43.593  5350  7650 W m.heytap.marke: Accessing hidden method Lcom/android/org/conscrypt/ConscryptEngineSocket;->setUseSessionTickets(Z)V (greylist-max-q,core-platform-api, reflection, denied)
12-31 17:18:43.593  5350  7650 W m.heytap.marke: Accessing hidden method Lcom/android/org/conscrypt/OpenSSLSocketImpl;->setUseSessionTickets(Z)V (greylist-max-q,core-platform-api, reflection, denied)
12-31 17:18:43.593  5350  7650 W m.heytap.marke: Accessing hidden method Lcom/android/org/conscrypt/AbstractConscryptSocket;->setUseSessionTickets(Z)V (greylist-max-q, reflection, denied)
12-31 17:18:43.593  5350  7650 W m.heytap.marke: Accessing hidden method Lcom/android/org/conscrypt/ConscryptEngineSocket;->setHostname(Ljava/lang/String;)V (greylist-max-q,core-platform-api, reflection, denied)
12-31 17:18:43.594  5350  7605 W cdo_md5 : refresh all app: cost: 432 ,installed count: 386 ,white app count: 94 ,update count: 1 ,delete count: 0 ,checkUpgradeAfterMd5: false
12-31 17:18:43.594  5350  7650 W m.heytap.marke: Accessing hidden method Lcom/android/org/conscrypt/OpenSSLSocketImpl;->setHostname(Ljava/lang/String;)V (greylist-max-q,core-platform-api, reflection, denied)
12-31 17:18:43.594  5350  7650 W m.heytap.marke: Accessing hidden method Lcom/android/org/conscrypt/AbstractConscryptSocket;->setHostname(Ljava/lang/String;)V (greylist-max-q, reflection, denied)
12-31 17:18:43.594  5350  7650 W m.heytap.marke: Accessing hidden method Lcom/android/org/conscrypt/OpenSSLSocketImpl;->setAlpnProtocols([B)V (greylist-max-q,core-platform-api, reflection, denied)
12-31 17:18:43.594  5350  7650 W m.heytap.marke: Accessing hidden method Lcom/android/org/conscrypt/AbstractConscryptSocket;->setAlpnProtocols([B)V (greylist-max-q, reflection, denied)
12-31 17:18:43.598  1797  7562 E Parcel  : Reading a NULL string not supported here.
12-31 17:18:43.608  1797  7562 E Parcel  : Reading a NULL string not supported here.
12-31 17:18:43.618 24828 24978 W AstScreen.AssistantSuggestionUtil: getExplicitActivityIntent, resolveInfo is not compatibale, return null Intent { act=android.intent.action.VIEW dat=amapuri://drive/takeTaxi?sourceApplication=oppokjtaxi }
12-31 17:18:43.618 24828 24978 I AstScreen.AsRouter: checkUrl
12-31 17:18:43.620 24828 24978 I AstScreen.AsRouter: checkUrl
12-31 17:18:43.620 24828 24978 W AstScreen.AssistantSuggestionUtil: getExplicitActivityIntent, resolveInfo is not compatibale, return null Intent { act=android.intent.action.VIEW dat=alipays://platformapi/startapp?appId=20000193&chInfo=ch_oppo_left&sceneCode=KF_CHANGSHANG&shareUserId=2088831084772226& partnerId=ch_oppo_left&pikshemo=YES }
12-31 17:18:43.620 24828 24978 I AstScreen.AsRouter: checkUrl
12-31 17:18:43.622 24828 24978 W AstScreen.AssistantSuggestionUtil: getExplicitActivityIntent, resolveInfo is not compatibale, return null Intent { act=android.intent.action.VIEW dat=alipays://platformapi/startapp?appId=2017103009621199&chInfo=ch_oppo_voice&sceneCode=KF_CHANGSHANG&shareUserId=2088831084772226&partnerId=ch_oppo_voice&pikshemo=YES }
12-31 17:18:43.622 24828 24978 I AstScreen.AsRouter: checkUrl
12-31 17:18:43.623 24828 24978 W AstScreen.AssistantSuggestionUtil: getExplicitActivityIntent, resolveInfo is not compatibale, return null Intent { act=android.intent.action.VIEW dat=amapuri://realtimeBus/home?from=oppokjbus }
12-31 17:18:43.624 24828 24978 I AstScreen.AsRouter: checkUrl
12-31 17:18:43.625 24828 24978 W AstScreen.AssistantSuggestionUtil: getExplicitActivityIntent, resolveInfo is not compatibale, return null Intent { act=android.intent.action.VIEW dat=alipays://platformapi/startapp?appId=77700152&chInfo=ch_oppo_left&sceneCode=KF_CHANGSHANG&shareUserId=2088831084772226&partnerId=ch_oppo_left&pikshemo=YES }
12-31 17:18:43.625 24828 24978 I AstScreen.AsRouter: checkUrl
12-31 17:18:43.626 24828 24978 I AstScreen.AsRouter: checkUrl
12-31 17:18:43.628  5350  7633 W market_check_upgrade: type: 3 ,request: cost: 210
12-31 17:18:43.628  5350  7633 W market_check_upgrade: type: 3 ,saveUpgradeInfo: 0 ,insert: 0 ,update: 0 ,filter: 0 ,invalid: 0 ,delList: 0 ,patchType: {} ,cost: 0
12-31 17:18:43.628  5350  7633 W market_check_upgrade: type: 3 ,checkUpgrade: cost: 290
12-31 17:18:43.629 24828 24978 I AstScreen.AsRouter: checkUrl
12-31 17:18:43.631 24828 24978 I AstScreen.AsRouter: checkUrl
12-31 17:18:43.633 24828 24978 W AstScreen.AssistantSuggestionUtil: getExplicitActivityIntent, resolveInfo is not compatibale, return null Intent { act=android.intent.action.VIEW dat=dianping://picassobox?picassoid=rankinglist-union/index-bundle.js&notitlebar=true&utm_source=oppo_fiyiping }
12-31 17:18:43.633 24828 24978 I AstScreen.AsRouter: checkUrl
12-31 17:18:43.639 25498  4405 D FloatWindowToastHelper: onConfigChange path=/oppoguardelf/app_traffic_deepsleep.xml selfChange=false userId:0
12-31 17:18:43.639 25498  4405 D FloatWindowToastHelper: currentUserid=0
12-31 17:18:43.639 24828 24978 W AstScreen.AssistantSuggestionUtil: getExplicitActivityIntent, resolveInfo is not compatibale, return null Intent { act=android.intent.action.VIEW dat=dianping://foodmain?target=foodmain&categoryid=10&utm_source=oppo }
12-31 17:18:43.640 24828 24978 I AstScreen.AsRouter: checkUrl
12-31 17:18:43.646 24828 24978 I AstScreen.AsRouter: checkUrl
12-31 17:18:43.647 25498  4405 D FloatWindowToastHelper: onConfigChange path=/oppoguardelf/app_traffic_deepsleep_start_time.xml selfChange=false userId:0
12-31 17:18:43.648 25498  4405 D FloatWindowToastHelper: currentUserid=0
12-31 17:18:43.647 24828 24978 I AstScreen.AsRouter: checkUrl
12-31 17:18:43.663 24828 24978 I AstScreen.AsRouter: checkUrl
12-31 17:18:43.663  5350  7650 W m.heytap.marke: Accessing hidden method Lcom/android/org/conscrypt/OpenSSLSocketImpl;->getAlpnSelectedProtocol()[B (greylist-max-q,core-platform-api, reflection, denied)
12-31 17:18:43.664  5350  7650 W m.heytap.marke: Accessing hidden method Lcom/android/org/conscrypt/AbstractConscryptSocket;->getAlpnSelectedProtocol()[B (greylist-max-q, reflection, denied)
12-31 17:18:43.664 24828 24978 I AstScreen.AsRouter: checkUrl
12-31 17:18:43.666 24828 24978 I AstScreen.AsRouter: checkUrl
12-31 17:18:43.671 24828 24978 W AstScreen.AssistantSuggestionUtil: getExplicitActivityIntent, resolveInfo is not compatibale, return null Intent { act=android.intent.action.VIEW dat=alipays://platformapi/startapp?appId=60000002&chInfo=ch_oppoLeft }
12-31 17:18:43.672 24828 24978 I AstScreen.AsRouter: checkUrl
12-31 17:18:43.673 24828 24978 W AstScreen.AssistantSuggestionUtil: getExplicitActivityIntent, resolveInfo is not compatibale, return null Intent { act=android.intent.action.VIEW dat=alipays://platformapi/startapp?appId=66666674&chInfo=ch_oppoLeft }
12-31 17:18:43.674 24828 24978 I AstScreen.AsRouter: checkUrl
12-31 17:18:43.676 24828 24978 W AstScreen.AssistantSuggestionUtil: getExplicitActivityIntent, resolveInfo is not compatibale, return null Intent { act=android.intent.action.VIEW dat=sinaweibo://pageinfo?containerid=106003type=25&t=3&disable_hot=1&filter_type=realtimehot&title=&extparam=filter_type=realtimehot&mi_cid=100103&&luicode=10000628&lfid=oppo_kfw_realtimehot&wm=9009_90028&finish=true }
12-31 17:18:43.677 24828 24978 I AstScreen.AsRouter: checkUrl
12-31 17:18:43.681 24828 24978 I AstScreen.AsRouter: checkUrl
12-31 17:18:43.681 24828 24978 W AstScreen.AssistantSuggestionUtil: getExplicitActivityIntent, resolveInfo is not compatibale, return null Intent { act=android.intent.action.VIEW dat=qqmusic://qq.com/ui/myTab?p={"tab":"history","direct_play":"true"}&source=https://y.qq.com/m/index.html?ADTAG=hz_cs_OPPOzhiling2 }
12-31 17:18:43.682 24828 24978 I AstScreen.AsRouter: checkUrl
12-31 17:18:43.682 24828 24978 W AstScreen.AssistantSuggestionUtil: getExplicitActivityIntent, resolveInfo is not compatibale, return null Intent { act=android.intent.action.VIEW dat=qqmusic://qq.com/ui/myTab?p={"tab":"local","direct_play":"true"}&source=https://y.qq.com/m/index.html?ADTAG=hz_cs_OPPOzhiling1 }
12-31 17:18:43.682 24828 24978 I AstScreen.AsRouter: checkUrl
12-31 17:18:43.683 24828 24978 W AstScreen.AssistantSuggestionUtil: getExplicitActivityIntent, resolveInfo is not compatibale, return null Intent { act=android.intent.action.VIEW dat=qqmusic://qq.com/ui/search?p={"type":"--","query":""}&source=https://y.qq.com/m/index.html?ADTAG=hz_cs_OPPOzhiling3 }
12-31 17:18:43.683 24828 24978 I AstScreen.AsRouter: checkUrl
12-31 17:18:43.684 24828 24978 W AstScreen.AssistantSuggestionUtil: getExplicitActivityIntent, resolveInfo is not compatibale, return null Intent { act=android.intent.action.VIEW dat=qqmusic://qq.com/ui/recognize?p={}&source=https://y.qq.com/m/index.html?ADTAG=hz_cs_OPPOzhiling4 }
12-31 17:18:43.684 24828 24978 I AstScreen.AsRouter: checkUrl
12-31 17:18:43.685 24828 24978 W AstScreen.AssistantSuggestionUtil: getExplicitActivityIntent, resolveInfo is not compatibale, return null Intent { act=android.intent.action.VIEW dat=youku://usercenter/openDownloaded?source=oppoHiBoard }
12-31 17:18:43.685 24828 24978 I AstScreen.AsRouter: checkUrl
12-31 17:18:43.686 24828 24978 W AstScreen.AssistantSuggestionUtil: getExplicitActivityIntent, resolveInfo is not compatibale, return null Intent { act=android.intent.action.VIEW dat=youku://usercenter/openHistory?source=oppoHiBoard }
12-31 17:18:43.686 24828 24978 I AstScreen.AsRouter: checkUrl
12-31 17:18:43.687 24828 24978 W AstScreen.AssistantSuggestionUtil: getExplicitActivityIntent, resolveInfo is not compatibale, return null Intent { act=android.intent.action.VIEW dat=youku://soku/search?source=oppoHiBoard }
12-31 17:18:43.687 24828 24978 I AstScreen.AsRouter: checkUrl
12-31 17:18:43.690 24828 24978 I AstScreen.AsRouter: checkUrl
12-31 17:18:43.690 24828 24978 W AstScreen.AssistantSuggestionUtil: getExplicitActivityIntent, resolveInfo is not compatibale, return null Intent { act=android.intent.action.VIEW dat=kwai://tube/square?handpickTubeIds=3_5_7&pageType=1&openFrom=oppo_xxl_lh_kuaijie1 }
12-31 17:18:43.690 24828 24978 I AstScreen.AsRouter: checkUrl
12-31 17:18:43.691 24828 24978 W AstScreen.AssistantSuggestionUtil: getExplicitActivityIntent, resolveInfo is not compatibale, return null Intent { act=android.intent.action.VIEW dat=kwai://rank/aggregation?type=1&openFrom=oppo_xxl_lh_kuaijie2 }
12-31 17:18:43.691 24828 24978 I AstScreen.AsRouter: checkUrl
12-31 17:18:43.691 24828 24978 W AstScreen.AssistantSuggestionUtil: getExplicitActivityIntent, resolveInfo is not compatibale, return null Intent { act=android.intent.action.VIEW dat=alipays://platformapi/startapp?appId=60000002&chInfo=ch_oppoLeft }
12-31 17:18:43.692 24828 24978 I AstScreen.AsRouter: checkUrl
12-31 17:18:43.692 24828 24978 W AstScreen.AssistantSuggestionUtil: getExplicitActivityIntent, resolveInfo is not compatibale, return null Intent { act=android.intent.action.VIEW dat=alipays://platformapi/startapp?appId=66666674&chInfo=ch_oppoLeft }
12-31 17:18:43.692 24828 24978 I AstScreen.AsRouter: checkUrl
12-31 17:18:43.693 24828 24978 W AstScreen.AssistantSuggestionUtil: getExplicitActivityIntent, resolveInfo is not compatibale, return null Intent { act=android.intent.action.VIEW dat=sinaweibo://pageinfo?containerid=106003type=25&t=3&disable_hot=1&filter_type=realtimehot&title=&extparam=filter_type=realtimehot&mi_cid=100103&&luicode=10000628&lfid=oppo_kfw_realtimehot&wm=9009_90028&finish=true }
12-31 17:18:43.693 24828 24978 I AstScreen.AsRouter: checkUrl
12-31 17:18:43.696 24828 24978 I AstScreen.AsRouter: checkUrl
12-31 17:18:43.696 24828 24978 W AstScreen.AssistantSuggestionUtil: getExplicitActivityIntent, resolveInfo is not compatibale, return null Intent { act=android.intent.action.VIEW dat=qqmusic://qq.com/ui/myTab?p={"tab":"history","direct_play":"true"}&source=https://y.qq.com/m/index.html?ADTAG=hz_cs_OPPOzhiling2 }
12-31 17:18:43.696 24828 24978 I AstScreen.AsRouter: checkUrl
12-31 17:18:43.697 24828 24978 W AstScreen.AssistantSuggestionUtil: getExplicitActivityIntent, resolveInfo is not compatibale, return null Intent { act=android.intent.action.VIEW dat=qqmusic://qq.com/ui/myTab?p={"tab":"local","direct_play":"true"}&source=https://y.qq.com/m/index.html?ADTAG=hz_cs_OPPOzhiling1 }
12-31 17:18:43.697 24828 24978 I AstScreen.AsRouter: checkUrl
